Method/N	1024	2048	4096	8192	16384	32768	65536	131072
target map(tofrom: a) [threads=32 teams=64]
	32.5±2.8	34.7±0.3	43.9±0.2	63.3±0.3	94.1±0.3	153.5±0.6	281.1±0.5	657.4±3.8
target map(to: a) [threads=32 teams=64]
	20.9±0.2	23.8±0.1	28.8±0.2	42.9±0.2	59.8±0.6	93.5±0.5	160.2±0.9	426.4±2.8
target map(from: a) [threads=32 teams=64]
	28.5±0.1	30.5±0.2	34.9±0.3	43.9±0.5	61.6±0.5	92.3±0.4	160.6±0.9	437.5±0.8
target map(alloc: a) [threads=32 teams=64]
	18.9±0.2	19.0±0.2	18.9±0.2	19.1±0.2	19.0±0.1	19.0±0.2	19.0±0.1	114.2±1.7
target [threads=32 teams=64]
	30.2±0.3	34.8±0.3	43.9±0.3	63.0±0.3	93.5±0.4	153.9±0.6	280.5±1.0	649.2±1.4
target te ams [threads=32 teams=64]
	6319.1±2.4	6319.4±4.4	6323.4±2.4	6322.2±3.4	6338.6±1.2	6348.2±2.2	6364.4±1.7	6410.8±2.3
target nowait [threads=32 teams=64]
	30.8±0.5	35.0±0.1	44.3±0.4	64.1±0.1	94.7±0.4	155.7±1.0	285.6±1.2	671.5±3.7
target map(to: a[0:N]) [threads=32 teams=64]
	21.7±0.2	23.7±0.3	29.0±0.2	43.1±0.1	60.0±0.4	94.2±0.2	161.2±1.5	431.1±1.7
target map(tofrom: a[0:N]) [threads=32 teams=64]
	30.7±0.1	34.8±0.3	44.2±0.2	63.8±0.3	94.5±0.6	155.1±0.1	284.9±0.6	649.1±2.2
num_teams(8) thread_limit(256) [threads=32 teams=64]
	160.1±1.6	164.7±0.7	173.4±1.3	195.4±1.3	232.5±1.8	300.8±1.1	439.0±2.0	700.4±6.2
Finalizing benchmark.
