Method/N	1024	2048	4096	8192	16384	32768	65536	131072
target map(tofrom: a) [threads=32 teams=64]
	25.2±0.3	27.9±0.1	36.7±0.2	51.4±0.1	85.1±0.2	145.8±0.4	275.9±1.3	535.4±4.8
target map(to: a) [threads=32 teams=64]
	16.0±0.1	17.7±0.0	22.9±0.1	31.6±0.2	52.7±0.3	86.9±0.2	149.9±0.2	288.1±1.0
target map(from: a) [threads=32 teams=64]
	21.5±0.3	23.8±0.1	28.6±0.1	37.6±0.2	56.6±0.4	93.4±0.6	169.9±0.3	291.0±0.7
target map(alloc: a) [threads=32 teams=64]
	12.8±0.2	12.4±0.2	12.8±0.1	12.4±0.0	12.7±0.1	12.5±0.2	12.7±0.1	12.6±0.1
target [threads=32 teams=64]
	24.3±0.4	27.6±0.1	36.2±0.2	50.6±0.3	83.0±0.4	141.8±0.4	268.5±0.5	513.4±4.1
target te ams [threads=32 teams=64]
	54.1±0.2	58.1±0.2	66.7±0.3	81.6±0.2	114.2±1.1	175.6±4.0	305.8±1.6	548.8±3.8
target nowait [threads=32 teams=64]
	28.5±0.4	32.2±0.2	37.5±0.5	50.4±0.3	70.4±0.8	112.5±0.5	212.4±0.7	434.7±0.8
target map(to: a[0:N]) [threads=32 teams=64]
	15.9±0.1	17.7±0.1	22.8±0.2	31.5±0.1	52.5±0.4	87.5±0.2	150.6±0.9	289.0±1.0
target map(tofrom: a[0:N]) [threads=32 teams=64]
	24.1±0.2	28.2±0.3	36.6±0.1	50.7±0.1	83.2±0.3	142.2±0.4	266.9±0.8	503.2±0.5
num_teams(8) thread_limit(256) [threads=32 teams=64]
	22.5±0.3	26.7±0.4	35.2±0.3	49.9±0.1	82.3±0.3	140.5±0.2	267.5±0.9	507.9±2.1
Finalizing benchmark.
