Method/N	1024	2048	4096	8192	16384	32768	65536	131072	262144	524288
target map(tofrom: a) [threads=32 teams=64]
	25.6±0.7	28.3±0.2	36.5±0.2	52.0±0.3	85.5±0.3	146.6±0.1	272.8±0.8	519.9±5.1	844.7±10.6	1527.5±22.0
target map(to: a) [threads=32 teams=64]
	16.0±0.2	17.7±0.1	22.4±0.2	31.9±0.1	51.9±0.2	87.6±0.3	150.8±1.2	288.9±0.4	483.5±1.5	779.5±3.4
target map(from: a) [threads=32 teams=64]
	20.9±0.2	23.0±0.2	26.9±0.0	35.3±0.1	51.5±0.3	85.2±0.4	153.1±0.7	292.0±1.7	483.4±1.5	873.2±3.5
target map(alloc: a) [threads=32 teams=64]
	12.6±0.2	12.7±0.1	12.1±0.2	12.6±0.1	12.2±0.3	12.5±0.2	12.2±0.2	12.3±0.1	12.3±0.1	12.1±0.2
target [threads=32 teams=64]
	23.9±0.4	27.8±0.2	36.1±0.2	51.1±0.2	83.6±0.3	142.8±0.4	271.1±0.8	527.4±4.5	857.2±9.6	1497.8±9.9
target teams [threads=32 teams=64]
	54.3±0.3	59.8±0.4	68.0±0.1	83.1±0.3	115.7±0.6	172.8±1.1	300.0±1.0	544.9±3.3	867.5±9.1	1531.0±8.4
target nowait [threads=32 teams=64]
	28.5±0.5	32.7±0.2	37.5±0.4	53.3±0.7	72.7±0.5	119.3±1.5	219.6±0.6	451.6±0.8	910.7±1.5	1827.3±0.2
target map(to: a[0:N]) [threads=32 teams=64]
	15.8±0.2	17.9±0.0	22.4±0.1	32.0±0.1	51.8±0.6	87.9±0.5	151.0±0.7	291.4±0.8	486.2±2.1	874.5±3.6
target map(tofrom: a[0:N]) [threads=32 teams=64]
	24.3±0.2	27.9±0.2	36.2±0.1	51.4±0.4	83.6±0.6	143.9±0.2	272.7±0.7	507.8±1.3	820.7±3.3	1469.8±5.9
num_teams(8) thread_limit(256) [threads=32 teams=64]
	22.8±0.3	27.4±0.3	35.7±0.0	50.6±0.2	82.9±0.5	142.5±0.9	270.6±1.5	505.9±0.7	852.5±39.5	1536.7±9.9
Finalizing benchmark.
