Method/N	1024	2048	4096	8192	16384	32768	65536	131072
target teams parallel [threads=32 teams=16]
	25.1±0.9	38.0±0.2	64.8±0.1	119.0±0.1	226.0±0.4	439.8±0.4	858.9±0.9	1693.7±5.0
target teams parallel [threads=32 teams=32]
	19.6±0.3	24.0±0.3	32.9±0.2	50.1±0.2	86.6±0.6	155.7±0.3	286.6±1.3	550.4±11.4
target teams parallel [threads=32 teams=64]
	19.7±0.2	23.8±0.2	32.6±0.2	48.4±0.2	82.5±0.2	149.7±0.3	280.5±0.7	529.6±2.3
target teams parallel [threads=128 teams=16]
	10.6±0.3	14.7±0.2	16.4±0.3	16.2±1.0	15.3±1.6	13.7±1.1	-5.6±3.4	-43.1±6.3
target teams parallel [threads=128 teams=32]
	10.6±0.3	14.8±0.4	23.7±0.2	32.9±0.2	50.6±0.3	83.6±1.3	136.3±1.2	255.6±3.4
target teams parallel [threads=128 teams=64]
	10.6±0.3	14.8±0.4	23.8±0.3	39.0±0.3	66.5±0.3	115.5±0.3	203.5±0.2	380.6±1.6
target teams parallel [threads=512 teams=16]
	17.3±0.4	21.2±0.7	29.6±0.5	44.5±0.1	79.5±0.5	152.9±1.4	279.5±1.2	528.3±3.8
target teams parallel [threads=512 teams=32]
	17.3±0.5	20.9±0.1	29.6±0.4	44.8±0.2	76.6±0.3	135.7±1.1	257.2±1.0	507.4±3.9
target teams parallel [threads=512 teams=64]
	17.1±0.2	20.7±0.2	29.5±0.3	44.6±0.3	76.7±0.4	147.8±0.5	266.4±0.4	510.1±1.5
target teams parallel [threads=2048 teams=16]
	19.9±0.3	24.0±0.2	32.5±0.2	47.9±0.1	81.1±0.3	144.9±0.5	267.3±0.5	523.9±13.8
target teams parallel [threads=2048 teams=32]
	19.9±0.3	23.8±0.2	32.6±0.3	47.9±0.1	81.4±0.4	146.2±0.4	268.1±0.8	517.7±3.9
target teams parallel [threads=2048 teams=64]
	19.7±0.1	24.0±0.1	32.6±0.2	47.9±0.0	81.5±0.4	146.2±0.2	272.1±0.7	520.9±6.1
target teams parallel [threads=8192 teams=16]
	19.7±0.2	23.8±0.1	32.7±0.1	47.8±0.2	81.3±0.3	144.9±0.4	267.7±0.4	512.5±3.5
target teams parallel [threads=8192 teams=32]
	19.7±0.1	23.9±0.2	32.7±0.1	48.0±0.2	81.4±0.5	145.9±0.3	268.5±1.0	517.0±3.8
target teams parallel [threads=8192 teams=64]
	19.7±0.3	23.9±0.0	32.8±0.2	47.8±0.2	81.2±0.3	145.9±0.6	270.8±0.9	525.0±1.2
target teams parallel [threads=32768 teams=16]
	19.8±0.2	23.8±0.2	32.5±0.1	47.7±0.2	81.3±0.4	144.9±0.3	267.1±0.3	514.6±3.1
target teams parallel [threads=32768 teams=32]
	19.7±0.3	23.8±0.3	32.7±0.2	47.9±0.2	81.3±0.3	146.8±1.0	268.8±0.9	521.4±4.9
target teams parallel [threads=32768 teams=64]
	19.7±0.2	23.8±0.1	32.6±0.1	47.8±0.1	81.1±0.5	146.3±0.3	270.4±0.4	519.4±2.5
Finalizing benchmark.
