Running COSMA5 MI300X OpenMP benchmark groups...

===== [M1to4] Method=1,2,3,4 N=1,4,16,64,256,1024,4096,8192,16382,32768,65536 Delay=1,8096 =====
THREADS=64 TEAMS=304
Plot skipped for M1to4_1to8096_20260429_141730 because csv/txt missing.

===== [M5] Method=5 N=16382 Delay=1,8096 =====
THREADS=64 TEAMS=304
Plot skipped for M5_1to8096_20260429_141730 because csv/txt missing.

===== [M5] Method=5 N=16382 Delay=512,262144 =====
THREADS=64 TEAMS=304
Plot skipped for M5_512to262144_20260429_141730 because csv/txt missing.

===== [M6] Method=6 N=16382 Delay=1,8096 =====
THREADS=64 TEAMS=304
Plot skipped for M6_1to8096_20260429_141730 because csv/txt missing.

===== [M6] Method=6 N=16382 Delay=512,262144 =====
THREADS=64 TEAMS=304
Plot skipped for M6_512to262144_20260429_141730 because csv/txt missing.

===== [M7] Method=7 N=16382 Delay=1,8096 =====
THREADS=64 TEAMS=304
Plot skipped for M7_1to8096_20260429_141730 because csv/txt missing.

===== [M7] Method=7 N=16382 Delay=512,262144 =====
THREADS=64 TEAMS=304
Plot skipped for M7_512to262144_20260429_141730 because csv/txt missing.

===== [M8to9] Method=8,9 N=16,64,256,1024,4096,8192,16382 Delay=1,8096 =====
THREADS=64 TEAMS=304
Plot skipped for M8to9_1to8096_20260429_141730 because csv/txt missing.

===== [M8to9] Method=8,9 N=16,64,256,1024,4096,8192,16382 Delay=512,262144 =====
THREADS=64 TEAMS=304
Plot skipped for M8to9_512to262144_20260429_141730 because csv/txt missing.

===== [M10to11] Method=10,11 N=16382 Delay=1,8096 =====
THREADS=64 TEAMS=304
Plot skipped for M10to11_1to8096_20260429_141730 because csv/txt missing.

===== [M10to11] Method=10,11 N=16382 Delay=512,262144 =====
THREADS=64 TEAMS=304
Plot skipped for M10to11_512to262144_20260429_141730 because csv/txt missing.

All COSMA5 MI300X benchmark groups completed.
Results saved under result/COSMA5_Output/OpenMP
