Running COSMA5 MI300X OpenMP benchmark groups...

===== [M0_M10] Method=0,10 N=16384 Delay=1,8096 =====
THREADS=64 TEAMS=304
Adjusted limits: MAX_ITER=19456 (default=6656, max threads*teams=19456, max N=16384), MAX_ARRAY_SIZE=65536 (default=65536)
========== Runtime Configuration ==========
Methods       : 0, 10
Delay range   : [1, 8096]
Array size(s) : 16384
thread_count(s): 64
team_count(s) : 304
MAX_ITER      : 19456  (kernel workload)
MAX_ARRAY_SIZE: 65536  (mapping/memory space)
NUM_SAMPLES   : 20
OUTERREPS     : 1
WARMUP_ITERS  : 10
BENCHMARK_SETS: 2
BENCHMARK_RUNS: 5
==========================================
There are  1 available devices
Host device is 1
Initializing benchmark runtime environment...

========== Benchmark Execution ==========
Method/N                                                    16384
                                           BIC intercept | lowest
pure delay kernel                      -0.008±0.011      |      0.000±0.000     
teams parallel                        376.594±7.367      |    380.421±2.939     
==========================================
Finalizing benchmark.
Plotting M0_M10_1to8096_20260513_085948 ...
/var/slurm/slurmd/job11056377/slurm_script: line 87: /cosma/home/do018/dc-tu2/microbenchmark/.venv/bin/python: No such file or directory

===== [M1to4] Method=1,2,3,4 N=1,4,16,64,256,1024,4096,16384,65536,262144,1048576,4194304,16777216 Delay=1,8096 =====
THREADS=64 TEAMS=304
Adjusted limits: MAX_ITER=16777216 (default=6656, max threads*teams=19456, max N=16777216), MAX_ARRAY_SIZE=16777216 (default=65536)
========== Runtime Configuration ==========
Methods       : 1, 2, 3, 4
Delay range   : [1, 8096]
Array size(s) : 1, 4, 16, 64, 256, 1024, 4096, 16384, 65536, 262144, 1048576, 4194304, 16777216
thread_count(s): 64
team_count(s) : 304
MAX_ITER      : 16777216  (kernel workload)
MAX_ARRAY_SIZE: 16777216  (mapping/memory space)
NUM_SAMPLES   : 20
OUTERREPS     : 1
WARMUP_ITERS  : 10
BENCHMARK_SETS: 2
BENCHMARK_RUNS: 5
==========================================
There are  1 available devices
Host device is 1
Initializing benchmark runtime environment...

========== Benchmark Execution ==========
Method/N                                                        1                             4                            16                            64                           256                          1024                          4096                         16384                         65536                        262144                       1048576                       4194304                      16777216
                                           BIC intercept | lowest        BIC intercept | lowest        BIC intercept | lowest        BIC intercept | lowest        BIC intercept | lowest        BIC intercept | lowest        BIC intercept | lowest        BIC intercept | lowest        BIC intercept | lowest        BIC intercept | lowest        BIC intercept | lowest        BIC intercept | lowest        BIC intercept | lowest
map(tofrom: a)                        220.015±9.781      |    215.870±0.170        214.420±7.284      |    215.890±0.211        214.967±7.977      |    215.913±0.255        235.805±65.316     |    216.299±0.270        218.971±4.460      |    218.904±0.265        223.255±7.838      |    220.912±0.254        228.765±7.233      |    231.552±0.504        225.573±6.331      |    225.788±0.477        240.629±4.731      |    241.290±0.109        293.491±6.728      |    293.404±6.121        515.066±6.972      |    515.587±0.089       1494.236±10.120     |   1491.942±1.045       5394.118±8.897      |   5390.710±1.332     
map(to: a)                            212.134±5.642      |    208.749±0.266        211.327±7.196      |    208.817±0.142        208.773±8.746      |    208.751±0.192        210.734±6.628      |    208.941±0.135        212.161±5.896      |    209.025±0.125        211.978±6.726      |    209.275±0.216        213.005±8.185      |    210.779±0.168        214.456±7.767      |    216.640±0.081        223.698±7.403      |    224.062±0.132        254.032±8.447      |    252.174±0.154        335.375±5.455      |    334.826±0.566        792.335±8.212      |    790.163±0.480       2611.036±6.516      |   2608.880±0.737     
map(from: a)                          211.899±4.865      |    210.830±0.083        210.970±6.550      |    210.688±0.096        209.291±8.233      |    210.838±0.181        210.464±5.783      |    211.112±0.107        213.964±6.785      |    213.083±0.162        215.435±10.002     |    213.590±0.124        215.340±6.659      |    215.609±0.194        214.236±6.529      |    213.856±0.062        220.593±5.459      |    221.556±0.159        251.626±4.985      |    251.888±0.175        341.751±7.210      |    341.965±0.131        823.934±10.716     |    824.344±0.150       2758.396±6.557      |   2757.058±0.262     
map(alloc: a)                         206.205±5.053      |    202.829±0.103        205.708±5.895      |    202.782±0.159        204.937±7.139      |    202.782±0.105        204.804±6.135      |    202.850±0.087        208.287±8.085      |    202.658±0.132        208.231±9.446      |    202.475±0.132        205.600±6.681      |    202.698±0.124        204.230±6.787      |    202.643±0.113        204.989±5.730      |    202.609±0.179        206.095±4.228      |    202.436±0.151        205.820±5.706      |    202.661±0.101        207.537±8.494      |    202.632±0.143        205.638±4.833      |    202.520±0.107     
==========================================
Finalizing benchmark.
Plotting M1to4_1to8096_20260513_085948 ...
/var/slurm/slurmd/job11056377/slurm_script: line 87: /cosma/home/do018/dc-tu2/microbenchmark/.venv/bin/python: No such file or directory

===== [M5] Method=5 N=16384 Delay=1,8096 =====
THREADS=64 TEAMS=304
Adjusted limits: MAX_ITER=19456 (default=6656, max threads*teams=19456, max N=16384), MAX_ARRAY_SIZE=65536 (default=65536)
========== Runtime Configuration ==========
Methods       : 5
Delay range   : [1, 8096]
Array size(s) : 16384
thread_count(s): 64
team_count(s) : 304
MAX_ITER      : 19456  (kernel workload)
MAX_ARRAY_SIZE: 65536  (mapping/memory space)
NUM_SAMPLES   : 20
OUTERREPS     : 1
WARMUP_ITERS  : 10
BENCHMARK_SETS: 2
BENCHMARK_RUNS: 5
==========================================
There are  1 available devices
Host device is 1
Initializing benchmark runtime environment...

========== Benchmark Execution ==========
Method/N                                                    16384
                                           BIC intercept | lowest
teams (scalar)                        269.059±5.178      |    274.799±1.170     
==========================================
Finalizing benchmark.
Plotting M5_1to8096_20260513_085948 ...
/var/slurm/slurmd/job11056377/slurm_script: line 87: /cosma/home/do018/dc-tu2/microbenchmark/.venv/bin/python: No such file or directory

===== [M6] Method=6 N=16384 Delay=1,8096 =====
THREADS=64 TEAMS=304
Adjusted limits: MAX_ITER=19456 (default=6656, max threads*teams=19456, max N=16384), MAX_ARRAY_SIZE=65536 (default=65536)
========== Runtime Configuration ==========
Methods       : 6
Delay range   : [1, 8096]
Array size(s) : 16384
thread_count(s): 64
team_count(s) : 304
MAX_ITER      : 19456  (kernel workload)
MAX_ARRAY_SIZE: 65536  (mapping/memory space)
NUM_SAMPLES   : 20
OUTERREPS     : 1
WARMUP_ITERS  : 10
BENCHMARK_SETS: 2
BENCHMARK_RUNS: 5
==========================================
There are  1 available devices
Host device is 1
Initializing benchmark runtime environment...

========== Benchmark Execution ==========
Method/N                                                    16384
                                           BIC intercept | lowest
teams distribute parallel for         298.837±4.135      |    298.710±2.360     
==========================================
Finalizing benchmark.
Plotting M6_1to8096_20260513_085948 ...
/var/slurm/slurmd/job11056377/slurm_script: line 87: /cosma/home/do018/dc-tu2/microbenchmark/.venv/bin/python: No such file or directory

===== [M7] Method=7 N=16384 Delay=1,8096 =====
THREADS=64 TEAMS=304
Adjusted limits: MAX_ITER=19456 (default=6656, max threads*teams=19456, max N=16384), MAX_ARRAY_SIZE=65536 (default=65536)
========== Runtime Configuration ==========
Methods       : 7
Delay range   : [1, 8096]
Array size(s) : 16384
thread_count(s): 64
team_count(s) : 304
MAX_ITER      : 19456  (kernel workload)
MAX_ARRAY_SIZE: 65536  (mapping/memory space)
NUM_SAMPLES   : 20
OUTERREPS     : 1
WARMUP_ITERS  : 10
BENCHMARK_SETS: 2
BENCHMARK_RUNS: 5
==========================================
There are  1 available devices
Host device is 1
Initializing benchmark runtime environment...

========== Benchmark Execution ==========
Method/N                                                    16384
                                           BIC intercept | lowest
nowait                                208.290±13.878     |    201.693±0.142     
==========================================
Finalizing benchmark.
Plotting M7_1to8096_20260513_085948 ...
/var/slurm/slurmd/job11056377/slurm_script: line 87: /cosma/home/do018/dc-tu2/microbenchmark/.venv/bin/python: No such file or directory

===== [M8to9] Method=8 N=1,2,4,8,16,32,64 Delay=1,8096 =====
THREADS=64 TEAMS=304
Adjusted limits: MAX_ITER=19456 (default=6656, max threads*teams=19456, max N=64), MAX_ARRAY_SIZE=65536 (default=65536)
========== Runtime Configuration ==========
Methods       : 8
Delay range   : [1, 8096]
Array size(s) : 1, 2, 4, 8, 16, 32, 64
thread_count(s): 64
team_count(s) : 304
MAX_ITER      : 19456  (kernel workload)
MAX_ARRAY_SIZE: 65536  (mapping/memory space)
NUM_SAMPLES   : 20
OUTERREPS     : 1
WARMUP_ITERS  : 10
BENCHMARK_SETS: 2
BENCHMARK_RUNS: 5
==========================================
There are  1 available devices
Host device is 1
Initializing benchmark runtime environment...

========== Benchmark Execution ==========
Method/N                                                        1                             2                             4                             8                            16                            32                            64
                                           BIC intercept | lowest        BIC intercept | lowest        BIC intercept | lowest        BIC intercept | lowest        BIC intercept | lowest        BIC intercept | lowest        BIC intercept | lowest
teams atomic                          350.516±8.623      |    455.319±0.472        291.554±2.803      |    358.424±0.529        272.966±2.791      |    310.385±0.580        271.287±2.213      |    302.159±0.815        270.483±3.837      |    285.221±0.800        274.428±9.423      |    280.284±0.793        271.096±2.105      |    276.304±1.062     
==========================================
Finalizing benchmark.
Plotting M8to9_1to8096_20260513_085948 ...
/var/slurm/slurmd/job11056377/slurm_script: line 87: /cosma/home/do018/dc-tu2/microbenchmark/.venv/bin/python: No such file or directory

===== [M11_parreps] Method=11 N=1,2,4,8,16,32,64,128 Delay=1,8096 =====
THREADS=64 TEAMS=304
Adjusted limits: MAX_ITER=19456 (default=6656, max threads*teams=19456, max N=128), MAX_ARRAY_SIZE=65536 (default=65536)
========== Runtime Configuration ==========
Methods       : 11
Delay range   : [1, 8096]
Array size(s) : 1, 2, 4, 8, 16, 32, 64, 128
thread_count(s): 64
team_count(s) : 304
MAX_ITER      : 19456  (kernel workload)
MAX_ARRAY_SIZE: 65536  (mapping/memory space)
NUM_SAMPLES   : 20
OUTERREPS     : 1
WARMUP_ITERS  : 10
BENCHMARK_SETS: 2
BENCHMARK_RUNS: 5
==========================================
There are  1 available devices
Host device is 1
Initializing benchmark runtime environment...

========== Benchmark Execution ==========
Method/N                                                        1                             2                             4                             8                            16                            32                            64                           128
                                           BIC intercept | lowest        BIC intercept | lowest        BIC intercept | lowest        BIC intercept | lowest        BIC intercept | lowest        BIC intercept | lowest        BIC intercept | lowest        BIC intercept | lowest
teams + parallel inside               412.648±6.692      |    415.895±1.834        436.816±13.318     |    438.614±2.920        470.363±8.872      |    484.195±2.534        537.418±4.459      |    577.106±4.310        677.242±6.069      |    765.244±8.806        949.635±6.933      |   1139.170±22.485      1514.610±14.556     |   1936.954±68.117      2591.192±29.250     |   3568.568±135.394   
==========================================
Finalizing benchmark.
Plotting M11_parreps_1to8096_20260513_085948 ...
/var/slurm/slurmd/job11056377/slurm_script: line 87: /cosma/home/do018/dc-tu2/microbenchmark/.venv/bin/python: No such file or directory

All COSMA5 MI300X benchmark groups completed.
Results saved under result/COSMA5_Output/OpenMP
