Running EIDF H200 NVHPC OpenMP benchmark groups...
SET UP H200 configuration NVIDIA H200 NVHPC=====
THREADS=32
TEAMS=132
Sun May 24 09:18:55 2026       
+-----------------------------------------------------------------------------------------+
| NVIDIA-SMI 570.124.06             Driver Version: 570.124.06     CUDA Version: 12.8     |
|-----------------------------------------+------------------------+----------------------+
| GPU  Name                 Persistence-M | Bus-Id          Disp.A | Volatile Uncorr. ECC |
| Fan  Temp   Perf          Pwr:Usage/Cap |           Memory-Usage | GPU-Util  Compute M. |
|                                         |                        |               MIG M. |
|=========================================+========================+======================|
|   0  NVIDIA H200                    Off |   00000000:0E:00.0 Off |                    0 |
| N/A   27C    P0             76W /  700W |       1MiB / 143771MiB |      0%      Default |
|                                         |                        |             Disabled |
+-----------------------------------------+------------------------+----------------------+
                                                                                         
+-----------------------------------------------------------------------------------------+
| Processes:                                                                              |
|  GPU   GI   CI              PID   Type   Process name                        GPU Memory |
|        ID   ID                                                               Usage      |
|=========================================================================================|
|  No running processes found                                                             |
+-----------------------------------------------------------------------------------------+
=============================================
Compiling...

===== [M0_M10] Method=0,10 N=16382 Delay=1,8096 =====
Adjusted limits: MAX_ITER=16382 (default=6656, max threads*teams=4224, max N=16382), MAX_ARRAY_SIZE=65536 (default=65536)
========== Runtime Configuration ==========
Methods       : 0, 10
Delay range   : [1, 8096]
Array size(s) : 16382
thread_count(s): 32
team_count(s) : 132
MAX_ITER      : 16382  (kernel workload)
MAX_ARRAY_SIZE: 65536  (mapping/memory space)
NUM_SAMPLES   : 20
OUTERREPS     : 1
WARMUP_ITERS  : 10
BENCHMARK_SETS: 2
BENCHMARK_RUNS: 5
==========================================
There are  1 available devices
Host device is -1
Initializing benchmark runtime environment...

========== Benchmark Execution ==========
Method/N                                                    16382
                                           BIC intercept | lowest
pure delay kernel                      19.371±0.243      |     17.232±1.550     
teams parallel                         19.734±0.951      |     18.027±1.091     
==========================================
Finalizing benchmark.

===== [M1to4] Method=1,2,3,4 N=1,4,16,64,256,1024,4096,8192,16382,32768,65536 Delay=1,8096 =====
Adjusted limits: MAX_ITER=65536 (default=6656, max threads*teams=4224, max N=65536), MAX_ARRAY_SIZE=65536 (default=65536)
========== Runtime Configuration ==========
Methods       : 1, 2, 3, 4
Delay range   : [1, 8096]
Array size(s) : 1, 4, 16, 64, 256, 1024, 4096, 8192, 16382, 32768, 65536
thread_count(s): 32
team_count(s) : 132
MAX_ITER      : 65536  (kernel workload)
MAX_ARRAY_SIZE: 65536  (mapping/memory space)
NUM_SAMPLES   : 20
OUTERREPS     : 1
WARMUP_ITERS  : 10
BENCHMARK_SETS: 2
BENCHMARK_RUNS: 5
==========================================
There are  1 available devices
Host device is -1
Initializing benchmark runtime environment...

========== Benchmark Execution ==========
Method/N                                                        1                             4                            16                            64                           256                          1024                          4096                          8192                         16382                         32768                         65536
                                           BIC intercept | lowest        BIC intercept | lowest        BIC intercept | lowest        BIC intercept | lowest        BIC intercept | lowest        BIC intercept | lowest        BIC intercept | lowest        BIC intercept | lowest        BIC intercept | lowest        BIC intercept | lowest        BIC intercept | lowest
map(tofrom: a)                         31.847±1.122      |     30.723±1.133         33.063±0.282      |     31.199±0.404         33.311±0.778      |     31.866±0.613         33.544±0.964      |     32.142±0.817         34.290±0.461      |     32.473±1.063         36.798±0.471      |     34.683±0.917         50.555±0.817      |     48.251±1.898         60.399±0.638      |     58.752±0.775         75.819±0.729      |     74.266±0.913        112.397±0.623      |    110.767±0.823        192.509±1.222      |    188.177±1.387     
map(to: a)                             22.562±0.235      |     20.958±1.233         23.021±0.272      |     20.285±1.362         23.094±0.440      |     20.041±1.277         23.428±0.453      |     20.485±1.353         23.931±0.338      |     21.237±1.664         23.971±0.336      |     21.052±1.733         25.320±0.342      |     22.547±1.342         28.348±0.502      |     26.565±1.191         33.243±0.309      |     31.126±1.265         41.902±0.313      |     40.307±0.381         60.677±0.341      |     58.795±1.185     
map(from: a)                           30.257±0.446      |     28.727±1.019         30.168±0.567      |     28.729±0.702         30.059±0.413      |     28.651±0.870         29.861±0.572      |     28.465±0.869         30.471±0.537      |     29.473±0.743         30.975±0.296      |     29.535±0.754         36.313±0.464      |     34.884±0.572         40.720±0.550      |     39.090±0.842         44.793±0.552      |     43.774±0.945         59.024±0.398      |     57.679±0.689         88.233±0.582      |     86.645±0.749     
map(alloc: a)                          19.925±0.231      |     17.984±1.110         19.889±0.233      |     18.309±1.043         19.921±0.157      |     17.818±1.698         20.008±0.406      |     17.256±1.584         19.858±0.315      |     17.753±1.353         19.966±0.328      |     17.262±1.727         19.853±0.274      |     18.226±1.400         20.187±0.229      |     18.424±1.295         20.137±0.349      |     16.999±1.591         20.208±0.264      |     18.185±1.160         19.701±0.428      |     17.869±1.197     
==========================================
Finalizing benchmark.

===== [M5] Method=5 N=16382 Delay=1,8096 =====
Adjusted limits: MAX_ITER=16382 (default=6656, max threads*teams=4224, max N=16382), MAX_ARRAY_SIZE=65536 (default=65536)
========== Runtime Configuration ==========
Methods       : 5
Delay range   : [1, 8096]
Array size(s) : 16382
thread_count(s): 32
team_count(s) : 132
MAX_ITER      : 16382  (kernel workload)
MAX_ARRAY_SIZE: 65536  (mapping/memory space)
NUM_SAMPLES   : 20
OUTERREPS     : 1
WARMUP_ITERS  : 10
BENCHMARK_SETS: 2
BENCHMARK_RUNS: 5
==========================================
There are  1 available devices
Host device is -1
Initializing benchmark runtime environment...

========== Benchmark Execution ==========
Method/N                                                    16382
                                           BIC intercept | lowest
teams (scalar)                         18.007±0.289      |     15.978±1.023     
==========================================
Finalizing benchmark.

===== [M6] Method=6 N=16382 Delay=1,8096 =====
Adjusted limits: MAX_ITER=16382 (default=6656, max threads*teams=4224, max N=16382), MAX_ARRAY_SIZE=65536 (default=65536)
========== Runtime Configuration ==========
Methods       : 6
Delay range   : [1, 8096]
Array size(s) : 16382
thread_count(s): 32
team_count(s) : 132
MAX_ITER      : 16382  (kernel workload)
MAX_ARRAY_SIZE: 65536  (mapping/memory space)
NUM_SAMPLES   : 20
OUTERREPS     : 1
WARMUP_ITERS  : 10
BENCHMARK_SETS: 2
BENCHMARK_RUNS: 5
==========================================
There are  1 available devices
Host device is -1
Initializing benchmark runtime environment...

========== Benchmark Execution ==========
Method/N                                                    16382
                                           BIC intercept | lowest
teams distribute parallel for          16.056±0.209      |     14.520±0.770     
==========================================
Finalizing benchmark.

===== [M7] Method=7 N=16382 Delay=1,8096 =====
Adjusted limits: MAX_ITER=16382 (default=6656, max threads*teams=4224, max N=16382), MAX_ARRAY_SIZE=65536 (default=65536)
========== Runtime Configuration ==========
Methods       : 7
Delay range   : [1, 8096]
Array size(s) : 16382
thread_count(s): 32
team_count(s) : 132
MAX_ITER      : 16382  (kernel workload)
MAX_ARRAY_SIZE: 65536  (mapping/memory space)
NUM_SAMPLES   : 20
OUTERREPS     : 1
WARMUP_ITERS  : 10
BENCHMARK_SETS: 2
BENCHMARK_RUNS: 5
==========================================
There are  1 available devices
Host device is -1
Initializing benchmark runtime environment...

========== Benchmark Execution ==========
Method/N                                                    16382
                                           BIC intercept | lowest
nowait                                 20.238±0.275      |     18.166±1.124     
==========================================
Finalizing benchmark.

===== [M8] Method=8 N=16,64,256,1024,4096,8192,16382 Delay=1,8096 =====
Adjusted limits: MAX_ITER=16382 (default=6656, max threads*teams=4224, max N=16382), MAX_ARRAY_SIZE=65536 (default=65536)
========== Runtime Configuration ==========
Methods       : 8
Delay range   : [1, 8096]
Array size(s) : 16, 64, 256, 1024, 4096, 8192, 16382
thread_count(s): 32
team_count(s) : 132
MAX_ITER      : 16382  (kernel workload)
MAX_ARRAY_SIZE: 65536  (mapping/memory space)
NUM_SAMPLES   : 20
OUTERREPS     : 1
WARMUP_ITERS  : 10
BENCHMARK_SETS: 2
BENCHMARK_RUNS: 5
==========================================
There are  1 available devices
Host device is -1
Initializing benchmark runtime environment...

========== Benchmark Execution ==========
Method/N                                                       16                            64                           256                          1024                          4096                          8192                         16382
                                           BIC intercept | lowest        BIC intercept | lowest        BIC intercept | lowest        BIC intercept | lowest        BIC intercept | lowest        BIC intercept | lowest        BIC intercept | lowest
teams atomic                           19.843±0.131      |     18.924±0.862         17.130±0.160      |     15.274±1.061         16.318±0.249      |     14.807±1.042         15.118±0.288      |     12.709±1.454         14.747±0.142      |     13.402±1.057         14.755±0.275      |     13.214±0.787         14.593±0.280      |     13.257±0.914     
==========================================
Finalizing benchmark.

===== [M9] Method=9 N=16,64,256,1024,4096,8192,16382 Delay=1,8096 =====
Adjusted limits: MAX_ITER=16382 (default=6656, max threads*teams=4224, max N=16382), MAX_ARRAY_SIZE=65536 (default=65536)
========== Runtime Configuration ==========
Methods       : 9
Delay range   : [1, 8096]
Array size(s) : 16, 64, 256, 1024, 4096, 8192, 16382
thread_count(s): 32
team_count(s) : 132
MAX_ITER      : 16382  (kernel workload)
MAX_ARRAY_SIZE: 65536  (mapping/memory space)
NUM_SAMPLES   : 20
OUTERREPS     : 1
WARMUP_ITERS  : 10
BENCHMARK_SETS: 2
BENCHMARK_RUNS: 5
==========================================
There are  1 available devices
Host device is -1
Initializing benchmark runtime environment...

========== Benchmark Execution ==========
Method/N                                                       16                            64                           256                          1024                          4096                          8192                         16382
                                           BIC intercept | lowest        BIC intercept | lowest        BIC intercept | lowest        BIC intercept | lowest        BIC intercept | lowest        BIC intercept | lowest        BIC intercept | lowest
teams reduction                        41.343±0.494      |     39.270±1.366         82.621±0.346      |     81.781±0.509        235.261±0.151      |    234.594±0.285        967.286±3.482      |    964.559±0.487       3707.366±1.233      |   3704.817±0.853       7377.753±2.360      |   7372.336±1.795      16573.241±10.953     |  16558.927±4.358     
==========================================
Finalizing benchmark.

===== [M11_parreps] Method=11 N=1,2,4,8,16,32,64,128 Delay=1,8096 =====
Adjusted limits: MAX_ITER=6656 (default=6656, max threads*teams=4224, max N=128), MAX_ARRAY_SIZE=65536 (default=65536)
========== Runtime Configuration ==========
Methods       : 11
Delay range   : [1, 8096]
Array size(s) : 1, 2, 4, 8, 16, 32, 64, 128
thread_count(s): 32
team_count(s) : 132
MAX_ITER      : 6656  (kernel workload)
MAX_ARRAY_SIZE: 65536  (mapping/memory space)
NUM_SAMPLES   : 20
OUTERREPS     : 1
WARMUP_ITERS  : 10
BENCHMARK_SETS: 2
BENCHMARK_RUNS: 5
==========================================
There are  1 available devices
Host device is -1
Initializing benchmark runtime environment...

========== Benchmark Execution ==========
Method/N                                                        1                             2                             4                             8                            16                            32                            64                           128
                                           BIC intercept | lowest        BIC intercept | lowest        BIC intercept | lowest        BIC intercept | lowest        BIC intercept | lowest        BIC intercept | lowest        BIC intercept | lowest        BIC intercept | lowest
teams + parallel inside                19.528±0.274      |     18.284±0.850         20.978±0.230      |     19.984±0.738         23.481±0.192      |     21.811±1.169         29.463±2.842      |     26.821±1.473         38.379±0.150      |     36.337±0.740         58.603±0.281      |     55.214±0.485         98.838±0.317      |     92.561±0.451        178.892±0.246      |    166.659±0.419     
==========================================
Finalizing benchmark.

All EIDF H200 NVHPC benchmark groups completed.
Results saved under result/EIDF_H200NVC_Output/OpenMP
