Running Grace Hopper OpenMP benchmark groups...

===== [M1to4] Method=1,2,3,4 N=1,4,16,64,256,1024,4096,8192,16382,32768,65536 Delay=1,8096 =====
Adjusted limits: MAX_ITER=65536 (default=6656, max threads*teams=4224, max N=65536), MAX_ARRAY_SIZE=65536 (default=65536)
========== Runtime Configuration ==========
Methods       : 1, 2, 3, 4
Delay range   : [1, 8096]
Array size(s) : 1, 4, 16, 64, 256, 1024, 4096, 8192, 16382, 32768, 65536
thread_count(s): 32
team_count(s) : 132
MAX_ITER      : 65536  (kernel workload)
MAX_ARRAY_SIZE: 65536  (mapping/memory space)
NUM_SAMPLES   : 20
OUTERREPS     : 1
WARMUP_ITERS  : 10
BENCHMARK_SETS: 2
BENCHMARK_RUNS: 5
MAXPARREPS    : 128
==========================================
There are  1 available devices
Host device is -1
Initializing benchmark runtime environment...

========== Benchmark Execution ==========
Method/N                                                        1                             4                            16                            64                           256                          1024                          4096                          8192                         16382                         32768                         65536
                                           BIC intercept | lowest        BIC intercept | lowest        BIC intercept | lowest        BIC intercept | lowest        BIC intercept | lowest        BIC intercept | lowest        BIC intercept | lowest        BIC intercept | lowest        BIC intercept | lowest        BIC intercept | lowest        BIC intercept | lowest
map(tofrom: a)                         19.621±0.169      |     21.703±0.112         19.610±0.085      |     21.758±0.101         19.649±0.100      |     21.776±0.106         19.549±0.081      |     21.753±0.107         20.276±0.074      |     22.455±0.125         20.721±0.152      |     22.814±0.108         22.957±0.371      |     24.080±0.153         27.716±0.149      |     26.799±0.050         26.630±0.174      |     28.789±0.113         28.138±0.111      |     30.251±0.369         30.366±0.071      |     32.580±0.140     
map(to: a)                             12.782±0.045      |     12.594±0.075         12.756±0.029      |     12.575±0.051         12.741±0.047      |     12.574±0.075         12.724±0.050      |     12.560±0.051         13.434±0.035      |     13.227±0.118         13.580±0.032      |     13.361±0.047         14.631±0.023      |     14.327±0.050         16.672±0.028      |     16.376±0.033         19.603±0.260      |     19.305±0.237         20.173±0.188      |     19.900±0.149         21.131±0.080      |     20.785±0.198     
map(from: a)                           18.691±0.073      |     20.794±0.121         18.673±0.145      |     20.791±0.175         18.710±0.141      |     20.740±0.161         18.717±0.093      |     20.864±0.064         18.748±0.094      |     20.928±0.114         18.596±0.089      |     20.751±0.102         18.194±0.060      |     20.437±0.120         18.497±0.076      |     20.809±0.091         19.008±0.046      |     21.323±0.117         19.239±0.234      |     21.534±0.109         20.330±0.219      |     22.604±0.200     
map(alloc: a)                          11.878±0.046      |     11.721±0.067         11.886±0.024      |     11.719±0.057         11.870±0.023      |     11.703±0.045         11.877±0.034      |     11.741±0.043         11.888±0.038      |     11.722±0.059         11.871±0.030      |     11.697±0.043         11.868±0.025      |     11.698±0.041         11.908±0.034      |     11.729±0.062         11.799±0.156      |     11.656±0.133         11.912±0.038      |     11.734±0.048         11.875±0.038      |     11.721±0.065     
==========================================
Finalizing benchmark.
Plotting M1to4_1to8096_20260429_105920 ...
[OK] saved: result/GH_Output/OpenMP/resultLowest_M1to4_1to8096_20260429_105920.png
[INFO] x-scale = lin
Plot generated: result/GH_Output/OpenMP/resultLowest_M1to4_1to8096_20260429_105920.png

===== [M5] Method=5 N=16382 Delay=1,8096 =====
Adjusted limits: MAX_ITER=16382 (default=6656, max threads*teams=4224, max N=16382), MAX_ARRAY_SIZE=65536 (default=65536)
========== Runtime Configuration ==========
Methods       : 5
Delay range   : [1, 8096]
Array size(s) : 16382
thread_count(s): 32
team_count(s) : 132
MAX_ITER      : 16382  (kernel workload)
MAX_ARRAY_SIZE: 65536  (mapping/memory space)
NUM_SAMPLES   : 20
OUTERREPS     : 1
WARMUP_ITERS  : 10
BENCHMARK_SETS: 2
BENCHMARK_RUNS: 5
MAXPARREPS    : 128
==========================================
There are  1 available devices
Host device is -1
Initializing benchmark runtime environment...

========== Benchmark Execution ==========
Method/N                                                    16382
                                           BIC intercept | lowest
teams (scalar)                         10.735±0.064      |     10.600±0.073     
==========================================
Finalizing benchmark.
Plotting M5_1to8096_20260429_105920 ...
[OK] saved: result/GH_Output/OpenMP/resultLowest_M5_1to8096_20260429_105920.png
[INFO] x-scale = lin
Plot generated: result/GH_Output/OpenMP/resultLowest_M5_1to8096_20260429_105920.png

===== [M5] Method=5 N=16382 Delay=1,262144 =====
Adjusted limits: MAX_ITER=16382 (default=6656, max threads*teams=4224, max N=16382), MAX_ARRAY_SIZE=65536 (default=65536)
========== Runtime Configuration ==========
Methods       : 5
Delay range   : [1, 262144]
Array size(s) : 16382
thread_count(s): 32
team_count(s) : 132
MAX_ITER      : 16382  (kernel workload)
MAX_ARRAY_SIZE: 65536  (mapping/memory space)
NUM_SAMPLES   : 20
OUTERREPS     : 1
WARMUP_ITERS  : 10
BENCHMARK_SETS: 2
BENCHMARK_RUNS: 5
MAXPARREPS    : 128
==========================================
There are  1 available devices
Host device is -1
Initializing benchmark runtime environment...

========== Benchmark Execution ==========
Method/N                                                    16382
                                           BIC intercept | lowest
teams (scalar)                         10.833±0.056      |     10.566±0.115     
==========================================
Finalizing benchmark.
Plotting M5_1to262144_20260429_105920 ...
[OK] saved: result/GH_Output/OpenMP/resultLowest_M5_1to262144_20260429_105920.png
[INFO] x-scale = lin
Plot generated: result/GH_Output/OpenMP/resultLowest_M5_1to262144_20260429_105920.png

===== [M6] Method=6 N=16382 Delay=1,8096 =====
Adjusted limits: MAX_ITER=16382 (default=6656, max threads*teams=4224, max N=16382), MAX_ARRAY_SIZE=65536 (default=65536)
========== Runtime Configuration ==========
Methods       : 6
Delay range   : [1, 8096]
Array size(s) : 16382
thread_count(s): 32
team_count(s) : 132
MAX_ITER      : 16382  (kernel workload)
MAX_ARRAY_SIZE: 65536  (mapping/memory space)
NUM_SAMPLES   : 20
OUTERREPS     : 1
WARMUP_ITERS  : 10
BENCHMARK_SETS: 2
BENCHMARK_RUNS: 5
MAXPARREPS    : 128
==========================================
There are  1 available devices
Host device is -1
Initializing benchmark runtime environment...

========== Benchmark Execution ==========
Method/N                                                    16382
                                           BIC intercept | lowest
teams distribute parallel for          10.362±0.185      |      9.518±0.132     
==========================================
Finalizing benchmark.
Plotting M6_1to8096_20260429_105920 ...
[OK] saved: result/GH_Output/OpenMP/resultLowest_M6_1to8096_20260429_105920.png
[INFO] x-scale = lin
Plot generated: result/GH_Output/OpenMP/resultLowest_M6_1to8096_20260429_105920.png

===== [M6] Method=6 N=16382 Delay=1,262144 =====
Adjusted limits: MAX_ITER=16382 (default=6656, max threads*teams=4224, max N=16382), MAX_ARRAY_SIZE=65536 (default=65536)
========== Runtime Configuration ==========
Methods       : 6
Delay range   : [1, 262144]
Array size(s) : 16382
thread_count(s): 32
team_count(s) : 132
MAX_ITER      : 16382  (kernel workload)
MAX_ARRAY_SIZE: 65536  (mapping/memory space)
NUM_SAMPLES   : 20
OUTERREPS     : 1
WARMUP_ITERS  : 10
BENCHMARK_SETS: 2
BENCHMARK_RUNS: 5
MAXPARREPS    : 128
==========================================
There are  1 available devices
Host device is -1
Initializing benchmark runtime environment...

========== Benchmark Execution ==========
Method/N                                                    16382
                                           BIC intercept | lowest
teams distribute parallel for          10.734±0.132      |      9.516±0.089     
==========================================
Finalizing benchmark.
Plotting M6_1to262144_20260429_105920 ...
[OK] saved: result/GH_Output/OpenMP/resultLowest_M6_1to262144_20260429_105920.png
[INFO] x-scale = lin
Plot generated: result/GH_Output/OpenMP/resultLowest_M6_1to262144_20260429_105920.png

===== [M7] Method=7 N=16382 Delay=1,8096 =====
Adjusted limits: MAX_ITER=16382 (default=6656, max threads*teams=4224, max N=16382), MAX_ARRAY_SIZE=65536 (default=65536)
========== Runtime Configuration ==========
Methods       : 7
Delay range   : [1, 8096]
Array size(s) : 16382
thread_count(s): 32
team_count(s) : 132
MAX_ITER      : 16382  (kernel workload)
MAX_ARRAY_SIZE: 65536  (mapping/memory space)
NUM_SAMPLES   : 20
OUTERREPS     : 1
WARMUP_ITERS  : 10
BENCHMARK_SETS: 2
BENCHMARK_RUNS: 5
MAXPARREPS    : 128
==========================================
There are  1 available devices
Host device is -1
Initializing benchmark runtime environment...

========== Benchmark Execution ==========
Method/N                                                    16382
                                           BIC intercept | lowest
nowait                                 12.132±0.197      |     11.880±0.203     
==========================================
Finalizing benchmark.
Plotting M7_1to8096_20260429_105920 ...
[OK] saved: result/GH_Output/OpenMP/resultLowest_M7_1to8096_20260429_105920.png
[INFO] x-scale = lin
Plot generated: result/GH_Output/OpenMP/resultLowest_M7_1to8096_20260429_105920.png

===== [M7] Method=7 N=16382 Delay=1,262144 =====
Adjusted limits: MAX_ITER=16382 (default=6656, max threads*teams=4224, max N=16382), MAX_ARRAY_SIZE=65536 (default=65536)
========== Runtime Configuration ==========
Methods       : 7
Delay range   : [1, 262144]
Array size(s) : 16382
thread_count(s): 32
team_count(s) : 132
MAX_ITER      : 16382  (kernel workload)
MAX_ARRAY_SIZE: 65536  (mapping/memory space)
NUM_SAMPLES   : 20
OUTERREPS     : 1
WARMUP_ITERS  : 10
BENCHMARK_SETS: 2
BENCHMARK_RUNS: 5
MAXPARREPS    : 128
==========================================
There are  1 available devices
Host device is -1
Initializing benchmark runtime environment...

========== Benchmark Execution ==========
Method/N                                                    16382
                                           BIC intercept | lowest
nowait                                 12.544±0.501      |     11.952±0.100     
==========================================
Finalizing benchmark.
Plotting M7_1to262144_20260429_105920 ...
[OK] saved: result/GH_Output/OpenMP/resultLowest_M7_1to262144_20260429_105920.png
[INFO] x-scale = lin
Plot generated: result/GH_Output/OpenMP/resultLowest_M7_1to262144_20260429_105920.png

===== [M8to9] Method=8,9 N=16,64,256,1024,4096,8192,16382 Delay=1,8096 =====
Adjusted limits: MAX_ITER=16382 (default=6656, max threads*teams=4224, max N=16382), MAX_ARRAY_SIZE=65536 (default=65536)
========== Runtime Configuration ==========
Methods       : 8, 9
Delay range   : [1, 8096]
Array size(s) : 16, 64, 256, 1024, 4096, 8192, 16382
thread_count(s): 32
team_count(s) : 132
MAX_ITER      : 16382  (kernel workload)
MAX_ARRAY_SIZE: 65536  (mapping/memory space)
NUM_SAMPLES   : 20
OUTERREPS     : 1
WARMUP_ITERS  : 10
BENCHMARK_SETS: 2
BENCHMARK_RUNS: 5
MAXPARREPS    : 128
==========================================
There are  1 available devices
Host device is -1
Initializing benchmark runtime environment...

========== Benchmark Execution ==========
Method/N                                                       16                            64                           256                          1024                          4096                          8192                         16382
                                           BIC intercept | lowest        BIC intercept | lowest        BIC intercept | lowest        BIC intercept | lowest        BIC intercept | lowest        BIC intercept | lowest        BIC intercept | lowest
teams atomic                           12.649±0.067      |     12.379±0.072         10.053±0.038      |      9.868±0.047          8.832±0.035      |      8.634±0.058          8.445±0.039      |      8.254±0.057          8.395±0.109      |      8.180±0.084          8.427±0.018      |      8.218±0.062          8.447±0.023      |      8.273±0.075     
teams reduction                        26.329±0.103      |     26.309±0.062         58.019±0.117      |     58.162±0.074        175.131±0.142      |    174.925±0.171        751.509±0.497      |    750.128±0.658       2974.520±0.615      |   2972.771±0.735       5930.621±0.873      |   5927.531±1.323      13593.740±2.523      |  13584.532±2.229     
==========================================
Finalizing benchmark.
Plotting M8to9_1to8096_20260429_105920 ...
[OK] saved: result/GH_Output/OpenMP/resultLowest_M8to9_1to8096_20260429_105920.png
[INFO] x-scale = lin
Plot generated: result/GH_Output/OpenMP/resultLowest_M8to9_1to8096_20260429_105920.png

===== [M8to9] Method=8,9 N=16,64,256,1024,4096,8192,16382 Delay=1,262144 =====
Adjusted limits: MAX_ITER=16382 (default=6656, max threads*teams=4224, max N=16382), MAX_ARRAY_SIZE=65536 (default=65536)
========== Runtime Configuration ==========
Methods       : 8, 9
Delay range   : [1, 262144]
Array size(s) : 16, 64, 256, 1024, 4096, 8192, 16382
thread_count(s): 32
team_count(s) : 132
MAX_ITER      : 16382  (kernel workload)
MAX_ARRAY_SIZE: 65536  (mapping/memory space)
NUM_SAMPLES   : 20
OUTERREPS     : 1
WARMUP_ITERS  : 10
BENCHMARK_SETS: 2
BENCHMARK_RUNS: 5
MAXPARREPS    : 128
==========================================
There are  1 available devices
Host device is -1
Initializing benchmark runtime environment...

========== Benchmark Execution ==========
Method/N                                                       16                            64                           256                          1024                          4096                          8192                         16382
                                           BIC intercept | lowest        BIC intercept | lowest        BIC intercept | lowest        BIC intercept | lowest        BIC intercept | lowest        BIC intercept | lowest        BIC intercept | lowest
teams atomic                           12.978±0.564      |     12.313±0.075         10.301±0.159      |      9.800±0.059          8.983±0.071      |      8.562±0.094          8.640±0.047      |      8.228±0.088          8.632±0.044      |      8.185±0.055          8.620±0.047      |      8.162±0.073          8.590±0.035      |      8.171±0.070     
teams reduction                        26.601±0.087      |     26.480±0.138         58.248±0.118      |     58.346±0.103        175.578±0.169      |    175.289±0.269        751.489±0.374      |    751.334±0.995       2972.851±1.001      |   2973.177±1.482       5931.263±1.583      |   5930.451±2.322      13587.257±1.239      |  13584.403±3.411     
==========================================
Finalizing benchmark.
Plotting M8to9_1to262144_20260429_105920 ...
[OK] saved: result/GH_Output/OpenMP/resultLowest_M8to9_1to262144_20260429_105920.png
[INFO] x-scale = lin
Plot generated: result/GH_Output/OpenMP/resultLowest_M8to9_1to262144_20260429_105920.png

===== [M10to11] Method=10,11 N=16382 Delay=1,8096 =====
Adjusted limits: MAX_ITER=16382 (default=6656, max threads*teams=4224, max N=16382), MAX_ARRAY_SIZE=65536 (default=65536)
========== Runtime Configuration ==========
Methods       : 10, 11
Delay range   : [1, 8096]
Array size(s) : 16382
thread_count(s): 32
team_count(s) : 132
MAX_ITER      : 16382  (kernel workload)
MAX_ARRAY_SIZE: 65536  (mapping/memory space)
NUM_SAMPLES   : 20
OUTERREPS     : 1
WARMUP_ITERS  : 10
BENCHMARK_SETS: 2
BENCHMARK_RUNS: 5
MAXPARREPS    : 128
==========================================
There are  1 available devices
Host device is -1
Initializing benchmark runtime environment...

========== Benchmark Execution ==========
Method/N                                                    16382
                                           BIC intercept | lowest
teams parallel                         11.936±0.094      |     11.710±0.109     
teams + parallel inside               387.799±1.053      |    363.271±1.420     
==========================================
Finalizing benchmark.
Plotting M10to11_1to8096_20260429_105920 ...
[OK] saved: result/GH_Output/OpenMP/resultLowest_M10to11_1to8096_20260429_105920.png
[INFO] x-scale = lin
Plot generated: result/GH_Output/OpenMP/resultLowest_M10to11_1to8096_20260429_105920.png

===== [M10to11] Method=10,11 N=16382 Delay=1,262144 =====
Adjusted limits: MAX_ITER=16382 (default=6656, max threads*teams=4224, max N=16382), MAX_ARRAY_SIZE=65536 (default=65536)
========== Runtime Configuration ==========
Methods       : 10, 11
Delay range   : [1, 262144]
Array size(s) : 16382
thread_count(s): 32
team_count(s) : 132
MAX_ITER      : 16382  (kernel workload)
MAX_ARRAY_SIZE: 65536  (mapping/memory space)
NUM_SAMPLES   : 20
OUTERREPS     : 1
WARMUP_ITERS  : 10
BENCHMARK_SETS: 2
BENCHMARK_RUNS: 5
MAXPARREPS    : 128
==========================================
There are  1 available devices
Host device is -1
Initializing benchmark runtime environment...

========== Benchmark Execution ==========
Method/N                                                    16382
                                           BIC intercept | lowest
teams parallel                         12.008±0.084      |     11.716±0.060     
teams + parallel inside               392.955±1.879      |    365.531±1.548     
==========================================
Finalizing benchmark.
Plotting M10to11_1to262144_20260429_105920 ...
[OK] saved: result/GH_Output/OpenMP/resultLowest_M10to11_1to262144_20260429_105920.png
[INFO] x-scale = lin
Plot generated: result/GH_Output/OpenMP/resultLowest_M10to11_1to262144_20260429_105920.png

All benchmark groups completed.
Results saved under result/GH_Output/OpenMP
