Running EIDF A100 NVHPC OpenMP benchmark groups...
SET UP A100 configuration NVIDIA A100 NVHPC=====
THREADS=32
TEAMS=132
Sun May 24 12:20:05 2026       
+-----------------------------------------------------------------------------------------+
| NVIDIA-SMI 570.124.06             Driver Version: 570.124.06     CUDA Version: 12.8     |
|-----------------------------------------+------------------------+----------------------+
| GPU  Name                 Persistence-M | Bus-Id          Disp.A | Volatile Uncorr. ECC |
| Fan  Temp   Perf          Pwr:Usage/Cap |           Memory-Usage | GPU-Util  Compute M. |
|                                         |                        |               MIG M. |
|=========================================+========================+======================|
|   0  NVIDIA A100-SXM4-40GB          Off |   00000000:09:00.0 Off |                    0 |
| N/A   27C    P0             52W /  350W |       1MiB /  40960MiB |      0%      Default |
|                                         |                        |             Disabled |
+-----------------------------------------+------------------------+----------------------+
                                                                                         
+-----------------------------------------------------------------------------------------+
| Processes:                                                                              |
|  GPU   GI   CI              PID   Type   Process name                        GPU Memory |
|        ID   ID                                                               Usage      |
|=========================================================================================|
|  No running processes found                                                             |
+-----------------------------------------------------------------------------------------+
=============================================
Compiling...

===== [M0_M10] Method=0,10 N=16382 Delay=1,8096 =====
Adjusted limits: MAX_ITER=16382 (default=6656, max threads*teams=4224, max N=16382), MAX_ARRAY_SIZE=65536 (default=65536)
========== Runtime Configuration ==========
Methods       : 0, 10
Delay range   : [1, 8096]
Array size(s) : 16382
thread_count(s): 32
team_count(s) : 132
MAX_ITER      : 16382  (kernel workload)
MAX_ARRAY_SIZE: 65536  (mapping/memory space)
NUM_SAMPLES   : 20
OUTERREPS     : 1
WARMUP_ITERS  : 10
BENCHMARK_SETS: 2
BENCHMARK_RUNS: 5
==========================================
There are  1 available devices
Host device is -1
Initializing benchmark runtime environment...

========== Benchmark Execution ==========
Method/N                                                    16382
                                           BIC intercept | lowest
pure delay kernel                      16.607±0.406      |     15.354±0.290     
teams parallel                         17.155±0.693      |     16.152±0.193     
==========================================
Finalizing benchmark.

===== [M1to4] Method=1,2,3,4 N=1,4,16,64,256,1024,4096,8192,16382,32768,65536 Delay=1,8096 =====
Adjusted limits: MAX_ITER=65536 (default=6656, max threads*teams=4224, max N=65536), MAX_ARRAY_SIZE=65536 (default=65536)
========== Runtime Configuration ==========
Methods       : 1, 2, 3, 4
Delay range   : [1, 8096]
Array size(s) : 1, 4, 16, 64, 256, 1024, 4096, 8192, 16382, 32768, 65536
thread_count(s): 32
team_count(s) : 132
MAX_ITER      : 65536  (kernel workload)
MAX_ARRAY_SIZE: 65536  (mapping/memory space)
NUM_SAMPLES   : 20
OUTERREPS     : 1
WARMUP_ITERS  : 10
BENCHMARK_SETS: 2
BENCHMARK_RUNS: 5
==========================================
There are  1 available devices
Host device is -1
Initializing benchmark runtime environment...

========== Benchmark Execution ==========
Method/N                                                        1                             4                            16                            64                           256                          1024                          4096                          8192                         16382                         32768                         65536
                                           BIC intercept | lowest        BIC intercept | lowest        BIC intercept | lowest        BIC intercept | lowest        BIC intercept | lowest        BIC intercept | lowest        BIC intercept | lowest        BIC intercept | lowest        BIC intercept | lowest        BIC intercept | lowest        BIC intercept | lowest
map(tofrom: a)                         31.262±1.003      |     31.178±0.389         31.273±1.398      |     31.321±0.353         31.370±0.926      |     31.730±0.452         32.974±1.933      |     32.123±0.159         33.369±1.352      |     33.106±0.340         36.693±3.399      |     34.503±0.406         44.556±3.202      |     41.697±0.351         56.555±4.205      |     52.315±0.424         87.029±6.135      |     78.490±0.800        130.946±6.572      |    119.019±0.388        223.152±7.096      |    200.332±2.326     
map(to: a)                             20.618±1.155      |     18.495±0.386         20.601±1.323      |     18.532±0.375         21.279±1.105      |     18.444±0.344         21.014±1.489      |     18.506±0.289         21.563±1.164      |     18.710±0.438         21.407±0.983      |     19.125±0.330         23.859±1.653      |     21.646±0.348         27.643±1.763      |     25.319±0.276         40.780±2.229      |     37.206±0.632         52.096±2.574      |     46.877±0.661         75.648±2.823      |     69.686±1.138     
map(from: a)                           28.693±1.209      |     28.783±0.349         29.679±1.520      |     28.727±0.319         29.886±1.409      |     28.820±0.320         28.963±1.133      |     29.260±0.477         30.050±1.022      |     29.688±0.438         31.427±2.069      |     30.867±0.345         40.681±6.029      |     35.287±0.167         45.003±5.586      |     41.496±0.473         60.197±6.812      |     53.486±0.581         96.865±16.703     |     77.789±0.710        170.867±28.388     |    123.874±1.615     
map(alloc: a)                          18.219±0.951      |     16.325±0.211         19.124±1.574      |     16.350±0.246         17.813±0.749      |     16.341±0.222         17.893±0.831      |     16.422±0.213         18.924±1.538      |     16.437±0.182         18.115±0.830      |     16.410±0.292         18.005±1.277      |     16.452±0.271         18.170±0.638      |     16.471±0.209         18.397±1.025      |     16.176±0.195         18.336±1.284      |     16.352±0.235         17.913±1.021      |     16.466±0.215     
==========================================
Finalizing benchmark.

===== [M5] Method=5 N=16382 Delay=1,8096 =====
Adjusted limits: MAX_ITER=16382 (default=6656, max threads*teams=4224, max N=16382), MAX_ARRAY_SIZE=65536 (default=65536)
========== Runtime Configuration ==========
Methods       : 5
Delay range   : [1, 8096]
Array size(s) : 16382
thread_count(s): 32
team_count(s) : 132
MAX_ITER      : 16382  (kernel workload)
MAX_ARRAY_SIZE: 65536  (mapping/memory space)
NUM_SAMPLES   : 20
OUTERREPS     : 1
WARMUP_ITERS  : 10
BENCHMARK_SETS: 2
BENCHMARK_RUNS: 5
==========================================
There are  1 available devices
Host device is -1
Initializing benchmark runtime environment...

========== Benchmark Execution ==========
Method/N                                                    16382
                                           BIC intercept | lowest
teams (scalar)                         16.556±0.986      |     14.591±0.374     
==========================================
Finalizing benchmark.

===== [M6] Method=6 N=16382 Delay=1,8096 =====
Adjusted limits: MAX_ITER=16382 (default=6656, max threads*teams=4224, max N=16382), MAX_ARRAY_SIZE=65536 (default=65536)
========== Runtime Configuration ==========
Methods       : 6
Delay range   : [1, 8096]
Array size(s) : 16382
thread_count(s): 32
team_count(s) : 132
MAX_ITER      : 16382  (kernel workload)
MAX_ARRAY_SIZE: 65536  (mapping/memory space)
NUM_SAMPLES   : 20
OUTERREPS     : 1
WARMUP_ITERS  : 10
BENCHMARK_SETS: 2
BENCHMARK_RUNS: 5
==========================================
There are  1 available devices
Host device is -1
Initializing benchmark runtime environment...

========== Benchmark Execution ==========
Method/N                                                    16382
                                           BIC intercept | lowest
teams distribute parallel for          15.111±0.707      |     12.534±0.246     
==========================================
Finalizing benchmark.

===== [M7] Method=7 N=16382 Delay=1,8096 =====
Adjusted limits: MAX_ITER=16382 (default=6656, max threads*teams=4224, max N=16382), MAX_ARRAY_SIZE=65536 (default=65536)
========== Runtime Configuration ==========
Methods       : 7
Delay range   : [1, 8096]
Array size(s) : 16382
thread_count(s): 32
team_count(s) : 132
MAX_ITER      : 16382  (kernel workload)
MAX_ARRAY_SIZE: 65536  (mapping/memory space)
NUM_SAMPLES   : 20
OUTERREPS     : 1
WARMUP_ITERS  : 10
BENCHMARK_SETS: 2
BENCHMARK_RUNS: 5
==========================================
There are  1 available devices
Host device is -1
Initializing benchmark runtime environment...

========== Benchmark Execution ==========
Method/N                                                    16382
                                           BIC intercept | lowest
nowait                                 17.540±0.880      |     15.980±0.386     
==========================================
Finalizing benchmark.

===== [M8] Method=8 N=16,64,256,1024,4096,8192,16382 Delay=1,8096 =====
Adjusted limits: MAX_ITER=16382 (default=6656, max threads*teams=4224, max N=16382), MAX_ARRAY_SIZE=65536 (default=65536)
========== Runtime Configuration ==========
Methods       : 8
Delay range   : [1, 8096]
Array size(s) : 16, 64, 256, 1024, 4096, 8192, 16382
thread_count(s): 32
team_count(s) : 132
MAX_ITER      : 16382  (kernel workload)
MAX_ARRAY_SIZE: 65536  (mapping/memory space)
NUM_SAMPLES   : 20
OUTERREPS     : 1
WARMUP_ITERS  : 10
BENCHMARK_SETS: 2
BENCHMARK_RUNS: 5
==========================================
There are  1 available devices
Host device is -1
Initializing benchmark runtime environment...

========== Benchmark Execution ==========
Method/N                                                       16                            64                           256                          1024                          4096                          8192                         16382
                                           BIC intercept | lowest        BIC intercept | lowest        BIC intercept | lowest        BIC intercept | lowest        BIC intercept | lowest        BIC intercept | lowest        BIC intercept | lowest
teams atomic                           18.927±0.506      |     17.775±0.156         16.006±0.745      |     14.585±0.121         13.896±0.426      |     13.230±0.060         13.654±0.934      |     12.259±0.087         12.953±0.679      |     12.113±0.241         13.128±0.890      |     12.093±0.148         13.474±0.981      |     12.003±0.130     
==========================================
Finalizing benchmark.

===== [M9] Method=9 N=16,64,256,1024,4096,8192,16382 Delay=1,8096 =====
Adjusted limits: MAX_ITER=16382 (default=6656, max threads*teams=4224, max N=16382), MAX_ARRAY_SIZE=65536 (default=65536)
========== Runtime Configuration ==========
Methods       : 9
Delay range   : [1, 8096]
Array size(s) : 16, 64, 256, 1024, 4096, 8192, 16382
thread_count(s): 32
team_count(s) : 132
MAX_ITER      : 16382  (kernel workload)
MAX_ARRAY_SIZE: 65536  (mapping/memory space)
NUM_SAMPLES   : 20
OUTERREPS     : 1
WARMUP_ITERS  : 10
BENCHMARK_SETS: 2
BENCHMARK_RUNS: 5
==========================================
There are  1 available devices
Host device is -1
Initializing benchmark runtime environment...

========== Benchmark Execution ==========
Method/N                                                       16                            64                           256                          1024                          4096                          8192                         16382
                                           BIC intercept | lowest        BIC intercept | lowest        BIC intercept | lowest        BIC intercept | lowest        BIC intercept | lowest        BIC intercept | lowest        BIC intercept | lowest
teams reduction                        52.345±2.521      |     50.186±1.990        110.559±2.446      |    108.826±2.547        339.679±2.548      |    337.685±2.246       1408.105±1.138      |   1405.336±1.803       5635.585±2.348      |   5628.542±2.084      11319.429±7.246      |  11312.853±4.231      23634.075±4.453      |  23565.263±16.104    
==========================================
Finalizing benchmark.

===== [M11_parreps] Method=11 N=1,2,4,8,16,32,64,128 Delay=1,8096 =====
Adjusted limits: MAX_ITER=6656 (default=6656, max threads*teams=4224, max N=128), MAX_ARRAY_SIZE=65536 (default=65536)
========== Runtime Configuration ==========
Methods       : 11
Delay range   : [1, 8096]
Array size(s) : 1, 2, 4, 8, 16, 32, 64, 128
thread_count(s): 32
team_count(s) : 132
MAX_ITER      : 6656  (kernel workload)
MAX_ARRAY_SIZE: 65536  (mapping/memory space)
NUM_SAMPLES   : 20
OUTERREPS     : 1
WARMUP_ITERS  : 10
BENCHMARK_SETS: 2
BENCHMARK_RUNS: 5
==========================================
There are  1 available devices
Host device is -1
Initializing benchmark runtime environment...

========== Benchmark Execution ==========
Method/N                                                        1                             2                             4                             8                            16                            32                            64                           128
                                           BIC intercept | lowest        BIC intercept | lowest        BIC intercept | lowest        BIC intercept | lowest        BIC intercept | lowest        BIC intercept | lowest        BIC intercept | lowest        BIC intercept | lowest
teams + parallel inside                16.877±0.958      |     15.701±0.473         18.969±0.675      |     17.530±0.372         23.140±1.121      |     20.874±0.408         30.227±1.042      |     26.940±0.450         42.802±0.823      |     39.040±0.350         66.846±0.636      |     63.157±0.588        116.263±0.594      |    110.544±0.496        214.667±0.750      |    205.967±1.600     
==========================================
Finalizing benchmark.

All EIDF A100 NVHPC benchmark groups completed.
Results saved under result/EIDF_A100NVC_Output/OpenMP
