Running EIDF A100 OpenMP benchmark groups...
========== EIDF A100 configuration ==========
THREADS=32
TEAMS=108
Sat May 23 18:12:54 2026       
+-----------------------------------------------------------------------------------------+
| NVIDIA-SMI 570.124.06             Driver Version: 570.124.06     CUDA Version: 12.9     |
|-----------------------------------------+------------------------+----------------------+
| GPU  Name                 Persistence-M | Bus-Id          Disp.A | Volatile Uncorr. ECC |
| Fan  Temp   Perf          Pwr:Usage/Cap |           Memory-Usage | GPU-Util  Compute M. |
|                                         |                        |               MIG M. |
|=========================================+========================+======================|
|   0  NVIDIA A100-SXM4-40GB          Off |   00000000:12:00.0 Off |                    0 |
| N/A   29C    P0             64W /  400W |       1MiB /  40960MiB |      0%      Default |
|                                         |                        |             Disabled |
+-----------------------------------------+------------------------+----------------------+
                                                                                         
+-----------------------------------------------------------------------------------------+
| Processes:                                                                              |
|  GPU   GI   CI              PID   Type   Process name                        GPU Memory |
|        ID   ID                                                               Usage      |
|=========================================================================================|
|  No running processes found                                                             |
+-----------------------------------------------------------------------------------------+
=============================================
Compiling...

===== [M0_M10] Method=0,10 N=16382 Delay=1,8096 =====
Adjusted limits: MAX_ITER=16382 (default=6656, max threads*teams=3456, max N=16382), MAX_ARRAY_SIZE=65536 (default=65536)
========== Runtime Configuration ==========
Methods       : 0, 10
Delay range   : [1, 8096]
Array size(s) : 16382
thread_count(s): 32
team_count(s) : 108
MAX_ITER      : 16382  (kernel workload)
MAX_ARRAY_SIZE: 65536  (mapping/memory space)
NUM_SAMPLES   : 20
OUTERREPS     : 1
WARMUP_ITERS  : 10
BENCHMARK_SETS: 2
BENCHMARK_RUNS: 5
==========================================
There are  1 available devices
Host device is 1
Initializing benchmark runtime environment...

========== Benchmark Execution ==========
Method/N                                                    16382
                                           BIC intercept | lowest
pure delay kernel                      40.647±2.748      |     33.479±1.091     
teams parallel                      13065.714±1608.539   |   4011.020±1051.508  
==========================================
Finalizing benchmark.

===== [M1to4] Method=1,2,3,4 N=1,4,16,64,256,1024,4096,8192,16382,32768,65536 Delay=1,8096 =====
Adjusted limits: MAX_ITER=65536 (default=6656, max threads*teams=3456, max N=65536), MAX_ARRAY_SIZE=65536 (default=65536)
========== Runtime Configuration ==========
Methods       : 1, 2, 3, 4
Delay range   : [1, 8096]
Array size(s) : 1, 4, 16, 64, 256, 1024, 4096, 8192, 16382, 32768, 65536
thread_count(s): 32
team_count(s) : 108
MAX_ITER      : 65536  (kernel workload)
MAX_ARRAY_SIZE: 65536  (mapping/memory space)
NUM_SAMPLES   : 20
OUTERREPS     : 1
WARMUP_ITERS  : 10
BENCHMARK_SETS: 2
BENCHMARK_RUNS: 5
==========================================
There are  1 available devices
Host device is 1
Initializing benchmark runtime environment...

========== Benchmark Execution ==========
Method/N                                                        1                             4                            16                            64                           256                          1024                          4096                          8192                         16382                         32768                         65536
                                           BIC intercept | lowest        BIC intercept | lowest        BIC intercept | lowest        BIC intercept | lowest        BIC intercept | lowest        BIC intercept | lowest        BIC intercept | lowest        BIC intercept | lowest        BIC intercept | lowest        BIC intercept | lowest        BIC intercept | lowest
map(tofrom: a)                         58.547±5.356      |     46.815±3.013         58.940±4.137      |     46.687±0.920         60.279±3.024      |     47.671±1.480         58.038±5.330      |     46.751±0.751         58.302±6.011      |     48.480±2.923         65.159±5.836      |     50.075±0.707         70.875±6.250      |     60.642±0.618         96.009±6.462      |     82.834±1.077        125.900±6.203      |    109.120±1.136        175.423±7.341      |    158.091±1.120        271.318±15.379     |    246.792±2.565     
map(to: a)                             72.433±64.737     |     53.145±66.938        46.135±3.095      |     33.155±0.404         45.291±4.092      |     33.391±1.050         43.885±4.720      |     32.288±0.795         45.355±4.111      |     32.869±0.518         44.743±4.763      |     34.164±0.374         51.592±3.492      |     39.524±0.840         69.731±4.801      |     52.835±1.021         74.288±5.731      |     61.515±1.007         81.165±5.218      |     74.790±1.063        111.365±4.573      |     99.152±0.943     
map(from: a)                           58.278±5.126      |     46.473±0.694         57.271±7.488      |     47.016±0.511         62.002±6.929      |     47.691±0.677         60.066±4.195      |     46.921±2.270         58.057±6.100      |     46.743±1.097         58.299±7.305      |     47.047±0.670         70.212±6.112      |     52.894±0.845         71.425±6.807      |     59.358±1.036         85.654±8.903      |     73.222±1.258        115.997±11.412     |    102.209±1.312        182.885±21.794     |    156.832±1.563     
map(alloc: a)                          44.573±6.709      |     32.986±0.524         42.210±3.708      |     32.827±0.625         41.416±3.702      |     33.011±0.360         44.979±4.224      |     32.298±0.436         42.634±5.327      |     32.737±0.834         41.219±4.829      |     32.210±0.461         43.217±4.728      |     32.623±0.586         41.496±6.898      |     32.534±0.552         42.388±4.669      |     33.049±2.095         44.100±5.189      |     32.615±0.345         38.322±2.896      |     32.226±0.551     
==========================================
Finalizing benchmark.

===== [M5] Method=5 N=16382 Delay=1,8096 =====
Adjusted limits: MAX_ITER=16382 (default=6656, max threads*teams=3456, max N=16382), MAX_ARRAY_SIZE=65536 (default=65536)
========== Runtime Configuration ==========
Methods       : 5
Delay range   : [1, 8096]
Array size(s) : 16382
thread_count(s): 32
team_count(s) : 108
MAX_ITER      : 16382  (kernel workload)
MAX_ARRAY_SIZE: 65536  (mapping/memory space)
NUM_SAMPLES   : 20
OUTERREPS     : 1
WARMUP_ITERS  : 10
BENCHMARK_SETS: 2
BENCHMARK_RUNS: 5
==========================================
There are  1 available devices
Host device is 1
Initializing benchmark runtime environment...

========== Benchmark Execution ==========
Method/N                                                    16382
                                           BIC intercept | lowest
teams (scalar)                         77.421±5.936      |     65.733±1.827     
==========================================
Finalizing benchmark.

===== [M6] Method=6 N=16382 Delay=1,8096 =====
Adjusted limits: MAX_ITER=16382 (default=6656, max threads*teams=3456, max N=16382), MAX_ARRAY_SIZE=65536 (default=65536)
========== Runtime Configuration ==========
Methods       : 6
Delay range   : [1, 8096]
Array size(s) : 16382
thread_count(s): 32
team_count(s) : 108
MAX_ITER      : 16382  (kernel workload)
MAX_ARRAY_SIZE: 65536  (mapping/memory space)
NUM_SAMPLES   : 20
OUTERREPS     : 1
WARMUP_ITERS  : 10
BENCHMARK_SETS: 2
BENCHMARK_RUNS: 5
==========================================
There are  1 available devices
Host device is 1
Initializing benchmark runtime environment...

========== Benchmark Execution ==========
Method/N                                                    16382
                                           BIC intercept | lowest
teams distribute parallel for          38.966±4.766      |     34.077±0.373     
==========================================
Finalizing benchmark.

===== [M7] Method=7 N=16382 Delay=1,8096 =====
Adjusted limits: MAX_ITER=16382 (default=6656, max threads*teams=3456, max N=16382), MAX_ARRAY_SIZE=65536 (default=65536)
========== Runtime Configuration ==========
Methods       : 7
Delay range   : [1, 8096]
Array size(s) : 16382
thread_count(s): 32
team_count(s) : 108
MAX_ITER      : 16382  (kernel workload)
MAX_ARRAY_SIZE: 65536  (mapping/memory space)
NUM_SAMPLES   : 20
OUTERREPS     : 1
WARMUP_ITERS  : 10
BENCHMARK_SETS: 2
BENCHMARK_RUNS: 5
==========================================
There are  1 available devices
Host device is 1
Initializing benchmark runtime environment...

========== Benchmark Execution ==========
Method/N                                                    16382
                                           BIC intercept | lowest
nowait                                 43.453±2.842      |     34.026±0.609     
==========================================
Finalizing benchmark.

===== [M8] Method=8 N=16,64,256,1024,4096,8192,16382 Delay=1,8096 =====
Adjusted limits: MAX_ITER=16382 (default=6656, max threads*teams=3456, max N=16382), MAX_ARRAY_SIZE=65536 (default=65536)
========== Runtime Configuration ==========
Methods       : 8
Delay range   : [1, 8096]
Array size(s) : 16, 64, 256, 1024, 4096, 8192, 16382
thread_count(s): 32
team_count(s) : 108
MAX_ITER      : 16382  (kernel workload)
MAX_ARRAY_SIZE: 65536  (mapping/memory space)
NUM_SAMPLES   : 20
OUTERREPS     : 1
WARMUP_ITERS  : 10
BENCHMARK_SETS: 2
BENCHMARK_RUNS: 5
==========================================
There are  1 available devices
Host device is 1
Initializing benchmark runtime environment...

========== Benchmark Execution ==========
Method/N                                                       16                            64                           256                          1024                          4096                          8192                         16382
                                           BIC intercept | lowest        BIC intercept | lowest        BIC intercept | lowest        BIC intercept | lowest        BIC intercept | lowest        BIC intercept | lowest        BIC intercept | lowest
teams atomic                         9854.556±2399.150   |   3520.657±514.689     9335.445±1076.519   |   2660.842±387.291    10443.131±2425.155   |   2611.202±320.806     9960.752±1297.176   |   2777.265±433.411    10642.347±1232.476   |   2665.696±697.414     8761.561±2573.516   |   2599.792±380.639     8983.169±1343.538   |   2639.636±348.044   
==========================================
Finalizing benchmark.

===== [M9] Method=9 N=16,64,256,1024,4096,8192,16382 Delay=1,8096 =====
Adjusted limits: MAX_ITER=16382 (default=6656, max threads*teams=3456, max N=16382), MAX_ARRAY_SIZE=65536 (default=65536)
========== Runtime Configuration ==========
Methods       : 9
Delay range   : [1, 8096]
Array size(s) : 16, 64, 256, 1024, 4096, 8192, 16382
thread_count(s): 32
team_count(s) : 108
MAX_ITER      : 16382  (kernel workload)
MAX_ARRAY_SIZE: 65536  (mapping/memory space)
NUM_SAMPLES   : 20
OUTERREPS     : 1
WARMUP_ITERS  : 10
BENCHMARK_SETS: 2
BENCHMARK_RUNS: 5
==========================================
There are  1 available devices
Host device is 1
Initializing benchmark runtime environment...

========== Benchmark Execution ==========
Method/N                                                       16                            64                           256                          1024                          4096                          8192                         16382
                                           BIC intercept | lowest        BIC intercept | lowest        BIC intercept | lowest        BIC intercept | lowest        BIC intercept | lowest        BIC intercept | lowest        BIC intercept | lowest
teams reduction                     12440.490±1995.487   |   3362.405±367.085    12536.173±1626.955   |   4081.442±1181.615   13664.484±1491.392   |   3474.381±421.113    12552.865±2271.443   |   3485.644±416.503    12063.654±1656.201   |   4103.093±1091.763   12479.438±1770.272   |   3616.313±731.470    14176.676±1355.824   |   3944.942±937.183   
==========================================
Finalizing benchmark.

===== [M11_parreps] Method=11 N=1,2,4,8,16,32,64,128 Delay=1,8096 =====
Adjusted limits: MAX_ITER=6656 (default=6656, max threads*teams=3456, max N=128), MAX_ARRAY_SIZE=65536 (default=65536)
========== Runtime Configuration ==========
Methods       : 11
Delay range   : [1, 8096]
Array size(s) : 1, 2, 4, 8, 16, 32, 64, 128
thread_count(s): 32
team_count(s) : 108
MAX_ITER      : 6656  (kernel workload)
MAX_ARRAY_SIZE: 65536  (mapping/memory space)
NUM_SAMPLES   : 20
OUTERREPS     : 1
WARMUP_ITERS  : 10
BENCHMARK_SETS: 2
BENCHMARK_RUNS: 5
==========================================
There are  1 available devices
Host device is 1
Initializing benchmark runtime environment...

========== Benchmark Execution ==========
Method/N                                                        1                             2                             4                             8                            16                            32                            64                           128
                                           BIC intercept | lowest        BIC intercept | lowest        BIC intercept | lowest        BIC intercept | lowest        BIC intercept | lowest        BIC intercept | lowest        BIC intercept | lowest        BIC intercept | lowest
teams + parallel inside             13760.579±1241.719   |   3663.073±1070.124   12461.779±1797.886   |   3972.181±623.837    11830.299±2288.733   |   4637.936±919.722     7977.498±1911.073   |   6129.318±361.953    13544.727±1954.227   |   9946.985±192.659    22351.515±1903.964   |  18052.737±267.559    45700.207±2084.424   |  33409.622±1698.965   83086.214±2343.658   |  63198.783±1028.066  
==========================================
Finalizing benchmark.

All EIDF A100 benchmark groups completed.
Results saved under result/EIDF_A100_Output/OpenMP
