Running Archer2 benchmark sweep...
THREADS=64, TEAMS=104
N_DATA=1,4,16,64,256,1024,4096,16384,65536,262144,1048576,4194304,16777216
N_ATORED=1,4,16,64
N_FIXED=16384
DELAY_SHORT=1,8096

===== [M0_M10] Method=0,10 N=16384 Delay=1,8096 =====
Adjusted limits: MAX_ITER=16384 (default=6656, max threads*teams=6656, max N=16384), MAX_ARRAY_SIZE=65536 (default=65536)
========== Runtime Configuration ==========
Methods       : 0, 10
Delay range   : [1, 8096]
Array size(s) : 16384
thread_count(s): 64
team_count(s) : 104
MAX_ITER      : 16384  (kernel workload)
MAX_ARRAY_SIZE: 65536  (mapping/memory space)
NUM_SAMPLES   : 20
OUTERREPS     : 1
WARMUP_ITERS  : 10
BENCHMARK_SETS: 2
BENCHMARK_RUNS: 5
==========================================
There are  4 available devices
Host device is 4
Initializing benchmark runtime environment...

========== Benchmark Execution ==========
Method/N                                                    16384
                                           BIC intercept | lowest
pure delay kernel                     202.262±12.794     |    198.224±0.282     
teams parallel                        395.709±1.077      |    400.823±0.234     
==========================================
Finalizing benchmark.

===== [M1to4] Method=1,2,3,4 N=1,4,16,64,256,1024,4096,16384,65536,262144,1048576,4194304,16777216 Delay=1,8096 =====
Adjusted limits: MAX_ITER=16777216 (default=6656, max threads*teams=6656, max N=16777216), MAX_ARRAY_SIZE=16777216 (default=65536)
========== Runtime Configuration ==========
Methods       : 1, 2, 3, 4
Delay range   : [1, 8096]
Array size(s) : 1, 4, 16, 64, 256, 1024, 4096, 16384, 65536, 262144, 1048576, 4194304, 16777216
thread_count(s): 64
team_count(s) : 104
MAX_ITER      : 16777216  (kernel workload)
MAX_ARRAY_SIZE: 16777216  (mapping/memory space)
NUM_SAMPLES   : 20
OUTERREPS     : 1
WARMUP_ITERS  : 10
BENCHMARK_SETS: 2
BENCHMARK_RUNS: 5
==========================================
There are  4 available devices
Host device is 4
Initializing benchmark runtime environment...

========== Benchmark Execution ==========
Method/N                                                        1                             4                            16                            64                           256                          1024                          4096                         16384                         65536                        262144                       1048576                       4194304                      16777216
                                           BIC intercept | lowest        BIC intercept | lowest        BIC intercept | lowest        BIC intercept | lowest        BIC intercept | lowest        BIC intercept | lowest        BIC intercept | lowest        BIC intercept | lowest        BIC intercept | lowest        BIC intercept | lowest        BIC intercept | lowest        BIC intercept | lowest        BIC intercept | lowest
map(tofrom: a)                        210.773±11.540     |    209.925±0.231        209.379±10.837     |    210.273±0.699        207.699±10.261     |    210.212±0.579        207.096±10.648     |    210.066±0.202        207.846±11.242     |    211.253±0.688        215.882±11.980     |    215.458±0.908        229.557±12.283     |    228.115±3.712        272.043±14.361     |    270.576±0.755        301.754±14.805     |    300.109±0.819        642.109±11.190     |    638.564±1.814       1200.298±12.003     |   1196.215±1.528       3064.117±12.535     |   3167.067±0.363      10535.323±17.074     |  10520.836±4.929     
map(to: a)                            203.378±11.314     |    201.178±0.081        202.594±10.973     |    201.364±0.110        201.202±9.799      |    201.232±0.268        200.869±10.324     |    201.510±0.422        199.900±11.217     |    201.330±0.384        200.662±11.787     |    201.546±0.090        201.955±13.143     |    202.301±0.209        209.580±14.405     |    209.538±0.488        239.143±14.962     |    237.731±0.373        528.376±11.373     |    525.752±2.158        764.158±10.351     |    761.106±4.226       1691.935±12.053     |   1689.119±0.824       5468.679±13.172     |   5490.925±2.309     
map(from: a)                          209.250±11.161     |    209.265±1.057        208.337±10.749     |    209.142±1.012        206.085±9.822      |    208.964±0.568        205.049±10.611     |    208.638±0.164        205.060±11.251     |    208.905±0.097        212.741±11.929     |    213.453±0.538        230.622±12.834     |    229.726±1.771        288.631±17.385     |    283.654±13.828       261.379±14.757     |    258.791±1.347        523.791±11.609     |    521.120±1.016        746.495±11.243     |    743.531±0.592       1801.623±22.534     |   1856.236±3.987       7775.363±452.913    |   5509.053±61.424    
map(alloc: a)                         199.865±11.409     |    199.651±0.107        199.154±10.857     |    200.516±0.580        196.678±10.075     |    199.738±0.139        196.445±10.627     |    199.910±0.352        195.884±11.402     |    199.684±0.095        199.203±11.609     |    199.742±0.104        201.754±12.790     |    201.830±0.611        201.659±14.344     |    201.329±0.098        203.683±15.073     |    201.566±0.346        465.540±12.008     |    462.304±0.445        497.685±11.605     |    494.051±0.759        472.879±11.495     |    445.523±6.056       3004.909±502.618    |    539.156±81.601    
==========================================
Finalizing benchmark.

===== [M5] Method=5 N=16384 Delay=1,8096 =====
Adjusted limits: MAX_ITER=16384 (default=6656, max threads*teams=6656, max N=16384), MAX_ARRAY_SIZE=65536 (default=65536)
========== Runtime Configuration ==========
Methods       : 5
Delay range   : [1, 8096]
Array size(s) : 16384
thread_count(s): 64
team_count(s) : 104
MAX_ITER      : 16384  (kernel workload)
MAX_ARRAY_SIZE: 65536  (mapping/memory space)
NUM_SAMPLES   : 20
OUTERREPS     : 1
WARMUP_ITERS  : 10
BENCHMARK_SETS: 2
BENCHMARK_RUNS: 5
==========================================
There are  4 available devices
Host device is 4
Initializing benchmark runtime environment...

========== Benchmark Execution ==========
Method/N                                                    16384
                                           BIC intercept | lowest
teams (scalar)                        271.148±1.659      |    273.678±0.658     
==========================================
Finalizing benchmark.

===== [M6] Method=6 N=16384 Delay=1,8096 =====
Adjusted limits: MAX_ITER=16384 (default=6656, max threads*teams=6656, max N=16384), MAX_ARRAY_SIZE=65536 (default=65536)
========== Runtime Configuration ==========
Methods       : 6
Delay range   : [1, 8096]
Array size(s) : 16384
thread_count(s): 64
team_count(s) : 104
MAX_ITER      : 16384  (kernel workload)
MAX_ARRAY_SIZE: 65536  (mapping/memory space)
NUM_SAMPLES   : 20
OUTERREPS     : 1
WARMUP_ITERS  : 10
BENCHMARK_SETS: 2
BENCHMARK_RUNS: 5
==========================================
There are  4 available devices
Host device is 4
Initializing benchmark runtime environment...

========== Benchmark Execution ==========
Method/N                                                    16384
                                           BIC intercept | lowest
teams distribute parallel for         281.250±1.466      |    276.275±1.434     
==========================================
Finalizing benchmark.

===== [M7] Method=7 N=16384 Delay=1,8096 =====
Adjusted limits: MAX_ITER=16384 (default=6656, max threads*teams=6656, max N=16384), MAX_ARRAY_SIZE=65536 (default=65536)
========== Runtime Configuration ==========
Methods       : 7
Delay range   : [1, 8096]
Array size(s) : 16384
thread_count(s): 64
team_count(s) : 104
MAX_ITER      : 16384  (kernel workload)
MAX_ARRAY_SIZE: 65536  (mapping/memory space)
NUM_SAMPLES   : 20
OUTERREPS     : 1
WARMUP_ITERS  : 10
BENCHMARK_SETS: 2
BENCHMARK_RUNS: 5
==========================================
There are  4 available devices
Host device is 4
Initializing benchmark runtime environment...

========== Benchmark Execution ==========
Method/N                                                    16384
                                           BIC intercept | lowest
nowait                                201.798±8.968      |    198.082±0.489     
==========================================
Finalizing benchmark.

===== [M8] Method=8 N=1,4,16,64 Delay=1,8096 =====
Adjusted limits: MAX_ITER=6656 (default=6656, max threads*teams=6656, max N=64), MAX_ARRAY_SIZE=65536 (default=65536)
========== Runtime Configuration ==========
Methods       : 8
Delay range   : [1, 8096]
Array size(s) : 1, 4, 16, 64
thread_count(s): 64
team_count(s) : 104
MAX_ITER      : 6656  (kernel workload)
MAX_ARRAY_SIZE: 65536  (mapping/memory space)
NUM_SAMPLES   : 20
OUTERREPS     : 1
WARMUP_ITERS  : 10
BENCHMARK_SETS: 2
BENCHMARK_RUNS: 5
==========================================
There are  4 available devices
Host device is 4
Initializing benchmark runtime environment...

========== Benchmark Execution ==========
Method/N                                                        1                             4                            16                            64
                                           BIC intercept | lowest        BIC intercept | lowest        BIC intercept | lowest        BIC intercept | lowest
teams atomic                         9672.209±26.408     |   9535.266±20.970      1224.694±7.793      |   1415.092±1.527        378.626±5.753      |    536.891±0.469        253.432±3.932      |    308.511±0.284     
==========================================
Finalizing benchmark.

===== [M11_parreps] Method=11 N=1,2,4,8,16,32,64,128 Delay=1,8096 =====
Adjusted limits: MAX_ITER=6656 (default=6656, max threads*teams=6656, max N=128), MAX_ARRAY_SIZE=65536 (default=65536)
========== Runtime Configuration ==========
Methods       : 11
Delay range   : [1, 8096]
Array size(s) : 1, 2, 4, 8, 16, 32, 64, 128
thread_count(s): 64
team_count(s) : 104
MAX_ITER      : 6656  (kernel workload)
MAX_ARRAY_SIZE: 65536  (mapping/memory space)
NUM_SAMPLES   : 20
OUTERREPS     : 1
WARMUP_ITERS  : 10
BENCHMARK_SETS: 2
BENCHMARK_RUNS: 5
==========================================
There are  4 available devices
Host device is 4
Initializing benchmark runtime environment...

========== Benchmark Execution ==========
Method/N                                                        1                             2                             4                             8                            16                            32                            64                           128
                                           BIC intercept | lowest        BIC intercept | lowest        BIC intercept | lowest        BIC intercept | lowest        BIC intercept | lowest        BIC intercept | lowest        BIC intercept | lowest        BIC intercept | lowest
teams + parallel inside               443.034±0.959      |    446.813±0.618        466.130±1.348      |    465.876±0.936        507.788±0.640      |    506.200±1.000        588.939±1.962      |    587.783±4.858        734.220±1.881      |    747.308±0.813       1030.231±3.988      |   1071.937±1.609       1616.575±4.289      |   1714.321±3.759       2797.294±10.392     |   3012.795±3.865     
==========================================
Finalizing benchmark.

All benchmark groups completed.
Results saved under result/Archer2_Output/OpenMP
