Running Archer2 benchmark sweep...
THREADS=64, TEAMS=104
N_DATA=1,4,16,64,256,1024,4096,16384,65536,262144,1048576,4194304,16777216
N_ATORED=1,4,16,64
N_FIXED=16384
DELAY_SHORT=1,8096

===== [M0_M10] Method=0,10 N=16384 Delay=1,8096 =====
Adjusted limits: MAX_ITER=16384 (default=6656, max threads*teams=6656, max N=16384), MAX_ARRAY_SIZE=65536 (default=65536)
========== Runtime Configuration ==========
Methods       : 0, 10
Delay range   : [1, 8096]
Array size(s) : 16384
thread_count(s): 64
team_count(s) : 104
MAX_ITER      : 16384  (kernel workload)
MAX_ARRAY_SIZE: 65536  (mapping/memory space)
NUM_SAMPLES   : 20
OUTERREPS     : 1
WARMUP_ITERS  : 10
BENCHMARK_SETS: 2
BENCHMARK_RUNS: 5
==========================================
There are  4 available devices
Host device is 4
Initializing benchmark runtime environment...

========== Benchmark Execution ==========
Method/N                                                    16384
                                           BIC intercept | lowest
pure delay kernel                     225.135±5.873      |    222.306±0.082     
teams parallel                        230.411±0.491      |    227.891±0.061     
==========================================
Finalizing benchmark.

===== [M1to4] Method=1,2,3,4 N=1,4,16,64,256,1024,4096,16384,65536,262144,1048576,4194304,16777216 Delay=1,8096 =====
Adjusted limits: MAX_ITER=16777216 (default=6656, max threads*teams=6656, max N=16777216), MAX_ARRAY_SIZE=16777216 (default=65536)
========== Runtime Configuration ==========
Methods       : 1, 2, 3, 4
Delay range   : [1, 8096]
Array size(s) : 1, 4, 16, 64, 256, 1024, 4096, 16384, 65536, 262144, 1048576, 4194304, 16777216
thread_count(s): 64
team_count(s) : 104
MAX_ITER      : 16777216  (kernel workload)
MAX_ARRAY_SIZE: 16777216  (mapping/memory space)
NUM_SAMPLES   : 20
OUTERREPS     : 1
WARMUP_ITERS  : 10
BENCHMARK_SETS: 2
BENCHMARK_RUNS: 5
==========================================
There are  4 available devices
Host device is 4
Initializing benchmark runtime environment...

========== Benchmark Execution ==========
Method/N                                                        1                             4                            16                            64                           256                          1024                          4096                         16384                         65536                        262144                       1048576                       4194304                      16777216
                                           BIC intercept | lowest        BIC intercept | lowest        BIC intercept | lowest        BIC intercept | lowest        BIC intercept | lowest        BIC intercept | lowest        BIC intercept | lowest        BIC intercept | lowest        BIC intercept | lowest        BIC intercept | lowest        BIC intercept | lowest        BIC intercept | lowest        BIC intercept | lowest
map(tofrom: a)                        279.973±4.555      |    274.491±0.358        279.283±5.016      |    274.635±0.303        277.912±6.208      |    274.247±0.261        277.855±6.908      |    274.139±0.317        277.070±7.157      |    274.378±0.182        277.686±6.734      |    275.475±0.199        278.037±6.069      |    276.619±0.195        296.364±4.930      |    294.966±0.181        366.855±4.597      |    363.801±0.203        430.763±5.783      |    429.236±0.050        887.795±7.342      |    884.646±4.050       2708.226±6.734      |   2703.940±0.375      10031.609±6.669      |  10025.734±0.829     
map(to: a)                            255.202±4.317      |    251.822±0.262        254.432±4.733      |    251.931±0.325        253.924±5.835      |    251.880±0.325        252.866±6.589      |    251.980±0.294        252.818±6.705      |    251.982±0.263        252.579±6.304      |    252.571±0.217        254.930±6.117      |    254.953±0.217        260.625±4.446      |    260.317±0.226        292.816±4.995      |    291.975±0.154        331.352±6.068      |    329.902±0.227        566.696±6.620      |    564.879±0.359       1498.783±6.233      |   1495.901±0.364       5242.256±6.742      |   5235.457±2.326     
map(from: a)                          251.841±4.285      |    247.001±0.206        250.675±4.968      |    246.970±0.247        250.103±6.009      |    246.961±0.263        249.718±7.012      |    246.958±0.214        249.231±7.288      |    246.959±0.244        249.338±6.361      |    247.447±0.250        250.709±6.154      |    248.639±1.058        258.526±5.214      |    256.822±0.261        295.210±4.960      |    293.151±0.103        326.652±6.748      |    323.747±2.559        555.644±6.590      |    551.946±0.273       1447.401±7.292      |   1443.160±0.199       5034.623±6.198      |   5028.058±0.129     
map(alloc: a)                         228.596±4.891      |    223.634±0.192        227.992±4.875      |    223.662±0.205        226.950±6.380      |    223.594±0.220        226.291±7.353      |    223.650±0.187        226.002±7.519      |    223.659±0.188        224.907±6.960      |    223.659±0.120        225.063±6.904      |    223.617±0.222        224.418±5.405      |    223.628±0.160        226.126±5.597      |    223.690±0.138        226.821±5.692      |    223.735±0.204        227.269±6.596      |    223.650±0.213        227.768±7.274      |    223.813±0.214        228.370±5.852      |    223.711±0.167     
==========================================
Finalizing benchmark.

===== [M5] Method=5 N=16384 Delay=1,8096 =====
Adjusted limits: MAX_ITER=16384 (default=6656, max threads*teams=6656, max N=16384), MAX_ARRAY_SIZE=65536 (default=65536)
========== Runtime Configuration ==========
Methods       : 5
Delay range   : [1, 8096]
Array size(s) : 16384
thread_count(s): 64
team_count(s) : 104
MAX_ITER      : 16384  (kernel workload)
MAX_ARRAY_SIZE: 65536  (mapping/memory space)
NUM_SAMPLES   : 20
OUTERREPS     : 1
WARMUP_ITERS  : 10
BENCHMARK_SETS: 2
BENCHMARK_RUNS: 5
==========================================
There are  4 available devices
Host device is 4
Initializing benchmark runtime environment...

========== Benchmark Execution ==========
Method/N                                                    16384
                                           BIC intercept | lowest
teams (scalar)                        229.392±5.519      |    224.600±0.064     
==========================================
Finalizing benchmark.

===== [M6] Method=6 N=16384 Delay=1,8096 =====
Adjusted limits: MAX_ITER=16384 (default=6656, max threads*teams=6656, max N=16384), MAX_ARRAY_SIZE=65536 (default=65536)
========== Runtime Configuration ==========
Methods       : 6
Delay range   : [1, 8096]
Array size(s) : 16384
thread_count(s): 64
team_count(s) : 104
MAX_ITER      : 16384  (kernel workload)
MAX_ARRAY_SIZE: 65536  (mapping/memory space)
NUM_SAMPLES   : 20
OUTERREPS     : 1
WARMUP_ITERS  : 10
BENCHMARK_SETS: 2
BENCHMARK_RUNS: 5
==========================================
There are  4 available devices
Host device is 4
Initializing benchmark runtime environment...

========== Benchmark Execution ==========
Method/N                                                    16384
                                           BIC intercept | lowest
teams distribute parallel for         250.541±0.595      |    241.192±3.752     
==========================================
Finalizing benchmark.

===== [M7] Method=7 N=16384 Delay=1,8096 =====
Adjusted limits: MAX_ITER=16384 (default=6656, max threads*teams=6656, max N=16384), MAX_ARRAY_SIZE=65536 (default=65536)
========== Runtime Configuration ==========
Methods       : 7
Delay range   : [1, 8096]
Array size(s) : 16384
thread_count(s): 64
team_count(s) : 104
MAX_ITER      : 16384  (kernel workload)
MAX_ARRAY_SIZE: 65536  (mapping/memory space)
NUM_SAMPLES   : 20
OUTERREPS     : 1
WARMUP_ITERS  : 10
BENCHMARK_SETS: 2
BENCHMARK_RUNS: 5
==========================================
There are  4 available devices
Host device is 4
Initializing benchmark runtime environment...

========== Benchmark Execution ==========
Method/N                                                    16384
                                           BIC intercept | lowest
nowait                                245.426±7.746      |    242.538±0.135     
==========================================
Finalizing benchmark.

===== [M8] Method=8 N=1,4,16,64 Delay=1,8096 =====
Adjusted limits: MAX_ITER=6656 (default=6656, max threads*teams=6656, max N=64), MAX_ARRAY_SIZE=65536 (default=65536)
========== Runtime Configuration ==========
Methods       : 8
Delay range   : [1, 8096]
Array size(s) : 1, 4, 16, 64
thread_count(s): 64
team_count(s) : 104
MAX_ITER      : 6656  (kernel workload)
MAX_ARRAY_SIZE: 65536  (mapping/memory space)
NUM_SAMPLES   : 20
OUTERREPS     : 1
WARMUP_ITERS  : 10
BENCHMARK_SETS: 2
BENCHMARK_RUNS: 5
==========================================
There are  4 available devices
Host device is 4
Initializing benchmark runtime environment...

========== Benchmark Execution ==========
Method/N                                                        1                             4                            16                            64
                                           BIC intercept | lowest        BIC intercept | lowest        BIC intercept | lowest        BIC intercept | lowest
teams atomic                         7009.764±18.437     |   7025.520±7.938        749.912±5.445      |    837.692±2.009        318.513±3.319      |    402.687±0.796        239.696±3.354      |    272.084±0.092     
==========================================
Finalizing benchmark.

===== [M11_parreps] Method=11 N=1,2,4,8,16,32,64,128 Delay=1,8096 =====
Adjusted limits: MAX_ITER=6656 (default=6656, max threads*teams=6656, max N=128), MAX_ARRAY_SIZE=65536 (default=65536)
========== Runtime Configuration ==========
Methods       : 11
Delay range   : [1, 8096]
Array size(s) : 1, 2, 4, 8, 16, 32, 64, 128
thread_count(s): 64
team_count(s) : 104
MAX_ITER      : 6656  (kernel workload)
MAX_ARRAY_SIZE: 65536  (mapping/memory space)
NUM_SAMPLES   : 20
OUTERREPS     : 1
WARMUP_ITERS  : 10
BENCHMARK_SETS: 2
BENCHMARK_RUNS: 5
==========================================
There are  4 available devices
Host device is 4
Initializing benchmark runtime environment...

========== Benchmark Execution ==========
Method/N                                                        1                             2                             4                             8                            16                            32                            64                           128
                                           BIC intercept | lowest        BIC intercept | lowest        BIC intercept | lowest        BIC intercept | lowest        BIC intercept | lowest        BIC intercept | lowest        BIC intercept | lowest        BIC intercept | lowest
teams + parallel inside               225.842±0.240      |    228.894±0.170        224.906±0.422      |    228.936±0.106        244.710±0.638      |    229.032±0.118        253.491±0.524      |    272.615±0.070        276.812±1.096      |    273.144±0.282        324.826±1.624      |    318.172±1.120        417.141±5.202      |    448.852±0.306        603.089±10.399     |    668.055±0.210     
==========================================
Finalizing benchmark.

All benchmark groups completed.
Results saved under result/Archer2_Output/OpenMP
