Adjusted limits: MAX_ITER=6656 (default=6656, max threads*teams=6656, max N=64), MAX_ARRAY_SIZE=65536 (default=65536)
========== Runtime Configuration ==========
Methods       : 9
Delay range   : [1, 16]
Array size(s) : 1, 4, 16, 64
thread_count(s): 64
team_count(s) : 104
MAX_ITER      : 6656  (kernel workload)
MAX_ARRAY_SIZE: 65536  (mapping/memory space)
NUM_SAMPLES   : 5
OUTERREPS     : 5
WARMUP_ITERS  : 2
BENCHMARK_SETS: 2
BENCHMARK_RUNS: 5
==========================================
There are  1 available devices
Host device is 1
Initializing benchmark runtime environment...

========== Benchmark Execution ==========
Method/N                                                        1                             4                            16                            64
                                           BIC intercept | lowest        BIC intercept | lowest        BIC intercept | lowest        BIC intercept | lowest
teams reduction                     14135.373±14.857     |  18757.225±11.195     14198.223±20.038     |  18835.985±10.172     14124.422±15.862     |  18764.395±12.697     14219.439±23.296     |  18851.315±10.608    
==========================================
Finalizing benchmark.
