Running EIDF H200 OpenMP benchmark groups...
SET UP H200 configuration= NVIDIA H200 ========
THREADS=32
TEAMS=132
Sun May 24 05:35:47 2026       
+-----------------------------------------------------------------------------------------+
| NVIDIA-SMI 570.124.06             Driver Version: 570.124.06     CUDA Version: 12.9     |
|-----------------------------------------+------------------------+----------------------+
| GPU  Name                 Persistence-M | Bus-Id          Disp.A | Volatile Uncorr. ECC |
| Fan  Temp   Perf          Pwr:Usage/Cap |           Memory-Usage | GPU-Util  Compute M. |
|                                         |                        |               MIG M. |
|=========================================+========================+======================|
|   0  NVIDIA H200                    Off |   00000000:0E:00.0 Off |                    0 |
| N/A   27C    P0             76W /  700W |       1MiB / 143771MiB |      0%      Default |
|                                         |                        |             Disabled |
+-----------------------------------------+------------------------+----------------------+
                                                                                         
+-----------------------------------------------------------------------------------------+
| Processes:                                                                              |
|  GPU   GI   CI              PID   Type   Process name                        GPU Memory |
|        ID   ID                                                               Usage      |
|=========================================================================================|
|  No running processes found                                                             |
+-----------------------------------------------------------------------------------------+
=============================================
Compiling...

===== [M0_M10] Method=0,10 N=16382 Delay=1,8096 =====
Adjusted limits: MAX_ITER=16382 (default=6656, max threads*teams=4224, max N=16382), MAX_ARRAY_SIZE=65536 (default=65536)
========== Runtime Configuration ==========
Methods       : 0, 10
Delay range   : [1, 8096]
Array size(s) : 16382
thread_count(s): 32
team_count(s) : 132
MAX_ITER      : 16382  (kernel workload)
MAX_ARRAY_SIZE: 65536  (mapping/memory space)
NUM_SAMPLES   : 20
OUTERREPS     : 1
WARMUP_ITERS  : 10
BENCHMARK_SETS: 2
BENCHMARK_RUNS: 5
==========================================
There are  1 available devices
Host device is 1
Initializing benchmark runtime environment...

========== Benchmark Execution ==========
Method/N                                                    16382
                                           BIC intercept | lowest
pure delay kernel                      30.128±0.471      |     28.047±1.626     
teams parallel                       2135.182±13.089     |   2054.812±2.932     
==========================================
Finalizing benchmark.

===== [M1to4] Method=1,2,3,4 N=1,4,16,64,256,1024,4096,8192,16382,32768,65536 Delay=1,8096 =====
Adjusted limits: MAX_ITER=65536 (default=6656, max threads*teams=4224, max N=65536), MAX_ARRAY_SIZE=65536 (default=65536)
========== Runtime Configuration ==========
Methods       : 1, 2, 3, 4
Delay range   : [1, 8096]
Array size(s) : 1, 4, 16, 64, 256, 1024, 4096, 8192, 16382, 32768, 65536
thread_count(s): 32
team_count(s) : 132
MAX_ITER      : 65536  (kernel workload)
MAX_ARRAY_SIZE: 65536  (mapping/memory space)
NUM_SAMPLES   : 20
OUTERREPS     : 1
WARMUP_ITERS  : 10
BENCHMARK_SETS: 2
BENCHMARK_RUNS: 5
==========================================
There are  1 available devices
Host device is 1
Initializing benchmark runtime environment...

========== Benchmark Execution ==========
Method/N                                                        1                             4                            16                            64                           256                          1024                          4096                          8192                         16382                         32768                         65536
                                           BIC intercept | lowest        BIC intercept | lowest        BIC intercept | lowest        BIC intercept | lowest        BIC intercept | lowest        BIC intercept | lowest        BIC intercept | lowest        BIC intercept | lowest        BIC intercept | lowest        BIC intercept | lowest        BIC intercept | lowest
map(tofrom: a)                         44.064±2.645      |     40.178±1.882         41.296±0.211      |     39.228±1.543         42.237±0.321      |     40.685±1.252         41.811±0.356      |     39.720±0.918         42.710±0.297      |     40.577±1.146         45.454±0.458      |     43.457±2.043         54.824±0.381      |     53.503±1.191         77.568±0.697      |     75.369±0.977         91.442±0.555      |     89.562±0.777        129.551±0.966      |    126.521±0.780        204.093±1.144      |    201.513±1.932     
map(to: a)                             29.759±0.269      |     28.253±1.731         30.319±0.186      |     27.986±1.624         30.405±0.437      |     28.441±1.476         29.526±0.282      |     28.072±1.565         30.049±0.432      |     28.152±1.573         30.728±0.500      |     28.964±1.822         33.186±0.436      |     30.691±2.177         46.910±0.373      |     45.458±1.144         49.646±0.304      |     46.788±1.673         59.326±0.445      |     58.023±1.230         76.824±0.415      |     75.294±1.451     
map(from: a)                           41.487±0.520      |     40.036±1.069         41.878±0.211      |     39.346±1.915         41.406±0.249      |     39.124±1.862         40.957±0.610      |     38.850±1.507         41.401±0.448      |     38.508±1.294         42.572±0.497      |     40.209±1.430         45.690±0.661      |     43.219±1.362         50.068±0.189      |     48.348±1.248         54.900±0.507      |     53.244±1.047         68.128±0.623      |     66.616±1.466         94.913±0.431      |     92.729±1.612     
map(alloc: a)                          29.713±0.349      |     27.427±1.810         29.821±0.210      |     27.817±2.080         29.854±0.446      |     28.107±1.479         28.966±0.145      |     26.474±2.150         29.005±0.223      |     27.402±1.373         29.025±0.240      |     26.856±2.532         29.008±0.524      |     27.775±1.530         29.198±0.298      |     26.752±1.809         28.888±0.458      |     27.821±1.491         29.128±0.449      |     28.039±1.166         29.406±0.454      |     27.720±1.370     
==========================================
Finalizing benchmark.

===== [M5] Method=5 N=16382 Delay=1,8096 =====
Adjusted limits: MAX_ITER=16382 (default=6656, max threads*teams=4224, max N=16382), MAX_ARRAY_SIZE=65536 (default=65536)
========== Runtime Configuration ==========
Methods       : 5
Delay range   : [1, 8096]
Array size(s) : 16382
thread_count(s): 32
team_count(s) : 132
MAX_ITER      : 16382  (kernel workload)
MAX_ARRAY_SIZE: 65536  (mapping/memory space)
NUM_SAMPLES   : 20
OUTERREPS     : 1
WARMUP_ITERS  : 10
BENCHMARK_SETS: 2
BENCHMARK_RUNS: 5
==========================================
There are  1 available devices
Host device is 1
Initializing benchmark runtime environment...

========== Benchmark Execution ==========
Method/N                                                    16382
                                           BIC intercept | lowest
teams (scalar)                        479.227±0.918      |    476.028±1.864     
==========================================
Finalizing benchmark.

===== [M6] Method=6 N=16382 Delay=1,8096 =====
Adjusted limits: MAX_ITER=16382 (default=6656, max threads*teams=4224, max N=16382), MAX_ARRAY_SIZE=65536 (default=65536)
========== Runtime Configuration ==========
Methods       : 6
Delay range   : [1, 8096]
Array size(s) : 16382
thread_count(s): 32
team_count(s) : 132
MAX_ITER      : 16382  (kernel workload)
MAX_ARRAY_SIZE: 65536  (mapping/memory space)
NUM_SAMPLES   : 20
OUTERREPS     : 1
WARMUP_ITERS  : 10
BENCHMARK_SETS: 2
BENCHMARK_RUNS: 5
==========================================
There are  1 available devices
Host device is 1
Initializing benchmark runtime environment...

========== Benchmark Execution ==========
Method/N                                                    16382
                                           BIC intercept | lowest
teams distribute parallel for          31.189±1.179      |     28.828±1.641     
==========================================
Finalizing benchmark.

===== [M7] Method=7 N=16382 Delay=1,8096 =====
Adjusted limits: MAX_ITER=16382 (default=6656, max threads*teams=4224, max N=16382), MAX_ARRAY_SIZE=65536 (default=65536)
========== Runtime Configuration ==========
Methods       : 7
Delay range   : [1, 8096]
Array size(s) : 16382
thread_count(s): 32
team_count(s) : 132
MAX_ITER      : 16382  (kernel workload)
MAX_ARRAY_SIZE: 65536  (mapping/memory space)
NUM_SAMPLES   : 20
OUTERREPS     : 1
WARMUP_ITERS  : 10
BENCHMARK_SETS: 2
BENCHMARK_RUNS: 5
==========================================
There are  1 available devices
Host device is 1
Initializing benchmark runtime environment...

========== Benchmark Execution ==========
Method/N                                                    16382
                                           BIC intercept | lowest
nowait                                 30.326±0.794      |     28.345±1.702     
==========================================
Finalizing benchmark.

===== [M8] Method=8 N=16,64,256,1024,4096,8192,16382 Delay=1,8096 =====
Adjusted limits: MAX_ITER=16382 (default=6656, max threads*teams=4224, max N=16382), MAX_ARRAY_SIZE=65536 (default=65536)
========== Runtime Configuration ==========
Methods       : 8
Delay range   : [1, 8096]
Array size(s) : 16, 64, 256, 1024, 4096, 8192, 16382
thread_count(s): 32
team_count(s) : 132
MAX_ITER      : 16382  (kernel workload)
MAX_ARRAY_SIZE: 65536  (mapping/memory space)
NUM_SAMPLES   : 20
OUTERREPS     : 1
WARMUP_ITERS  : 10
BENCHMARK_SETS: 2
BENCHMARK_RUNS: 5
==========================================
There are  1 available devices
Host device is 1
Initializing benchmark runtime environment...

========== Benchmark Execution ==========
Method/N                                                       16                            64                           256                          1024                          4096                          8192                         16382
                                           BIC intercept | lowest        BIC intercept | lowest        BIC intercept | lowest        BIC intercept | lowest        BIC intercept | lowest        BIC intercept | lowest        BIC intercept | lowest
teams atomic                         1591.878±6.105      |   1900.356±2.537       1584.506±3.835      |   1859.333±5.041       1575.355±10.502     |   1861.283±3.411       1555.976±13.056     |   1860.987±2.044       1633.204±9.226      |   1860.411±5.032       1735.871±9.233      |   1860.793±4.362       1724.901±11.792     |   1862.050±3.934     
==========================================
Finalizing benchmark.

===== [M9] Method=9 N=16,64,256,1024,4096,8192,16382 Delay=1,8096 =====
Adjusted limits: MAX_ITER=16382 (default=6656, max threads*teams=4224, max N=16382), MAX_ARRAY_SIZE=65536 (default=65536)
========== Runtime Configuration ==========
Methods       : 9
Delay range   : [1, 8096]
Array size(s) : 16, 64, 256, 1024, 4096, 8192, 16382
thread_count(s): 32
team_count(s) : 132
MAX_ITER      : 16382  (kernel workload)
MAX_ARRAY_SIZE: 65536  (mapping/memory space)
NUM_SAMPLES   : 20
OUTERREPS     : 1
WARMUP_ITERS  : 10
BENCHMARK_SETS: 2
BENCHMARK_RUNS: 5
==========================================
There are  1 available devices
Host device is 1
Initializing benchmark runtime environment...

========== Benchmark Execution ==========
Method/N                                                       16                            64                           256                          1024                          4096                          8192                         16382
                                           BIC intercept | lowest        BIC intercept | lowest        BIC intercept | lowest        BIC intercept | lowest        BIC intercept | lowest        BIC intercept | lowest        BIC intercept | lowest
teams reduction                      2126.885±13.617     |   2049.297±3.083       2125.134±20.519     |   2046.340±3.781       2124.870±11.888     |   2047.833±4.394       2122.478±5.396      |   2049.917±3.781       2119.590±8.159      |   2050.241±3.641       2127.056±16.472     |   2046.904±2.595       2128.729±28.431     |   2045.486±20.267    
==========================================
Finalizing benchmark.

===== [M11_parreps] Method=11 N=1,2,4,8,16,32,64,128 Delay=1,8096 =====
Adjusted limits: MAX_ITER=6656 (default=6656, max threads*teams=4224, max N=128), MAX_ARRAY_SIZE=65536 (default=65536)
========== Runtime Configuration ==========
Methods       : 11
Delay range   : [1, 8096]
Array size(s) : 1, 2, 4, 8, 16, 32, 64, 128
thread_count(s): 32
team_count(s) : 132
MAX_ITER      : 6656  (kernel workload)
MAX_ARRAY_SIZE: 65536  (mapping/memory space)
NUM_SAMPLES   : 20
OUTERREPS     : 1
WARMUP_ITERS  : 10
BENCHMARK_SETS: 2
BENCHMARK_RUNS: 5
==========================================
There are  1 available devices
Host device is 1
Initializing benchmark runtime environment...

========== Benchmark Execution ==========
Method/N                                                        1                             2                             4                             8                            16                            32                            64                           128
                                           BIC intercept | lowest        BIC intercept | lowest        BIC intercept | lowest        BIC intercept | lowest        BIC intercept | lowest        BIC intercept | lowest        BIC intercept | lowest        BIC intercept | lowest
teams + parallel inside              2122.324±11.513     |   2055.283±3.078       2174.325±23.218     |   2092.259±5.342       2252.467±14.885     |   2207.218±12.587      2395.912±7.163      |   2379.928±6.714       2631.385±11.283     |   2652.992±8.970       3145.856±27.160     |   3185.394±11.131      4207.775±12.111     |   4243.044±11.923      6449.279±62.472     |   6372.938±14.997    
==========================================
Finalizing benchmark.

All EIDF H200 benchmark groups completed.
Results saved under result/EIDF_H200_Output/OpenMP
