Running Archer2 benchmark sweep...
THREADS=64, TEAMS=104
N_DATA=1,2,4,8,16,32,64,128,256,512,1024,2048,4096,8192,16384,32768,65536,131072
N_ATORED=1,2,4,8,16,32,64
N_FIXED=16384
DELAY_SHORT=1,8096
DELAY_FULL=512,262144

===== [M1to4] Method=1,2,3,4 N=1,2,4,8,16,32,64,128,256,512,1024,2048,4096,8192,16384,32768,65536,131072 Delay=1,8096 =====
Warning: N=8192 exceeds current delay upper bound (8096), resetting to 16384
Warning: N=16384 exceeds current delay upper bound (8096), resetting to 16384
Warning: N=32768 exceeds current delay upper bound (8096), resetting to 16384
Adjusted limits: MAX_ITER=16382 (default=6656, max threads*teams=6656, max N=16382), MAX_ARRAY_SIZE=65536 (default=65536)
========== Runtime Configuration ==========
Methods       : 1, 2, 3, 4
Delay range   : [1, 8096]
Array size(s) : 1, 2, 4, 8, 16, 32, 64, 128, 256, 512, 1024, 2048, 4096, 16382, 16382, 16382
thread_count(s): 64
team_count(s) : 104
MAX_ITER      : 16382  (kernel workload)
MAX_ARRAY_SIZE: 65536  (mapping/memory space)
NUM_SAMPLES   : 20
OUTERREPS     : 10
WARMUP_ITERS  : 10
BENCHMARK_SETS: 1
BENCHMARK_RUNS: 1
MAXPARREPS    : 128
==========================================
There are  4 available devices
Host device is 4
Initializing benchmark runtime environment...

========== Benchmark Execution ==========
Method/N                                                        1                             2                             4                             8                            16                            32                            64                           128                           256                           512                          1024                          2048                          4096                         16382                         16382                         16382
                                           BIC intercept | lowest        BIC intercept | lowest        BIC intercept | lowest        BIC intercept | lowest        BIC intercept | lowest        BIC intercept | lowest        BIC intercept | lowest        BIC intercept | lowest        BIC intercept | lowest        BIC intercept | lowest        BIC intercept | lowest        BIC intercept | lowest        BIC intercept | lowest        BIC intercept | lowest        BIC intercept | lowest        BIC intercept | lowest
map(tofrom: a)                        471.060±0.000      |    468.197±0.000        465.679±0.000      |    468.098±0.000        461.619±0.000      |    468.370±0.000        464.812±0.000      |    467.803±0.000        470.188±0.000      |    468.594±0.000        471.750±0.000      |    468.608±0.000        462.329±0.000      |    467.775±0.000        463.332±0.000      |    467.876±0.000        468.485±0.000      |    468.025±0.000        471.052±0.000      |    468.433±0.000        464.136±0.000      |    468.656±0.000        460.677±0.000      |    469.625±0.000        467.802±0.000      |    468.487±0.000        480.042±0.000      |    476.927±0.000        474.920±0.000      |    476.856±0.000        469.752±0.000      |    476.402±0.000     
map(to: a)                            457.479±0.000      |    460.460±0.000        462.887±0.000      |    460.600±0.000        460.402±0.000      |    460.879±0.000        454.677±0.000      |    460.790±0.000        455.469±0.000      |    460.930±0.000        461.863±0.000      |    461.078±0.000        463.681±0.000      |    461.265±0.000        457.304±0.000      |    460.700±0.000        453.023±0.000      |    461.210±0.000        460.084±0.000      |    461.097±0.000        463.952±0.000      |    461.205±0.000        459.132±0.000      |    461.667±0.000        454.536±0.000      |    462.515±0.000        462.497±0.000      |    465.090±0.000        466.907±0.000      |    464.386±0.000        465.537±0.000      |    464.702±0.000     
map(from: a)                          455.765±0.000      |    461.000±0.000        456.732±0.000      |    461.296±0.000        461.665±0.000      |    461.230±0.000        463.770±0.000      |    461.252±0.000        456.171±0.000      |    460.844±0.000        452.246±0.000      |    460.432±0.000        458.850±0.000      |    460.566±0.000        464.123±0.000      |    460.820±0.000        459.130±0.000      |    461.159±0.000        454.395±0.000      |    460.706±0.000        458.162±0.000      |    460.982±0.000        463.660±0.000      |    461.475±0.000        461.338±0.000      |    462.061±0.000        458.639±0.000      |    464.059±0.000        459.595±0.000      |    464.537±0.000        464.857±0.000      |    464.593±0.000     
map(alloc: a)                         207.361±0.000      |    198.556±0.000        201.012±0.000      |    198.541±0.000        196.475±0.000      |    198.320±0.000        203.548±0.000      |    198.420±0.000        207.384±0.000      |    198.572±0.000        202.131±0.000      |    198.520±0.000        196.252±0.000      |    198.646±0.000        201.121±0.000      |    198.296±0.000        206.349±0.000      |    198.510±0.000        204.995±0.000      |    198.467±0.000        198.673±0.000      |    198.565±0.000        199.703±0.000      |    198.424±0.000        205.130±0.000      |    198.421±0.000        207.172±0.000      |    198.658±0.000        199.620±0.000      |    198.539±0.000        195.671±0.000      |    198.565±0.000     
==========================================
Finalizing benchmark.
Plotting M1to4_1to8096_20260423_014222 ...
Matplotlib created a temporary config/cache directory at /tmp/matplotlib-69gnmma1 because the default path (/home/d35/d35/weiyu24/.config/matplotlib) is not a writable directory; it is highly recommended to set the MPLCONFIGDIR environment variable to a writable directory, in particular to speed up the import of Matplotlib and to better support multiprocessing.
[OK] saved: result/Archer2_Output/OpenMP/resultLowest_M1to4_1to8096_20260423_014222.png
[INFO] x-scale = lin
Plot generated: result/Archer2_Output/OpenMP/resultLowest_M1to4_1to8096_20260423_014222.png

===== [M1to4] Method=1,2,3,4 N=1,2,4,8,16,32,64,128,256,512,1024,2048,4096,8192,16384,32768,65536,131072 Delay=512,262144 =====
Warning: N=8192 exceeds current delay upper bound (8096), resetting to 16384
Warning: N=16384 exceeds current delay upper bound (8096), resetting to 16384
Warning: N=32768 exceeds current delay upper bound (8096), resetting to 16384
Adjusted limits: MAX_ITER=16382 (default=6656, max threads*teams=6656, max N=16382), MAX_ARRAY_SIZE=65536 (default=65536)
========== Runtime Configuration ==========
Methods       : 1, 2, 3, 4
Delay range   : [512, 262144]
Array size(s) : 1, 2, 4, 8, 16, 32, 64, 128, 256, 512, 1024, 2048, 4096, 16382, 16382, 16382
thread_count(s): 64
team_count(s) : 104
MAX_ITER      : 16382  (kernel workload)
MAX_ARRAY_SIZE: 65536  (mapping/memory space)
NUM_SAMPLES   : 20
OUTERREPS     : 10
WARMUP_ITERS  : 10
BENCHMARK_SETS: 1
BENCHMARK_RUNS: 1
MAXPARREPS    : 128
==========================================
There are  4 available devices
Host device is 4
Initializing benchmark runtime environment...

========== Benchmark Execution ==========
Method/N                                                        1                             2                             4                             8                            16                            32                            64                           128                           256                           512                          1024                          2048                          4096                         16382                         16382                         16382
                                           BIC intercept | lowest        BIC intercept | lowest        BIC intercept | lowest        BIC intercept | lowest        BIC intercept | lowest        BIC intercept | lowest        BIC intercept | lowest        BIC intercept | lowest        BIC intercept | lowest        BIC intercept | lowest        BIC intercept | lowest        BIC intercept | lowest        BIC intercept | lowest        BIC intercept | lowest        BIC intercept | lowest        BIC intercept | lowest
map(tofrom: a)                        506.217±0.000      |    909.280±0.000        851.903±0.000      |    913.554±0.000        504.623±0.000      |    914.981±0.000        145.358±0.000      |    910.784±0.000        383.705±0.000      |    906.881±0.000        768.413±0.000      |    910.909±0.000        648.463±0.000      |    915.643±0.000        216.843±0.000      |    912.113±0.000        215.977±0.000      |    909.110±0.000        637.990±0.000      |    911.136±0.000        815.114±0.000      |    915.360±0.000        400.031±0.000      |    916.313±0.000        118.888±0.000      |    912.746±0.000        512.720±0.000      |    916.464±0.000        823.911±0.000      |    920.641±0.000        534.988±0.000      |    923.297±0.000     
map(to: a)                            142.878±0.000      |    904.275±0.000        302.465±0.000      |    900.131±0.000        706.767±0.000      |    904.089±0.000        709.944±0.000      |    907.409±0.000        303.438±0.000      |    905.641±0.000     