Running Archer2 benchmark sweep...
THREADS=64, TEAMS=104
N_DATA=1,4,16,64,256,1024,4096,16384,65536,262144,1048576,4194304,1677216
N_ATORED=1,2,4,8,16,32,64
N_FIXED=16384
DELAY_SHORT=1,8096
DELAY_FULL=512,262144

===== [M1to4] Method=1,2,3,4 N=1,4,16,64,256,1024,4096,16384,65536,262144,1048576,4194304,1677216 Delay=1,8096 =====
Adjusted limits: MAX_ITER=4194304 (default=6656, max threads*teams=6656, max N=4194304), MAX_ARRAY_SIZE=4194304 (default=65536)
========== Runtime Configuration ==========
Methods       : 1, 2, 3, 4
Delay range   : [1, 8096]
Array size(s) : 1, 4, 16, 64, 256, 1024, 4096, 16384, 65536, 262144, 1048576, 4194304, 1677216
thread_count(s): 64
team_count(s) : 104
MAX_ITER      : 4194304  (kernel workload)
MAX_ARRAY_SIZE: 4194304  (mapping/memory space)
NUM_SAMPLES   : 20
OUTERREPS     : 1
WARMUP_ITERS  : 10
BENCHMARK_SETS: 2
BENCHMARK_RUNS: 5
MAXPARREPS    : 128
==========================================
There are  4 available devices
Host device is 4
Initializing benchmark runtime environment...

========== Benchmark Execution ==========
Method/N                                                        1                             4                            16                            64                           256                          1024                          4096                         16384                         65536                        262144                       1048576                       4194304                       1677216
                                           BIC intercept | lowest        BIC intercept | lowest        BIC intercept | lowest        BIC intercept | lowest        BIC intercept | lowest        BIC intercept | lowest        BIC intercept | lowest        BIC intercept | lowest        BIC intercept | lowest        BIC intercept | lowest        BIC intercept | lowest        BIC intercept | lowest        BIC intercept | lowest
map(tofrom: a)                        467.461±9.830      |    468.251±0.340        465.183±8.713      |    467.823±0.214        466.198±10.162     |    467.507±0.324        466.773±10.060     |    467.273±0.241        467.357±9.920      |    468.154±0.308        467.254±10.139     |    469.732±0.199        467.502±9.690      |    468.832±0.327        475.608±10.357     |    476.173±0.333        507.406±9.887      |    507.267±0.286        814.300±6.025      |    785.824±7.148       1354.647±13.594     |   1327.771±2.593       3672.365±15.177     |   3631.735±12.033      1825.381±14.280     |   1779.433±17.246    
map(to: a)                            458.524±9.204      |    459.745±0.236        457.078±8.636      |    459.685±0.283        458.340±9.514      |    459.672±0.202        459.374±9.450      |    459.861±0.341        459.067±9.571      |    459.930±0.283        459.073±9.913      |    461.301±0.219        460.850±9.183      |    462.155±0.284        463.063±9.883      |    463.464±0.321        480.834±9.461      |    481.000±0.480        717.612±9.625      |    671.147±5.043       1005.991±9.003      |    978.816±5.266       2354.523±12.574     |   2322.736±9.331       1275.950±9.037      |   1248.584±3.144     
map(from: a)                          458.208±6.986      |    459.939±0.232        456.314±6.235      |    459.751±0.172        457.493±8.289      |    459.661±0.168        458.320±8.019      |    459.654±0.221        458.334±7.472      |    460.035±0.291        457.433±6.944      |    460.813±0.235        459.106±7.202      |    461.628±0.171        462.369±9.136      |    463.865±0.297        479.560±7.771      |    480.486±0.166        699.133±11.262     |    663.352±2.847       1004.278±11.903     |    978.539±4.412       2343.766±36.184     |   2310.926±15.351      1274.564±15.901     |   1245.774±3.767     
map(alloc: a)                         201.728±4.614      |    198.371±0.151        200.136±5.608      |    198.404±0.179        201.120±3.489      |    198.448±0.154        202.020±3.730      |    198.381±0.200        201.635±4.310      |    198.450±0.136        200.531±6.671      |    198.394±0.136        201.124±5.446      |    198.401±0.154        201.996±3.898      |    198.414±0.111        202.808±3.782      |    198.511±0.161        480.574±9.534      |    484.438±3.008        474.803±7.647      |    484.375±3.541        481.375±8.056      |    485.412±4.567        478.970±4.177      |    481.770±2.494     
==========================================
Finalizing benchmark.
Plotting M1to4_1to8096_20260428_110147 ...
Matplotlib created a temporary config/cache directory at /tmp/matplotlib-81vrc6ya because the default path (/home/d35/d35/weiyu24/.config/matplotlib) is not a writable directory; it is highly recommended to set the MPLCONFIGDIR environment variable to a writable directory, in particular to speed up the import of Matplotlib and to better support multiprocessing.
[OK] saved: result/Archer2_Output/OpenMP/resultLowest_M1to4_1to8096_20260428_110147.png
[INFO] x-scale = lin
Plot generated: result/Archer2_Output/OpenMP/resultLowest_M1to4_1to8096_20260428_110147.png

===== [M1to4] Method=1,2,3,4 N=1,4,16,64,256,1024,4096,16384,65536,262144,1048576,4194304,1677216 Delay=512,262144 =====
Adjusted limits: MAX_ITER=4194304 (default=6656, max threads*teams=6656, max N=4194304), MAX_ARRAY_SIZE=4194304 (default=65536)
========== Runtime Configuration ==========
Methods       : 1, 2, 3, 4
Delay range   : [512, 262144]
Array size(s) : 1, 4, 16, 64, 256, 1024, 4096, 16384, 65536, 262144, 1048576, 4194304, 1677216
thread_count(s): 64
team_count(s) : 104
MAX_ITER      : 4194304  (kernel workload)
MAX_ARRAY_SIZE: 4194304  (mapping/memory space)
NUM_SAMPLES   : 20
OUTERREPS     : 1
WARMUP_ITERS  : 10
BENCHMARK_SETS: 2
BENCHMARK_RUNS: 5
MAXPARREPS    : 128
==========================================
There are  4 available devices
Host device is 4
Initializing benchmark runtime environment...

========== Benchmark Execution ==========
Method/N                                                        1                             4                            16                            64                           256                          1024                          4096                         16384                         65536                        262144                       1048576                       4194304                       1677216
                                           BIC intercept | lowest        BIC intercept | lowest        BIC intercept | lowest        BIC intercept | lowest        BIC intercept | lowest        BIC intercept | lowest        BIC intercept | lowest        BIC intercept | lowest        BIC intercept | lowest        BIC intercept | lowest        BIC intercept | lowest        BIC intercept | lowest        BIC intercept | lowest
map(tofrom: a)                        560.028±468.097    |    914.336±5.039        512.767±410.314    |    911.956±4.316        561.422±444.264    |    910.609±4.352        564.026±422.427    |    910.232±3.784        548.576±455.305    |    912.479±4.663        499.887±487.223    |    913.399±4.138        554.422±448.741    |    913.930±4.806        586.755±413.413    |    918.264±3.839        609.099±450.782    |    950.284±4.414        813.974±288.447    |   1247.309±3.854       1389.671±300.220    |   1822.757±32.109      3649.545±174.371    |   4054.810±69.352      1793.928±203.156    |   2252.631±29.060    
map(to: a)                            486.547±343.150    |    904.342±3.796        431.531±281.288    |    903.956±3.557        481.500±370.291    |    903.189±3.866        500.580±344.978    |    903.358±3.791        455.407±358.603    |    904.490±3.538        438.366±318.790    |    905.488±3.569        479.290±319.771    |    904.591±4.481        503.210±371.705    |    907.887±3.553        519.921±393.705    |    925.119±3.556     