Running Archer2 benchmark sweep...
THREADS=64, TEAMS=104
N_DATA=1,4,16,64,256,1024,4096,16384,65536,262144,1048576,4194304,16777216
N_ATORED=4,16,64
N_FIXED=16384
DELAY_SHORT=1,8096

===== [M1to4] Method=1,2,3,4 N=1,4,16,64,256,1024,4096,16384,65536,262144,1048576,4194304,16777216 Delay=1,8096 =====
Adjusted limits: MAX_ITER=16777216 (default=6656, max threads*teams=6656, max N=16777216), MAX_ARRAY_SIZE=16777216 (default=65536)
========== Runtime Configuration ==========
Methods       : 1, 2, 3, 4
Delay range   : [1, 8096]
Array size(s) : 1, 4, 16, 64, 256, 1024, 4096, 16384, 65536, 262144, 1048576, 4194304, 16777216
thread_count(s): 64
team_count(s) : 104
MAX_ITER      : 16777216  (kernel workload)
MAX_ARRAY_SIZE: 16777216  (mapping/memory space)
NUM_SAMPLES   : 20
OUTERREPS     : 1
WARMUP_ITERS  : 10
BENCHMARK_SETS: 2
BENCHMARK_RUNS: 5
==========================================
There are  4 available devices
Host device is 4
Initializing benchmark runtime environment...

========== Benchmark Execution ==========
Method/N                                                        1                             4                            16                            64                           256                          1024                          4096                         16384                         65536                        262144                       1048576                       4194304                      16777216
                                           BIC intercept | lowest        BIC intercept | lowest        BIC intercept | lowest        BIC intercept | lowest        BIC intercept | lowest        BIC intercept | lowest        BIC intercept | lowest        BIC intercept | lowest        BIC intercept | lowest        BIC intercept | lowest        BIC intercept | lowest        BIC intercept | lowest        BIC intercept | lowest
map(tofrom: a)                        466.268±9.377      |    466.921±0.239        466.525±9.653      |    466.340±0.215        466.541±10.143     |    466.731±0.452        465.724±8.007      |    466.679±0.296        466.321±8.471      |    467.007±0.257        468.364±9.931      |    469.034±0.269        469.265±10.469     |    468.608±0.359        475.758±8.549      |    476.664±0.320        507.109±8.053      |    507.790±0.323        818.370±4.950      |    795.499±6.662       1356.672±16.104     |   1328.814±2.292       3589.166±16.833     |   3540.100±9.423      12484.407±31.101     |  12352.744±36.077    
map(to: a)                            455.077±5.804      |    458.518±0.320        456.028±5.501      |    458.615±0.240        455.906±4.058      |    458.759±0.359        455.206±7.154      |    458.708±0.299        455.053±6.361      |    458.691±0.295        457.615±4.881      |    460.870±0.310        459.725±4.165      |    462.021±0.203        459.853±5.927      |    463.622±0.290        477.006±6.460      |    480.396±0.321        728.863±10.637     |    681.641±11.070      1012.865±22.914     |    984.125±6.245       2359.184±19.729     |   2324.486±7.261       7344.589±33.228     |   7214.309±55.037    
map(from: a)                          458.771±9.192      |    459.516±0.470        459.427±9.594      |    459.359±0.292        459.288±10.108     |    459.501±0.137        458.601±8.012      |    459.536±0.200        458.987±8.576      |    459.656±0.217        460.245±9.947      |    460.836±0.161        462.459±10.411     |    461.698±0.355        463.042±8.500      |    463.895±0.197        479.745±8.002      |    480.267±0.424        714.901±6.176      |    662.378±1.672       1018.316±13.170     |    984.280±5.756       2307.011±21.820     |   2241.695±9.426       7484.946±51.000     |   7315.145±46.302    
map(alloc: a)                         203.298±7.755      |    198.514±0.162        204.233±8.422      |    198.466±0.153        204.100±8.463      |    198.575±0.141        203.157±6.623      |    198.529±0.141        203.429±7.206      |    198.549±0.150        203.789±8.803      |    198.473±0.172        204.766±8.895      |    198.550±0.184        202.812±7.343      |    198.443±0.130        202.775±6.562      |    198.445±0.160        481.296±6.041      |    483.246±2.851        482.892±11.916     |    483.656±3.880        481.016±7.116      |    483.479±3.435       3944.797±279.478    |   1590.620±622.379   
==========================================
Finalizing benchmark.
Plotting M1to4_1to8096_20260513_010829 ...
Matplotlib created a temporary config/cache directory at /tmp/matplotlib-xlbzrr40 because the default path (/home/d35/d35/weiyu24/.config/matplotlib) is not a writable directory; it is highly recommended to set the MPLCONFIGDIR environment variable to a writable directory, in particular to speed up the import of Matplotlib and to better support multiprocessing.
[OK] saved: result/Archer2_Output/OpenMP/resultLowest_M1to4_1to8096_20260513_010829.png
[INFO] x-scale = lin
Plot generated: result/Archer2_Output/OpenMP/resultLowest_M1to4_1to8096_20260513_010829.png

===== [M5] Method=5 N=16384 Delay=1,8096 =====
Adjusted limits: MAX_ITER=16384 (default=6656, max threads*teams=6656, max N=16384), MAX_ARRAY_SIZE=65536 (default=65536)
========== Runtime Configuration ==========
Methods       : 5
Delay range   : [1, 8096]
Array size(s) : 16384
thread_count(s): 64
team_count(s) : 104
MAX_ITER      : 16384  (kernel workload)
MAX_ARRAY_SIZE: 65536  (mapping/memory space)
NUM_SAMPLES   : 20
OUTERREPS     : 1
WARMUP_ITERS  : 10
BENCHMARK_SETS: 2
BENCHMARK_RUNS: 5
==========================================
There are  4 available devices
Host device is 4
Initializing benchmark runtime environment...

========== Benchmark Execution ==========
Method/N                                                    16384
                                           BIC intercept | lowest
teams (scalar)                        370.129±0.992      |    397.309±0.823     
==========================================
Finalizing benchmark.
Plotting M5_1to8096_20260513_010829 ...
Matplotlib created a temporary config/cache directory at /tmp/matplotlib-qd3lg7ib because the default path (/home/d35/d35/weiyu24/.config/matplotlib) is not a writable directory; it is highly recommended to set the MPLCONFIGDIR environment variable to a writable directory, in particular to speed up the import of Matplotlib and to better support multiprocessing.
[OK] saved: result/Archer2_Output/OpenMP/resultLowest_M5_1to8096_20260513_010829.png
[INFO] x-scale = lin
Plot generated: result/Archer2_Output/OpenMP/resultLowest_M5_1to8096_20260513_010829.png

===== [M6] Method=6 N=16384 Delay=1,8096 =====
Adjusted limits: MAX_ITER=16384 (default=6656, max threads*teams=6656, max N=16384), MAX_ARRAY_SIZE=65536 (default=65536)
========== Runtime Configuration ==========
Methods       : 6
Delay range   : [1, 8096]
Array size(s) : 16384
thread_count(s): 64
team_count(s) : 104
MAX_ITER      : 16384  (kernel workload)
MAX_ARRAY_SIZE: 65536  (mapping/memory space)
NUM_SAMPLES   : 20
OUTERREPS     : 1
WARMUP_ITERS  : 10
BENCHMARK_SETS: 2
BENCHMARK_RUNS: 5
==========================================
There are  4 available devices
Host device is 4
Initializing benchmark runtime environment...

========== Benchmark Execution ==========
Method/N                                                    16384
                                           BIC intercept | lowest
teams distribute parallel for         302.428±0.735      |    300.624±0.234     
==========================================
Finalizing benchmark.
Plotting M6_1to8096_20260513_010829 ...
Matplotlib created a temporary config/cache directory at /tmp/matplotlib-8hbdkw30 because the default path (/home/d35/d35/weiyu24/.config/matplotlib) is not a writable directory; it is highly recommended to set the MPLCONFIGDIR environment variable to a writable directory, in particular to speed up the import of Matplotlib and to better support multiprocessing.
[OK] saved: result/Archer2_Output/OpenMP/resultLowest_M6_1to8096_20260513_010829.png
[INFO] x-scale = lin
Plot generated: result/Archer2_Output/OpenMP/resultLowest_M6_1to8096_20260513_010829.png

===== [M7] Method=7 N=16384 Delay=1,8096 =====
Adjusted limits: MAX_ITER=16384 (default=6656, max threads*teams=6656, max N=16384), MAX_ARRAY_SIZE=65536 (default=65536)
========== Runtime Configuration ==========
Methods       : 7
Delay range   : [1, 8096]
Array size(s) : 16384
thread_count(s): 64
team_count(s) : 104
MAX_ITER      : 16384  (kernel workload)
MAX_ARRAY_SIZE: 65536  (mapping/memory space)
NUM_SAMPLES   : 20
OUTERREPS     : 1
WARMUP_ITERS  : 10
BENCHMARK_SETS: 2
BENCHMARK_RUNS: 5
==========================================
There are  4 available devices
Host device is 4
Initializing benchmark runtime environment...

========== Benchmark Execution ==========
Method/N                                                    16384
                                           BIC intercept | lowest
nowait                                240.018±9.006      |    231.156±0.132     
==========================================
Finalizing benchmark.
Plotting M7_1to8096_20260513_010829 ...
Matplotlib created a temporary config/cache directory at /tmp/matplotlib-1y87jr62 because the default path (/home/d35/d35/weiyu24/.config/matplotlib) is not a writable directory; it is highly recommended to set the MPLCONFIGDIR environment variable to a writable directory, in particular to speed up the import of Matplotlib and to better support multiprocessing.
[OK] saved: result/Archer2_Output/OpenMP/resultLowest_M7_1to8096_20260513_010829.png
[INFO] x-scale = lin
Plot generated: result/Archer2_Output/OpenMP/resultLowest_M7_1to8096_20260513_010829.png

===== [M8to9] Method=8,9 N=4,16,64 Delay=1,8096 =====
Adjusted limits: MAX_ITER=6656 (default=6656, max threads*teams=6656, max N=64), MAX_ARRAY_SIZE=65536 (default=65536)
========== Runtime Configuration ==========
Methods       : 8, 9
Delay range   : [1, 8096]
Array size(s) : 4, 16, 64
thread_count(s): 64
team_count(s) : 104
MAX_ITER      : 6656  (kernel workload)
MAX_ARRAY_SIZE: 65536  (mapping/memory space)
NUM_SAMPLES   : 20
OUTERREPS     : 1
WARMUP_ITERS  : 10
BENCHMARK_SETS: 2
BENCHMARK_RUNS: 5
==========================================
There are  4 available devices
Host device is 4
Initializing benchmark runtime environment...

========== Benchmark Execution ==========
Method/N                                                        4                            16                            64
                                           BIC intercept | lowest        BIC intercept | lowest        BIC intercept | lowest
teams atomic                         2135.684±3.316      |   2181.140±0.936        616.471±2.303      |    757.588±0.414        312.864±2.939      |    393.435±0.183     
teams reduction                    