Running Archer2 benchmark sweep...
THREADS=64, TEAMS=104
N_DATA=1,4,16,64,256,1024,4096,16384,65536,262144,1048576,4194304,16777216
N_ATORED=1,2,4,8,16,32,64
N_FIXED=16384
DELAY_SHORT=1,8096

===== [M1to4] Method=1,2,3,4 N=1,4,16,64,256,1024,4096,16384,65536,262144,1048576,4194304,16777216 Delay=1,8096 =====
Adjusted limits: MAX_ITER=16777216 (default=6656, max threads*teams=6656, max N=16777216), MAX_ARRAY_SIZE=16777216 (default=65536)
========== Runtime Configuration ==========
Methods       : 1, 2, 3, 4
Delay range   : [1, 8096]
Array size(s) : 1, 4, 16, 64, 256, 1024, 4096, 16384, 65536, 262144, 1048576, 4194304, 16777216
thread_count(s): 64
team_count(s) : 104
MAX_ITER      : 16777216  (kernel workload)
MAX_ARRAY_SIZE: 16777216  (mapping/memory space)
NUM_SAMPLES   : 20
OUTERREPS     : 1
WARMUP_ITERS  : 10
BENCHMARK_SETS: 2
BENCHMARK_RUNS: 5
==========================================
There are  4 available devices
Host device is 4
Initializing benchmark runtime environment...

========== Benchmark Execution ==========
Method/N                                                        1                             4                            16                            64                           256                          1024                          4096                         16384                         65536                        262144                       1048576                       4194304                      16777216
                                           BIC intercept | lowest        BIC intercept | lowest        BIC intercept | lowest        BIC intercept | lowest        BIC intercept | lowest        BIC intercept | lowest        BIC intercept | lowest        BIC intercept | lowest        BIC intercept | lowest        BIC intercept | lowest        BIC intercept | lowest        BIC intercept | lowest        BIC intercept | lowest
map(tofrom: a)                        468.991±8.267      |    468.404±0.376        467.291±9.056      |    468.137±0.306        467.278±9.992      |    467.838±0.303        467.376±9.795      |    467.827±0.313        468.352±9.067      |    468.349±0.288        471.183±8.079      |    471.117±0.257        468.866±10.067     |    469.788±0.253        475.003±9.491      |    476.744±0.413        508.248±9.876      |    508.025±0.500        822.511±10.952     |    796.314±6.369       1356.550±9.265      |   1331.409±2.383       3687.245±20.175     |   3641.648±14.223     12532.807±57.424     |  12385.979±38.855    
map(to: a)                            457.523±7.068      |    460.577±0.278        457.096±6.457      |    460.751±0.254        456.495±5.521      |    460.759±0.310        457.484±5.759      |    460.495±0.182        457.034±5.876      |    460.597±0.278        460.252±6.643      |    462.494±0.235        458.614±5.016      |    462.960±0.218        460.631±5.273      |    464.991±0.208        479.631±5.752      |    482.769±0.557        722.256±9.030      |    678.077±10.331      1017.141±14.633     |    985.063±5.581       2339.648±19.885     |   2313.145±14.450      7303.570±23.699     |   7150.834±49.246    
map(from: a)                          457.888±6.777      |    460.685±0.314        457.217±6.753      |    460.763±0.244        457.190±5.209      |    460.814±0.337        457.374±5.751      |    460.815±0.242        457.753±5.637      |    460.837±0.356        459.439±6.641      |    461.946±0.258        458.239±4.621      |    462.091±0.255        459.943±5.049      |    464.643±0.309        478.446±5.478      |    481.449±0.308        711.059±7.397      |    663.731±2.388       1081.487±8.873      |   1056.868±2.428       2344.702±29.921     |   2331.759±10.179      7468.318±77.864     |   7335.535±42.867    
map(alloc: a)                         202.863±4.848      |    198.573±0.144        201.874±4.627      |    198.596±0.171        201.220±5.608      |    198.678±0.092        202.507±4.370      |    198.665±0.112        202.095±3.742      |    198.613±0.155        202.934±4.614      |    198.615±0.164        201.384±4.657      |    198.593±0.120        201.319±4.583      |    198.750±0.185        202.590±4.224      |    198.777±0.232        484.520±6.981      |    481.620±3.046        487.436±6.837      |    484.891±5.047        482.957±13.272     |    481.670±3.017       3955.864±267.523    |   1575.204±623.836   
==========================================
Finalizing benchmark.
Plotting M1to4_1to8096_20260507_040409 ...
Matplotlib created a temporary config/cache directory at /tmp/matplotlib-m0a9c627 because the default path (/home/d35/d35/weiyu24/.config/matplotlib) is not a writable directory; it is highly recommended to set the MPLCONFIGDIR environment variable to a writable directory, in particular to speed up the import of Matplotlib and to better support multiprocessing.
[OK] saved: result/Archer2_Output/OpenMP/resultLowest_M1to4_1to8096_20260507_040409.png
[INFO] x-scale = lin
Plot generated: result/Archer2_Output/OpenMP/resultLowest_M1to4_1to8096_20260507_040409.png

===== [M5] Method=5 N=16384 Delay=1,8096 =====
Adjusted limits: MAX_ITER=16384 (default=6656, max threads*teams=6656, max N=16384), MAX_ARRAY_SIZE=65536 (default=65536)
========== Runtime Configuration ==========
Methods       : 5
Delay range   : [1, 8096]
Array size(s) : 16384
thread_count(s): 64
team_count(s) : 104
MAX_ITER      : 16384  (kernel workload)
MAX_ARRAY_SIZE: 65536  (mapping/memory space)
NUM_SAMPLES   : 20
OUTERREPS     : 1
WARMUP_ITERS  : 10
BENCHMARK_SETS: 2
BENCHMARK_RUNS: 5
==========================================
There are  4 available devices
Host device is 4
Initializing benchmark runtime environment...

========== Benchmark Execution ==========
Method/N                                                    16384
                                           BIC intercept | lowest
teams (scalar)                        372.220±0.479      |    399.284±0.273     
==========================================
Finalizing benchmark.
Plotting M5_1to8096_20260507_040409 ...
Matplotlib created a temporary config/cache directory at /tmp/matplotlib-6vb_pd0e because the default path (/home/d35/d35/weiyu24/.config/matplotlib) is not a writable directory; it is highly recommended to set the MPLCONFIGDIR environment variable to a writable directory, in particular to speed up the import of Matplotlib and to better support multiprocessing.
[OK] saved: result/Archer2_Output/OpenMP/resultLowest_M5_1to8096_20260507_040409.png
[INFO] x-scale = lin
Plot generated: result/Archer2_Output/OpenMP/resultLowest_M5_1to8096_20260507_040409.png

===== [M6] Method=6 N=16384 Delay=1,8096 =====
Adjusted limits: MAX_ITER=16384 (default=6656, max threads*teams=6656, max N=16384), MAX_ARRAY_SIZE=65536 (default=65536)
========== Runtime Configuration ==========
Methods       : 6
Delay range   : [1, 8096]
Array size(s) : 16384
thread_count(s): 64
team_count(s) : 104
MAX_ITER      : 16384  (kernel workload)
MAX_ARRAY_SIZE: 65536  (mapping/memory space)
NUM_SAMPLES   : 20
OUTERREPS     : 1
WARMUP_ITERS  : 10
BENCHMARK_SETS: 2
BENCHMARK_RUNS: 5
==========================================
There are  4 available devices
Host device is 4
Initializing benchmark runtime environment...

========== Benchmark Execution ==========
Method/N                                                    16384
                                           BIC intercept | lowest
teams distribute parallel for         300.586±0.300      |    299.133±0.208     
==========================================
Finalizing benchmark.
Plotting M6_1to8096_20260507_040409 ...
Matplotlib created a temporary config/cache directory at /tmp/matplotlib-gnsuyae_ because the default path (/home/d35/d35/weiyu24/.config/matplotlib) is not a writable directory; it is highly recommended to set the MPLCONFIGDIR environment variable to a writable directory, in particular to speed up the import of Matplotlib and to better support multiprocessing.
[OK] saved: result/Archer2_Output/OpenMP/resultLowest_M6_1to8096_20260507_040409.png
[INFO] x-scale = lin
Plot generated: result/Archer2_Output/OpenMP/resultLowest_M6_1to8096_20260507_040409.png

===== [M7] Method=7 N=16384 Delay=1,8096 =====
Adjusted limits: MAX_ITER=16384 (default=6656, max threads*teams=6656, max N=16384), MAX_ARRAY_SIZE=65536 (default=65536)
========== Runtime Configuration ==========
Methods       : 7
Delay range   : [1, 8096]
Array size(s) : 16384
thread_count(s): 64
team_count(s) : 104
MAX_ITER      : 16384  (kernel workload)
MAX_ARRAY_SIZE: 65536  (mapping/memory space)
NUM_SAMPLES   : 20
OUTERREPS     : 1
WARMUP_ITERS  : 10
BENCHMARK_SETS: 2
BENCHMARK_RUNS: 5
==========================================
There are  4 available devices
Host device is 4
Initializing benchmark runtime environment...

========== Benchmark Execution ==========
Method/N                                                    16384
                                           BIC intercept | lowest
nowait                                242.456±8.669      |    231.786±0.389     
==========================================
Finalizing benchmark.
Plotting M7_1to8096_20260507_040409 ...
Matplotlib created a temporary config/cache directory at /tmp/matplotlib-fgoqhyc2 because the default path (/home/d35/d35/weiyu24/.config/matplotlib) is not a writable directory; it is highly recommended to set the MPLCONFIGDIR environment variable to a writable directory, in particular to speed up the import of Matplotlib and to better support multiprocessing.
[OK] saved: result/Archer2_Output/OpenMP/resultLowest_M7_1to8096_20260507_040409.png
[INFO] x-scale = lin
Plot generated: result/Archer2_Output/OpenMP/resultLowest_M7_1to8096_20260507_040409.png

===== [M8to9] Method=8,9 N=1,2,4,8,16,32,64 Delay=1,8096 =====
Adjusted limits: MAX_ITER=6656 (default=6656, max threads*teams=6656, max N=64), MAX_ARRAY_SIZE=65536 (default=65536)
========== Runtime Configuration ==========
Methods       : 8, 9
Delay range   : [1, 8096]
Array size(s) : 1, 2, 4, 8, 16, 32, 64
thread_count(s): 64
team_count(s) : 104
MAX_ITER      : 6656  (kernel workload)
MAX_ARRAY_SIZE: 65536  (mapping/memory space)
NUM_SAMPLES   : 20
OUTERREPS     : 1
WARMUP_ITERS  : 10
BENCHMARK_SETS: 2
BENCHMARK_RUNS: 5
==========================================
There are  4 available devices
Host device is 4
Initializing benchmark runtime environment...

========== Benchmark Execution ==========
Method/N                                                        1                             2                             4                             8                            16                            32                            64
                                           BIC intercept | lowest        BIC intercept | lowest        BIC intercept | lowest        BIC intercept | lowest        BIC intercept | lowest        BIC intercept | lowest        BIC intercept | lowest
teams atomic                        12398.305±31.690     |  12371.656±31.363      4597.171±4.911      |   4616.301±3.418       2137.167±3.716      |   2182.854±1.559       1109.345±3.156      |   1235.446±0.771        617.429±1.880      |    758.369±0.255        401.258±2.748      |    517.234±0.269        312.064±2.198      |    393.816±0.211     
teams reduction                    