Running Grace Hopper OpenACC benchmark groups...
GH200 OpenACC: compiler=NVC_26_3 groups=132 width=32
GPU: NVIDIA GH200 480GB, 580.95.05
Compiling OpenACC backend...

===== [M0_M10] Method=0,10 N=16382 Delay=1,8096 =====
========== Runtime Configuration ==========
API           : openacc
Methods       : 0, 10
Delay range   : [1, 8096]
Array size(s) : 16382
gang_count     : 132
worker_count   : 32
MAX_ITER      : 16382  (kernel workload)
MAX_ARRAY_SIZE: 65536  (mapping/memory space)
NUM_SAMPLES   : 20
OUTERREPS     : 1
WARMUP_ITERS  : 10
BENCHMARK_SETS: 2
BENCHMARK_RUNS: 5
==========================================
OpenACC device type: 4
Number of available devices: 1
Initializing benchmark runtime environment...

========== Benchmark Execution ==========
Method/N                                                         16382
                                                BIC intercept | lowest
pure delay kernel                            8.941±0.048      |      8.740±0.052     
parallel num_gangs + num_workers             8.990±0.034      |      8.795±0.072     
==========================================
Finalizing benchmark.
[OK] saved: result/GH200/OpenACC/NVC_26_3/resultLowest_M0_M10_1to8096_20260825_103355.png
[INFO] x-scale = log

===== [M1to4] Method=1,2,3,4 N=1,4,16,64,256,1024,4096,8192,16382,32768,65536 Delay=1,8096 =====
========== Runtime Configuration ==========
API           : openacc
Methods       : 1, 2, 3, 4
Delay range   : [1, 8096]
Array size(s) : 1, 4, 16, 64, 256, 1024, 4096, 8192, 16382, 32768, 65536
gang_count     : 132
worker_count   : 32
MAX_ITER      : 65536  (kernel workload)
MAX_ARRAY_SIZE: 65536  (mapping/memory space)
NUM_SAMPLES   : 20
OUTERREPS     : 1
WARMUP_ITERS  : 10
BENCHMARK_SETS: 2
BENCHMARK_RUNS: 5
==========================================
OpenACC device type: 4
Number of available devices: 1
Initializing benchmark runtime environment...

========== Benchmark Execution ==========
Method/N                                                             1                             4                            16                            64                           256                          1024                          4096                          8192                         16382                         32768                         65536
                                                BIC intercept | lowest        BIC intercept | lowest        BIC intercept | lowest        BIC intercept | lowest        BIC intercept | lowest        BIC intercept | lowest        BIC intercept | lowest        BIC intercept | lowest        BIC intercept | lowest        BIC intercept | lowest        BIC intercept | lowest
copy(a[0:N])                                21.903±0.021      |     21.770±0.042         21.933±0.032      |     21.745±0.060         21.937±0.047      |     21.750±0.094         22.197±0.083      |     21.940±0.131         23.469±0.038      |     23.165±0.078         24.013±0.030      |     23.800±0.067         26.484±0.026      |     26.255±0.069         30.299±0.037      |     30.090±0.074         26.184±0.031      |     25.975±0.092         27.031±0.030      |     26.825±0.098         28.720±0.040      |     28.545±0.055     
copyin(a[0:N])                              13.696±0.133      |     13.555±0.055         13.634±0.064      |     13.565±0.053         13.650±0.025      |     13.590±0.046         13.708±0.036      |     13.605±0.044         15.057±0.029      |     14.845±0.076         15.408±0.042      |     15.170±0.059         16.952±0.026      |     16.680±0.048         19.480±0.017      |     19.265±0.063         17.499±0.061      |     17.160±0.081         18.054±0.063      |     17.700±0.058         18.851±0.039      |     18.505±0.090     
copyout(a[0:N])                             18.010±0.073      |     17.595±0.096         18.032±0.040      |     17.685±0.075         17.996±0.046      |     17.620±0.127         18.005±0.067      |     17.600±0.125         17.963±0.053      |     17.670±0.067         17.942±0.044      |     17.685±0.053         17.726±0.028      |     17.480±0.048         17.921±0.030      |     17.740±0.046         18.195±0.047      |     17.990±0.066         18.799±0.042      |     18.605±0.072         19.889±0.047      |     19.675±0.054     
create(a[0:N])                               9.340±0.043      |      9.160±0.039          9.311±0.032      |      9.115±0.034          9.343±0.030      |      9.155±0.037          9.323±0.025      |      9.170±0.059          9.364±0.036      |      9.190±0.061          9.358±0.043      |      9.170±0.048          9.364±0.024      |      9.160±0.091          9.355±0.042      |      9.210±0.061          9.341±0.032      |      9.145±0.037          9.329±0.041      |      9.175±0.059          9.340±0.042      |      9.145±0.055     
==========================================
Finalizing benchmark.
[OK] saved: result/GH200/OpenACC/NVC_26_3/resultLowest_M1to4_1to8096_20260825_103355.png
[INFO] x-scale = log

===== [M5] Method=5 N=16382 Delay=1,8096 =====
========== Runtime Configuration ==========
API           : openacc
Methods       : 5
Delay range   : [1, 8096]
Array size(s) : 16382
gang_count     : 132
worker_count   : 32
MAX_ITER      : 16382  (kernel workload)
MAX_ARRAY_SIZE: 65536  (mapping/memory space)
NUM_SAMPLES   : 20
OUTERREPS     : 1
WARMUP_ITERS  : 10
BENCHMARK_SETS: 2
BENCHMARK_RUNS: 5
==========================================
OpenACC device type: 4
Number of available devices: 1
Initializing benchmark runtime environment...

========== Benchmark Execution ==========
Method/N                                                         16382
                                                BIC intercept | lowest
parallel (scalar)                            9.097±0.040      |      8.935±0.053     
==========================================
Finalizing benchmark.
[OK] saved: result/GH200/OpenACC/NVC_26_3/resultLowest_M5_1to8096_20260825_103355.png
[INFO] x-scale = log

===== [M6] Method=6 N=16382 Delay=1,8096 =====
========== Runtime Configuration ==========
API           : openacc
Methods       : 6
Delay range   : [1, 8096]
Array size(s) : 16382
gang_count     : 132
worker_count   : 32
MAX_ITER      : 16382  (kernel workload)
MAX_ARRAY_SIZE: 65536  (mapping/memory space)
NUM_SAMPLES   : 20
OUTERREPS     : 1
WARMUP_ITERS  : 10
BENCHMARK_SETS: 2
BENCHMARK_RUNS: 5
==========================================
OpenACC device type: 4
Number of available devices: 1
Initializing benchmark runtime environment...

========== Benchmark Execution ==========
Method/N                                                         16382
                                                BIC intercept | lowest
parallel loop                                9.716±0.031      |      9.250±0.067     
==========================================
Finalizing benchmark.
[OK] saved: result/GH200/OpenACC/NVC_26_3/resultLowest_M6_1to8096_20260825_103355.png
[INFO] x-scale = log

===== [M7] Method=7 N=16382 Delay=1,8096 =====
========== Runtime Configuration ==========
API           : openacc
Methods       : 7
Delay range   : [1, 8096]
Array size(s) : 16382
gang_count     : 132
worker_count   : 32
MAX_ITER      : 16382  (kernel workload)
MAX_ARRAY_SIZE: 65536  (mapping/memory space)
NUM_SAMPLES   : 20
OUTERREPS     : 1
WARMUP_ITERS  : 10
BENCHMARK_SETS: 2
BENCHMARK_RUNS: 5
==========================================
OpenACC device type: 4
Number of available devices: 1
Initializing benchmark runtime environment...

========== Benchmark Execution ==========
Method/N                                                         16382
                                                BIC intercept | lowest
async parallel loop + wait                   8.346±0.039      |      7.935±0.116     
==========================================
Finalizing benchmark.
[OK] saved: result/GH200/OpenACC/NVC_26_3/resultLowest_M7_1to8096_20260825_103355.png
[INFO] x-scale = log

===== [M8] Method=8 N=16,64,256,1024,4096,8192,16382 Delay=1,8096 =====
========== Runtime Configuration ==========
API           : openacc
Methods       : 8
Delay range   : [1, 8096]
Array size(s) : 16, 64, 256, 1024, 4096, 8192, 16382
gang_count     : 132
worker_count   : 32
MAX_ITER      : 16382  (kernel workload)
MAX_ARRAY_SIZE: 65536  (mapping/memory space)
NUM_SAMPLES   : 20
OUTERREPS     : 1
WARMUP_ITERS  : 10
BENCHMARK_SETS: 2
BENCHMARK_RUNS: 5
==========================================
OpenACC device type: 4
Number of available devices: 1
Initializing benchmark runtime environment...

========== Benchmark Execution ==========
Method/N                                                            16                            64                           256                          1024                          4096                          8192                         16382
                                                BIC intercept | lowest        BIC intercept | lowest        BIC intercept | lowest        BIC intercept | lowest        BIC intercept | lowest        BIC intercept | lowest        BIC intercept | lowest
parallel loop atomic                        12.855±0.081      |     14.335±0.067         12.009±0.075      |     11.865±0.088         11.535±0.045      |     11.145±0.107         11.381±0.051      |     10.945±0.107         11.307±0.057      |     10.795±0.064         11.228±0.064      |     10.800±0.103         11.255±0.056      |     10.795±0.044     
==========================================
Finalizing benchmark.
[OK] saved: result/GH200/OpenACC/NVC_26_3/resultLowest_M8_1to8096_20260825_103355.png
[INFO] x-scale = log

===== [M9] Method=9 N=16,64,256,1024,4096,8192,16382 Delay=1,8096 =====
========== Runtime Configuration ==========
API           : openacc
Methods       : 9
Delay range   : [1, 8096]
Array size(s) : 16, 64, 256, 1024, 4096, 8192, 16382
gang_count     : 132
worker_count   : 32
MAX_ITER      : 16382  (kernel workload)
MAX_ARRAY_SIZE: 65536  (mapping/memory space)
NUM_SAMPLES   : 20
OUTERREPS     : 1
WARMUP_ITERS  : 10
BENCHMARK_SETS: 2
BENCHMARK_RUNS: 5
==========================================
OpenACC device type: 4
Number of available devices: 1
Initializing benchmark runtime environment...

========== Benchmark Execution ==========
Method/N                                                            16                            64                           256                          1024                          4096                          8192                         16382
                                                BIC intercept | lowest        BIC intercept | lowest        BIC intercept | lowest        BIC intercept | lowest        BIC intercept | lowest        BIC intercept | lowest        BIC intercept | lowest
parallel loop reduction                     27.935±0.091      |     27.505±0.177         27.972±0.066      |     27.530±0.167         28.057±0.086      |     27.590±0.201         28.049±0.063      |     27.605±0.130         28.180±0.054      |     27.835±0.125         27.939±0.071      |     27.345±0.395         27.972±0.116      |     27.625±0.130     
==========================================
Finalizing benchmark.
[OK] saved: result/GH200/OpenACC/NVC_26_3/resultLowest_M9_1to8096_20260825_103355.png
[INFO] x-scale = log

===== [M11_parreps] Method=11 N=1,2,4,8,16,32,64,128 Delay=1,8096 =====
========== Runtime Configuration ==========
API           : openacc
Methods       : 11
Delay range   : [1, 8096]
Array size(s) : 1, 2, 4, 8, 16, 32, 64, 128
gang_count     : 132
worker_count   : 32
MAX_ITER      : 6656  (kernel workload)
MAX_ARRAY_SIZE: 65536  (mapping/memory space)
NUM_SAMPLES   : 20
OUTERREPS     : 1
WARMUP_ITERS  : 10
BENCHMARK_SETS: 2
BENCHMARK_RUNS: 5
==========================================
OpenACC device type: 4
Number of available devices: 1
Initializing benchmark runtime environment...

========== Benchmark Execution ==========
Method/N                                                             1                             2                             4                             8                            16                            32                            64                           128
                                                BIC intercept | lowest        BIC intercept | lowest        BIC intercept | lowest        BIC intercept | lowest        BIC intercept | lowest        BIC intercept | lowest        BIC intercept | lowest        BIC intercept | lowest
parallel worker loop num_gangs + num_workers     9.096±0.062      |      8.915±0.047          9.317±0.116      |      9.090±0.097          9.834±0.032      |      9.385±0.078         11.006±0.192      |     10.115±0.088         13.098±0.144      |     11.440±0.088         16.686±0.066      |     14.160±0.074         23.968±0.170      |     19.860±0.131         38.979±0.074      |     30.370±0.063     
==========================================
Finalizing benchmark.
[OK] saved: result/GH200/OpenACC/NVC_26_3/resultLowest_M11_parreps_1to8096_20260825_103355.png
[INFO] x-scale = log

All Grace Hopper OpenACC benchmark groups completed.
Results saved under result/GH200/OpenACC/NVC_26_3
