Running Grace Hopper OpenACC benchmark groups...
========== Grace Hopper OpenACC configuration ==========
MACHINE=GH200
API=OpenACC
COMPILER_TAG=NVC_26_3
GANGS=132
WORKERS=32

nvc 26.3-0 linuxarm64 target on aarch64 Linux -tp grace 
NVIDIA Compilers and Tools
Copyright (c) 2026, NVIDIA CORPORATION & AFFILIATES.  All rights reserved.
Tue Aug 18 10:14:59 2026       
+-----------------------------------------------------------------------------------------+
| NVIDIA-SMI 580.95.05              Driver Version: 580.95.05      CUDA Version: 13.0     |
+-----------------------------------------+------------------------+----------------------+
| GPU  Name                 Persistence-M | Bus-Id          Disp.A | Volatile Uncorr. ECC |
| Fan  Temp   Perf          Pwr:Usage/Cap |           Memory-Usage | GPU-Util  Compute M. |
|                                         |                        |               MIG M. |
|=========================================+========================+======================|
|   0  NVIDIA GH200 480GB             On  |   00000009:01:00.0 Off |                    0 |
| N/A   27C    P0             77W /  900W |       6MiB /  97871MiB |      0%      Default |
|                                         |                        |             Disabled |
+-----------------------------------------+------------------------+----------------------+

+-----------------------------------------------------------------------------------------+
| Processes:                                                                              |
|  GPU   GI   CI              PID   Type   Process name                        GPU Memory |
|        ID   ID                                                               Usage      |
|=========================================================================================|
|  No running processes found                                                             |
+-----------------------------------------------------------------------------------------+
========================================================
Compiling OpenACC backend...

===== [M0_M10] Method=0,10 N=16382 Delay=1,8096 =====
GANGS=132 WORKERS=32
========== Runtime Configuration ==========
API           : openacc
Methods       : 0, 10
Delay range   : [1, 8096]
Array size(s) : 16382
gang_count     : 132
worker_count   : 32
MAX_ITER      : 16382  (kernel workload)
MAX_ARRAY_SIZE: 65536  (mapping/memory space)
NUM_SAMPLES   : 20
OUTERREPS     : 1
WARMUP_ITERS  : 10
BENCHMARK_SETS: 2
BENCHMARK_RUNS: 5
==========================================
OpenACC device type: 4
Number of available devices: 1
Initializing benchmark runtime environment...

========== Benchmark Execution ==========
Method/N                                                         16382
                                                BIC intercept | lowest
pure delay kernel                            9.076±0.101      |      8.915±0.108     
parallel num_gangs + num_workers             9.158±0.053      |      8.985±0.053     
==========================================
Finalizing benchmark.
Traceback (most recent call last):
  File "/work/weiyu/microbenchmark/./plots/plot_raw_times.py", line 28, in <module>
    import pandas as pd
ModuleNotFoundError: No module named 'pandas'
