Running Grace Hopper OpenACC benchmark groups...
GH200 OpenACC: compiler=NVC_26_3 groups=132 width=32
GPU: NVIDIA GH200 480GB, 580.95.05
Compiling OpenACC backend...

===== [M0_M10] Method=0,10 N=16382 Delay=1,8096 =====
========== Runtime Configuration ==========
API           : openacc
Methods       : 0, 10
Delay range   : [1, 8096]
Array size(s) : 16382
gang_count     : 132
worker_count   : 32
MAX_ITER      : 16382  (kernel workload)
MAX_ARRAY_SIZE: 65536  (mapping/memory space)
NUM_SAMPLES   : 20
OUTERREPS     : 1
WARMUP_ITERS  : 10
BENCHMARK_SETS: 2
BENCHMARK_RUNS: 5
==========================================
OpenACC device type: 4
Number of available devices: 1
Initializing benchmark runtime environment...

========== Benchmark Execution ==========
Method/N                                                         16382
                                                BIC intercept | lowest
pure delay kernel                            9.168±0.042      |      8.955±0.069     
parallel num_gangs + num_workers             9.242±0.034      |      9.050±0.041     
==========================================
Finalizing benchmark.
[OK] saved: result/GH200/OpenACC/NVC_26_3/resultLowest_M0_M10_1to8096_20260818_180805.png
[INFO] x-scale = log

===== [M1to4] Method=1,2,3,4 N=1,4,16,64,256,1024,4096,8192,16382,32768,65536 Delay=1,8096 =====
========== Runtime Configuration ==========
API           : openacc
Methods       : 1, 2, 3, 4
Delay range   : [1, 8096]
Array size(s) : 1, 4, 16, 64, 256, 1024, 4096, 8192, 16382, 32768, 65536
gang_count     : 132
worker_count   : 32
MAX_ITER      : 65536  (kernel workload)
MAX_ARRAY_SIZE: 65536  (mapping/memory space)
NUM_SAMPLES   : 20
OUTERREPS     : 1
WARMUP_ITERS  : 10
BENCHMARK_SETS: 2
BENCHMARK_RUNS: 5
==========================================
OpenACC device type: 4
Number of available devices: 1
Initializing benchmark runtime environment...

========== Benchmark Execution ==========
Method/N                                                             1                             4                            16                            64                           256                          1024                          4096                          8192                         16382                         32768                         65536
                                                BIC intercept | lowest        BIC intercept | lowest        BIC intercept | lowest        BIC intercept | lowest        BIC intercept | lowest        BIC intercept | lowest        BIC intercept | lowest        BIC intercept | lowest        BIC intercept | lowest        BIC intercept | lowest        BIC intercept | lowest
copy(a[0:N])                                22.256±0.051      |     22.010±0.107         22.157±0.039      |     21.955±0.072         22.269±0.103      |     22.085±0.125         22.545±0.057      |     22.255±0.101         23.498±0.269      |     23.190±0.326         24.047±0.071      |     23.765±0.094         26.457±0.023      |     26.265±0.041         30.370±0.050      |     30.195±0.064         25.976±0.050      |     25.760±0.113         26.990±0.040      |     26.860±0.081         28.591±0.168      |     28.455±0.189     
copyin(a[0:N])                              13.703±0.023      |     13.605±0.037         13.699±0.018      |     13.605±0.050         13.711±0.025      |     13.595±0.050         13.890±0.048      |     13.705±0.069         15.046±0.028      |     14.845±0.076         15.329±0.085      |     15.105±0.166         17.018±0.023      |     16.795±0.044         19.514±0.090      |     19.310±0.094         17.549±0.052      |     17.210±0.077         18.084±0.044      |     17.760±0.081         18.810±0.037      |     18.495±0.112     
copyout(a[0:N])                             17.942±0.040      |     17.625±0.086         17.931±0.035      |     17.575±0.075         17.875±0.039      |     17.455±0.132         17.951±0.050      |     17.555±0.134         18.044±0.066      |     17.655±0.098         17.876±0.039      |     17.635±0.078         17.657±0.023      |     17.475±0.049         17.953±0.020      |     17.795±0.028         18.403±0.029      |     18.170±0.048         18.877±0.038      |     18.665±0.058         19.907±0.040      |     19.680±0.054     
create(a[0:N])                               9.308±0.039      |      9.135±0.067          9.307±0.033      |      9.085±0.082          9.304±0.032      |      9.150±0.058          9.289±0.043      |      9.115±0.063          9.393±0.035      |      9.250±0.078          9.293±0.047      |      9.135±0.071          9.327±0.039      |      9.145±0.044          9.328±0.035      |      9.170±0.089          9.326±0.025      |      9.145±0.050          9.327±0.039      |      9.145±0.044          9.285±0.030      |      9.105±0.076     
==========================================
Finalizing benchmark.
[OK] saved: result/GH200/OpenACC/NVC_26_3/resultLowest_M1to4_1to8096_20260818_180805.png
[INFO] x-scale = log

===== [M5] Method=5 N=16382 Delay=1,8096 =====
========== Runtime Configuration ==========
API           : openacc
Methods       : 5
Delay range   : [1, 8096]
Array size(s) : 16382
gang_count     : 132
worker_count   : 32
MAX_ITER      : 16382  (kernel workload)
MAX_ARRAY_SIZE: 65536  (mapping/memory space)
NUM_SAMPLES   : 20
OUTERREPS     : 1
WARMUP_ITERS  : 10
BENCHMARK_SETS: 2
BENCHMARK_RUNS: 5
==========================================
OpenACC device type: 4
Number of available devices: 1
Initializing benchmark runtime environment...

========== Benchmark Execution ==========
Method/N                                                         16382
                                                BIC intercept | lowest
parallel (scalar)                            9.222±0.034      |      9.040±0.061     
==========================================
Finalizing benchmark.
[OK] saved: result/GH200/OpenACC/NVC_26_3/resultLowest_M5_1to8096_20260818_180805.png
[INFO] x-scale = log

===== [M6] Method=6 N=16382 Delay=1,8096 =====
========== Runtime Configuration ==========
API           : openacc
Methods       : 6
Delay range   : [1, 8096]
Array size(s) : 16382
gang_count     : 132
worker_count   : 32
MAX_ITER      : 16382  (kernel workload)
MAX_ARRAY_SIZE: 65536  (mapping/memory space)
NUM_SAMPLES   : 20
OUTERREPS     : 1
WARMUP_ITERS  : 10
BENCHMARK_SETS: 2
BENCHMARK_RUNS: 5
==========================================
OpenACC device type: 4
Number of available devices: 1
Initializing benchmark runtime environment...

========== Benchmark Execution ==========
Method/N                                                         16382
                                                BIC intercept | lowest
parallel loop                                9.805±0.043      |      9.350±0.113     
==========================================
Finalizing benchmark.
[OK] saved: result/GH200/OpenACC/NVC_26_3/resultLowest_M6_1to8096_20260818_180805.png
[INFO] x-scale = log

===== [M7] Method=7 N=16382 Delay=1,8096 =====
========== Runtime Configuration ==========
API           : openacc
Methods       : 7
Delay range   : [1, 8096]
Array size(s) : 16382
gang_count     : 132
worker_count   : 32
MAX_ITER      : 16382  (kernel workload)
MAX_ARRAY_SIZE: 65536  (mapping/memory space)
NUM_SAMPLES   : 20
OUTERREPS     : 1
WARMUP_ITERS  : 10
BENCHMARK_SETS: 2
BENCHMARK_RUNS: 5
==========================================
OpenACC device type: 4
Number of available devices: 1
Initializing benchmark runtime environment...

========== Benchmark Execution ==========
Method/N                                                         16382
                                                BIC intercept | lowest
async parallel loop + wait                   8.420±0.049      |      8.020±0.067     
==========================================
Finalizing benchmark.
[OK] saved: result/GH200/OpenACC/NVC_26_3/resultLowest_M7_1to8096_20260818_180805.png
[INFO] x-scale = log

===== [M8] Method=8 N=16,64,256,1024,4096,8192,16382 Delay=1,8096 =====
========== Runtime Configuration ==========
API           : openacc
Methods       : 8
Delay range   : [1, 8096]
Array size(s) : 16, 64, 256, 1024, 4096, 8192, 16382
gang_count     : 132
worker_count   : 32
MAX_ITER      : 16382  (kernel workload)
MAX_ARRAY_SIZE: 65536  (mapping/memory space)
NUM_SAMPLES   : 20
OUTERREPS     : 1
WARMUP_ITERS  : 10
BENCHMARK_SETS: 2
BENCHMARK_RUNS: 5
==========================================
OpenACC device type: 4
Number of available devices: 1
Initializing benchmark runtime environment...

========== Benchmark Execution ==========
Method/N                                                            16                            64                           256                          1024                          4096                          8192                         16382
                                                BIC intercept | lowest        BIC intercept | lowest        BIC intercept | lowest        BIC intercept | lowest        BIC intercept | lowest        BIC intercept | lowest        BIC intercept | lowest
parallel loop atomic                        12.961±0.067      |     14.485±0.071         12.135±0.045      |     11.970±0.063         11.713±0.074      |     11.330±0.109         11.474±0.049      |     11.065±0.106         11.445±0.033      |     11.010±0.077         11.417±0.033      |     10.940±0.070         11.375±0.028      |     10.975±0.075     
==========================================
Finalizing benchmark.
[OK] saved: result/GH200/OpenACC/NVC_26_3/resultLowest_M8_1to8096_20260818_180805.png
[INFO] x-scale = log

===== [M9] Method=9 N=16,64,256,1024,4096,8192,16382 Delay=1,8096 =====
========== Runtime Configuration ==========
API           : openacc
Methods       : 9
Delay range   : [1, 8096]
Array size(s) : 16, 64, 256, 1024, 4096, 8192, 16382
gang_count     : 132
worker_count   : 32
MAX_ITER      : 16382  (kernel workload)
MAX_ARRAY_SIZE: 65536  (mapping/memory space)
NUM_SAMPLES   : 20
OUTERREPS     : 1
WARMUP_ITERS  : 10
BENCHMARK_SETS: 2
BENCHMARK_RUNS: 5
==========================================
OpenACC device type: 4
Number of available devices: 1
Initializing benchmark runtime environment...

========== Benchmark Execution ==========
Method/N                                                            16                            64                           256                          1024                          4096                          8192                         16382
                                                BIC intercept | lowest        BIC intercept | lowest        BIC intercept | lowest        BIC intercept | lowest        BIC intercept | lowest        BIC intercept | lowest        BIC intercept | lowest
parallel loop reduction                     27.873±0.045      |     27.450±0.139         27.842±0.064      |     27.460±0.170         27.852±0.079      |     27.490±0.088         27.895±0.089      |     27.485±0.116         27.934±0.039      |     27.455±0.096         27.885±0.092      |     27.225±0.371         27.894±0.064      |     27.520±0.071     
==========================================
Finalizing benchmark.
[OK] saved: result/GH200/OpenACC/NVC_26_3/resultLowest_M9_1to8096_20260818_180805.png
[INFO] x-scale = log

===== [M11_parreps] Method=11 N=1,2,4,8,16,32,64,128 Delay=1,8096 =====
========== Runtime Configuration ==========
API           : openacc
Methods       : 11
Delay range   : [1, 8096]
Array size(s) : 1, 2, 4, 8, 16, 32, 64, 128
gang_count     : 132
worker_count   : 32
MAX_ITER      : 6656  (kernel workload)
MAX_ARRAY_SIZE: 65536  (mapping/memory space)
NUM_SAMPLES   : 20
OUTERREPS     : 1
WARMUP_ITERS  : 10
BENCHMARK_SETS: 2
BENCHMARK_RUNS: 5
==========================================
OpenACC device type: 4
Number of available devices: 1
Initializing benchmark runtime environment...

========== Benchmark Execution ==========
Method/N                                                             1                             2                             4                             8                            16                            32                            64                           128
                                                BIC intercept | lowest        BIC intercept | lowest        BIC intercept | lowest        BIC intercept | lowest        BIC intercept | lowest        BIC intercept | lowest        BIC intercept | lowest        BIC intercept | lowest
parallel worker loop num_gangs + num_workers     9.266±0.032      |      9.095±0.076          9.529±0.043      |      9.270±0.035         10.016±0.057      |      9.600±0.082         11.092±0.123      |     10.250±0.078         13.185±0.161      |     11.530±0.140         16.889±0.088      |     14.370±0.071         24.161±0.255      |     19.910±0.074         39.115±0.135      |     30.520±0.059     
==========================================
Finalizing benchmark.
[OK] saved: result/GH200/OpenACC/NVC_26_3/resultLowest_M11_parreps_1to8096_20260818_180805.png
[INFO] x-scale = log

All Grace Hopper OpenACC benchmark groups completed.
Results saved under result/GH200/OpenACC/NVC_26_3
