Running Archer2 benchmark sweep...
THREADS=64, TEAMS=104
N_DATA=1,4,16,64,256,1024,4096,16384,65536,262144,1048576,4194304,16777216
N_ATORED=1,4,16,64
N_FIXED=16384
DELAY_SHORT=1,8096

===== [M1to4] Method=1,2,3,4 N=1,4,16,64,256,1024,4096,16384,65536,262144,1048576,4194304,16777216 Delay=1,8096 =====
Adjusted limits: MAX_ITER=16777216 (default=6656, max threads*teams=6656, max N=16777216), MAX_ARRAY_SIZE=16777216 (default=65536)
========== Runtime Configuration ==========
Methods       : 1, 2, 3, 4
Delay range   : [1, 8096]
Array size(s) : 1, 4, 16, 64, 256, 1024, 4096, 16384, 65536, 262144, 1048576, 4194304, 16777216
thread_count(s): 64
team_count(s) : 104
MAX_ITER      : 16777216  (kernel workload)
MAX_ARRAY_SIZE: 16777216  (mapping/memory space)
NUM_SAMPLES   : 20
OUTERREPS     : 1
WARMUP_ITERS  : 10
BENCHMARK_SETS: 2
BENCHMARK_RUNS: 5
==========================================
There are  4 available devices
Host device is 4
Initializing benchmark runtime environment...

========== Benchmark Execution ==========
Method/N                                                        1                             4                            16                            64                           256                          1024                          4096                         16384                         65536                        262144                       1048576                       4194304                      16777216
                                           BIC intercept | lowest        BIC intercept | lowest        BIC intercept | lowest        BIC intercept | lowest        BIC intercept | lowest        BIC intercept | lowest        BIC intercept | lowest        BIC intercept | lowest        BIC intercept | lowest        BIC intercept | lowest        BIC intercept | lowest        BIC intercept | lowest        BIC intercept | lowest
map(tofrom: a)                        470.252±10.190     |    468.720±0.305        470.058±7.371      |    468.457±0.269        467.600±7.773      |    468.789±0.315        468.924±10.935     |    468.895±0.162        470.249±11.172     |    468.900±0.366        471.451±6.697      |    470.045±0.281        468.530±8.100      |    469.581±0.330        476.197±10.222     |    477.718±0.292        509.600±11.591     |    508.481±0.423        822.834±10.850     |    789.355±6.289       1359.185±12.042     |   1330.171±3.099       3668.635±11.675     |   3623.811±15.360     12528.465±43.666     |  12406.491±56.583    
map(to: a)                            458.617±6.139      |    460.459±0.215        458.952±7.976      |    460.418±0.219        456.604±7.815      |    460.776±0.350        457.326±4.867      |    460.070±0.250        458.833±6.923      |    460.213±0.348        459.949±8.297      |    461.775±0.253        458.580±7.028      |    462.588±0.281        459.887±5.667      |    464.151±0.266        479.260±6.204      |    481.027±0.482        721.812±5.802      |    672.957±5.694       1020.226±12.911     |    986.843±7.087       2341.074±27.377     |   2326.022±2.817       7331.486±67.763     |   7186.885±39.114    
map(from: a)                          460.648±2.839      |    460.954±0.298        461.051±3.921      |    461.138±0.364        458.548±6.488      |    461.040±0.186        459.825±5.170      |    460.911±0.344        461.113±5.048      |    461.203±0.171        461.973±4.173      |    461.897±0.312        460.059±4.096      |    462.613±0.323        461.855±5.942      |    464.720±0.322        480.833±4.914      |    481.229±0.258        712.461±4.159      |    662.864±1.806       1007.993±13.405     |    980.848±2.702       2349.543±16.526     |   2326.143±7.005       7461.943±102.967    |   7317.926±77.881    
map(alloc: a)                         202.698±6.051      |    198.741±0.195        203.265±8.293      |    198.729±0.231        200.495±8.349      |    198.716±0.152        202.333±5.744      |    198.821±0.104        203.533±6.989      |    198.705±0.199        202.956±8.809      |    198.835±0.142        200.737±7.539      |    198.820±0.201        200.453±6.258      |    198.829±0.165        202.722±6.276      |    198.814±0.195        486.117±5.592      |    483.750±5.221        486.583±10.132     |    482.047±2.740        481.528±10.163     |    483.075±4.562       3913.327±345.159    |   1512.107±705.793   
==========================================
Finalizing benchmark.
Plotting M1to4_1to8096_20260507_153057 ...
Matplotlib created a temporary config/cache directory at /tmp/matplotlib-7cqzf1_w because the default path (/home/d35/d35/weiyu24/.config/matplotlib) is not a writable directory; it is highly recommended to set the MPLCONFIGDIR environment variable to a writable directory, in particular to speed up the import of Matplotlib and to better support multiprocessing.
[OK] saved: result/Archer2_Output/OpenMP/resultLowest_M1to4_1to8096_20260507_153057.png
[INFO] x-scale = lin
Plot generated: result/Archer2_Output/OpenMP/resultLowest_M1to4_1to8096_20260507_153057.png

===== [M5] Method=5 N=16384 Delay=1,8096 =====
Adjusted limits: MAX_ITER=16384 (default=6656, max threads*teams=6656, max N=16384), MAX_ARRAY_SIZE=65536 (default=65536)
========== Runtime Configuration ==========
Methods       : 5
Delay range   : [1, 8096]
Array size(s) : 16384
thread_count(s): 64
team_count(s) : 104
MAX_ITER      : 16384  (kernel workload)
MAX_ARRAY_SIZE: 65536  (mapping/memory space)
NUM_SAMPLES   : 20
OUTERREPS     : 1
WARMUP_ITERS  : 10
BENCHMARK_SETS: 2
BENCHMARK_RUNS: 5
==========================================
There are  4 available devices
Host device is 4
Initializing benchmark runtime environment...

========== Benchmark Execution ==========
Method/N                                                    16384
                                           BIC intercept | lowest
teams (scalar)                        372.555±0.377      |    399.183±0.362     
==========================================
Finalizing benchmark.
Plotting M5_1to8096_20260507_153057 ...
Matplotlib created a temporary config/cache directory at /tmp/matplotlib-mdq761gd because the default path (/home/d35/d35/weiyu24/.config/matplotlib) is not a writable directory; it is highly recommended to set the MPLCONFIGDIR environment variable to a writable directory, in particular to speed up the import of Matplotlib and to better support multiprocessing.
[OK] saved: result/Archer2_Output/OpenMP/resultLowest_M5_1to8096_20260507_153057.png
[INFO] x-scale = lin
Plot generated: result/Archer2_Output/OpenMP/resultLowest_M5_1to8096_20260507_153057.png

===== [M6] Method=6 N=16384 Delay=1,8096 =====
Adjusted limits: MAX_ITER=16384 (default=6656, max threads*teams=6656, max N=16384), MAX_ARRAY_SIZE=65536 (default=65536)
========== Runtime Configuration ==========
Methods       : 6
Delay range   : [1, 8096]
Array size(s) : 16384
thread_count(s): 64
team_count(s) : 104
MAX_ITER      : 16384  (kernel workload)
MAX_ARRAY_SIZE: 65536  (mapping/memory space)
NUM_SAMPLES   : 20
OUTERREPS     : 1
WARMUP_ITERS  : 10
BENCHMARK_SETS: 2
BENCHMARK_RUNS: 5
==========================================
There are  4 available devices
Host device is 4
Initializing benchmark runtime environment...

========== Benchmark Execution ==========
Method/N                                                    16384
                                           BIC intercept | lowest
teams distribute parallel for         303.240±0.640      |    301.852±0.383     
==========================================
Finalizing benchmark.
Plotting M6_1to8096_20260507_153057 ...
Matplotlib created a temporary config/cache directory at /tmp/matplotlib-upyvwddj because the default path (/home/d35/d35/weiyu24/.config/matplotlib) is not a writable directory; it is highly recommended to set the MPLCONFIGDIR environment variable to a writable directory, in particular to speed up the import of Matplotlib and to better support multiprocessing.
[OK] saved: result/Archer2_Output/OpenMP/resultLowest_M6_1to8096_20260507_153057.png
[INFO] x-scale = lin
Plot generated: result/Archer2_Output/OpenMP/resultLowest_M6_1to8096_20260507_153057.png

===== [M7] Method=7 N=16384 Delay=1,8096 =====
Adjusted limits: MAX_ITER=16384 (default=6656, max threads*teams=6656, max N=16384), MAX_ARRAY_SIZE=65536 (default=65536)
========== Runtime Configuration ==========
Methods       : 7
Delay range   : [1, 8096]
Array size(s) : 16384
thread_count(s): 64
team_count(s) : 104
MAX_ITER      : 16384  (kernel workload)
MAX_ARRAY_SIZE: 65536  (mapping/memory space)
NUM_SAMPLES   : 20
OUTERREPS     : 1
WARMUP_ITERS  : 10
BENCHMARK_SETS: 2
BENCHMARK_RUNS: 5
==========================================
There are  4 available devices
Host device is 4
Initializing benchmark runtime environment...

========== Benchmark Execution ==========
Method/N                                                    16384
                                           BIC intercept | lowest
nowait                                242.298±9.654      |    231.549±0.152     
==========================================
Finalizing benchmark.
Plotting M7_1to8096_20260507_153057 ...
Matplotlib created a temporary config/cache directory at /tmp/matplotlib-76y8xvcr because the default path (/home/d35/d35/weiyu24/.config/matplotlib) is not a writable directory; it is highly recommended to set the MPLCONFIGDIR environment variable to a writable directory, in particular to speed up the import of Matplotlib and to better support multiprocessing.
[OK] saved: result/Archer2_Output/OpenMP/resultLowest_M7_1to8096_20260507_153057.png
[INFO] x-scale = lin
Plot generated: result/Archer2_Output/OpenMP/resultLowest_M7_1to8096_20260507_153057.png

===== [M8to9] Method=8,9 N=1,4,16,64 Delay=1,8096 =====
Adjusted limits: MAX_ITER=6656 (default=6656, max threads*teams=6656, max N=64), MAX_ARRAY_SIZE=65536 (default=65536)
========== Runtime Configuration ==========
Methods       : 8, 9
Delay range   : [1, 8096]
Array size(s) : 1, 4, 16, 64
thread_count(s): 64
team_count(s) : 104
MAX_ITER      : 6656  (kernel workload)
MAX_ARRAY_SIZE: 65536  (mapping/memory space)
NUM_SAMPLES   : 20
OUTERREPS     : 1
WARMUP_ITERS  : 10
BENCHMARK_SETS: 2
BENCHMARK_RUNS: 5
==========================================
There are  4 available devices
Host device is 4
Initializing benchmark runtime environment...

========== Benchmark Execution ==========
Method/N                                                        1                             4                            16                            64
                                           BIC intercept | lowest        BIC intercept | lowest        BIC intercept | lowest        BIC intercept | lowest
teams atomic                        12449.753±26.705     |  12419.549±24.721      2135.009±3.787      |   2180.679±1.794        616.897±3.801      |    756.664±0.455        310.849±3.356      |    392.401±0.152     
teams reduction                    