Running microbenchmark...
========== Runtime Configuration ==========
Methods       : 6
Delay range   : [1, 8096]
Array size(s) : 16382
thread_count(s): 64
team_count(s) : 104
MAX_ITER      : 6656  (kernel workload)
MAX_ARRAY_SIZE: 65536  (mapping/memory space)
NUM_SAMPLES   : 20
OUTERREPS     : 10
WARMUP_ITERS  : 10
BENCHMARK_SETS: 1
BENCHMARK_RUNS: 1
MAXPARREPS    : 128
==========================================
There are  4 available devices
Host device is 4
Initializing benchmark runtime environment...
MAX_ITER set to 16382 (MAX_ITER_DEF=6656, max threads*teams=6656, max N=16382)

========== Benchmark Execution ==========
Method/N                                                    16382
                                           BIC intercept | lowest
teams distribute parallel for         298.821±0.000      |    298.580±0.000     
==========================================
Finalizing benchmark.
