Running Archer2 benchmark sweep...
THREADS=64, TEAMS=104
N_DATA=1,4,16,64,256,1024,4096,16384,65536,262144,1048576,4194304,16777216
N_ATORED=1,2,4,8,16,32,64
N_FIXED=16384
DELAY_SHORT=1,8096
DELAY_FULL=512,262144

===== [M1to4] Method=1,2,3,4 N=1,4,16,64,256,1024,4096,16384,65536,262144,1048576,4194304,16777216 Delay=1,8096 =====
Adjusted limits: MAX_ITER=16777216 (default=6656, max threads*teams=6656, max N=16777216), MAX_ARRAY_SIZE=16777216 (default=65536)
========== Runtime Configuration ==========
Methods       : 1, 2, 3, 4
Delay range   : [1, 8096]
Array size(s) : 1, 4, 16, 64, 256, 1024, 4096, 16384, 65536, 262144, 1048576, 4194304, 16777216
thread_count(s): 64
team_count(s) : 104
MAX_ITER      : 16777216  (kernel workload)
MAX_ARRAY_SIZE: 16777216  (mapping/memory space)
NUM_SAMPLES   : 20
OUTERREPS     : 1
WARMUP_ITERS  : 10
BENCHMARK_SETS: 2
BENCHMARK_RUNS: 5
MAXPARREPS    : 128
==========================================
There are  4 available devices
Host device is 4
Initializing benchmark runtime environment...

========== Benchmark Execution ==========
Method/N                                                        1                             4                            16                            64                           256                          1024                          4096                         16384                         65536                        262144                       1048576                       4194304                      16777216
                                           BIC intercept | lowest        BIC intercept | lowest        BIC intercept | lowest        BIC intercept | lowest        BIC intercept | lowest        BIC intercept | lowest        BIC intercept | lowest        BIC intercept | lowest        BIC intercept | lowest        BIC intercept | lowest        BIC intercept | lowest        BIC intercept | lowest        BIC intercept | lowest
map(tofrom: a)                        468.131±8.310      |    467.935±0.259        467.603±9.699      |    467.858±0.224        466.926±9.351      |    467.889±0.263        469.402±9.602      |    467.752±0.230        467.126±7.725      |    467.595±0.324        469.336±9.806      |    469.524±0.328        467.312±10.241     |    468.782±0.208        477.976±8.834      |    477.012±0.275        509.140±7.545      |    508.611±0.220        823.811±12.809     |    800.171±8.996       1354.308±11.775     |   1327.949±2.379       3585.384±19.801     |   3525.567±11.863     12445.814±26.222     |  12330.010±14.689    
map(to: a)                            458.226±4.961      |    460.023±0.304        458.381±7.322      |    459.760±0.377        458.441±5.934      |    459.961±0.341        460.621±7.238      |    459.802±0.276        457.917±5.955      |    459.861±0.374        460.452±6.797      |    461.527±0.360        460.298±6.255      |    462.481±0.257        463.621±6.394      |    463.965±0.258        481.011±5.700      |    481.641±0.640        722.198±7.164      |    675.535±4.237       1014.100±7.986      |    982.441±3.662       2355.810±15.627     |   2322.874±3.986       7335.722±41.301     |   7234.005±28.075    
map(from: a)                          460.206±4.972      |    461.100±0.474        459.754±7.290      |    461.084±0.260        459.428±6.438      |    461.333±0.399        462.119±7.827      |    461.268±0.278        459.802±6.043      |    461.248±0.333        460.924±7.107      |    461.752±0.193        460.251±7.218      |    462.443±0.216        464.677±7.200      |    464.565±0.334        481.276±6.187      |    481.584±0.281        712.341±7.113      |    663.444±2.014       1011.076±12.356     |    984.089±4.217       2350.837±22.638     |   2321.589±10.210      7445.311±79.130     |   7309.663±58.971    
map(alloc: a)                         201.835±6.044      |    198.663±0.298        202.889±3.699      |    198.654±0.178        202.539±4.909      |    198.795±0.122        204.812±2.293      |    198.756±0.153        202.211±6.546      |    198.715±0.242        203.242±5.407      |    198.708±0.148        201.981±5.109      |    198.758±0.166        203.648±2.671      |    198.761±0.110        203.008±5.368      |    198.785±0.179        480.549±5.223      |    482.360±3.478        481.694±11.662     |    483.898±4.672        483.965±5.702      |    485.693±5.214       3952.223±275.307    |   1606.480±608.048   
==========================================
Finalizing benchmark.
Plotting M1to4_1to8096_20260428_155445 ...
Matplotlib created a temporary config/cache directory at /tmp/matplotlib-a7enmasl because the default path (/home/d35/d35/weiyu24/.config/matplotlib) is not a writable directory; it is highly recommended to set the MPLCONFIGDIR environment variable to a writable directory, in particular to speed up the import of Matplotlib and to better support multiprocessing.
[OK] saved: result/Archer2_Output/OpenMP/resultLowest_M1to4_1to8096_20260428_155445.png
[INFO] x-scale = lin
Plot generated: result/Archer2_Output/OpenMP/resultLowest_M1to4_1to8096_20260428_155445.png

===== [M5] Method=5 N=16384 Delay=1,8096 =====
Adjusted limits: MAX_ITER=16384 (default=6656, max threads*teams=6656, max N=16384), MAX_ARRAY_SIZE=65536 (default=65536)
========== Runtime Configuration ==========
Methods       : 5
Delay range   : [1, 8096]
Array size(s) : 16384
thread_count(s): 64
team_count(s) : 104
MAX_ITER      : 16384  (kernel workload)
MAX_ARRAY_SIZE: 65536  (mapping/memory space)
NUM_SAMPLES   : 20
OUTERREPS     : 1
WARMUP_ITERS  : 10
BENCHMARK_SETS: 2
BENCHMARK_RUNS: 5
MAXPARREPS    : 128
==========================================
There are  4 available devices
Host device is 4
Initializing benchmark runtime environment...

========== Benchmark Execution ==========
Method/N                                                    16384
                                           BIC intercept | lowest
teams (scalar)                        371.996±0.719      |    398.830±0.613     
==========================================
Finalizing benchmark.
Plotting M5_1to8096_20260428_155445 ...
Matplotlib created a temporary config/cache directory at /tmp/matplotlib-p6z4l1wt because the default path (/home/d35/d35/weiyu24/.config/matplotlib) is not a writable directory; it is highly recommended to set the MPLCONFIGDIR environment variable to a writable directory, in particular to speed up the import of Matplotlib and to better support multiprocessing.
[OK] saved: result/Archer2_Output/OpenMP/resultLowest_M5_1to8096_20260428_155445.png
[INFO] x-scale = lin
Plot generated: result/Archer2_Output/OpenMP/resultLowest_M5_1to8096_20260428_155445.png

===== [M5] Method=5 N=16384 Delay=512,262144 =====
Adjusted limits: MAX_ITER=16384 (default=6656, max threads*teams=6656, max N=16384), MAX_ARRAY_SIZE=65536 (default=65536)
========== Runtime Configuration ==========
Methods       : 5
Delay range   : [512, 262144]
Array size(s) : 16384
thread_count(s): 64
team_count(s) : 104
MAX_ITER      : 16384  (kernel workload)
MAX_ARRAY_SIZE: 65536  (mapping/memory space)
NUM_SAMPLES   : 20
OUTERREPS     : 1
WARMUP_ITERS  : 10
BENCHMARK_SETS: 2
BENCHMARK_RUNS: 5
MAXPARREPS    : 128
==========================================
There are  4 available devices
Host device is 4
Initializing benchmark runtime environment...

========== Benchmark Execution ==========
Method/N                                                    16384
                                           BIC intercept | lowest
teams (scalar)                        358.581±20.045     |    848.042±0.630     
==========================================
Finalizing benchmark.
Plotting M5_512to262144_20260428_155445 ...
Matplotlib created a temporary config/cache directory at /tmp/matplotlib-xmuve5o1 because the default path (/home/d35/d35/weiyu24/.config/matplotlib) is not a writable directory; it is highly recommended to set the MPLCONFIGDIR environment variable to a writable directory, in particular to speed up the import of Matplotlib and to better support multiprocessing.
[OK] saved: result/Archer2_Output/OpenMP/resultLowest_M5_512to262144_20260428_155445.png
[INFO] x-scale = lin
Plot generated: result/Archer2_Output/OpenMP/resultLowest_M5_512to262144_20260428_155445.png

===== [M6] Method=6 N=16384 Delay=1,8096 =====
Adjusted limits: MAX_ITER=16384 (default=6656, max threads*teams=6656, max N=16384), MAX_ARRAY_SIZE=65536 (default=65536)
========== Runtime Configuration ==========
Methods       : 6
Delay range   : [1, 8096]
Array size(s) : 16384
thread_count(s): 64
team_count(s) : 104
MAX_ITER      : 16384  (kernel workload)
MAX_ARRAY_SIZE: 65536  (mapping/memory space)
NUM_SAMPLES   : 20
OUTERREPS     : 1
WARMUP_ITERS  : 10
BENCHMARK_SETS: 2
BENCHMARK_RUNS: 5
MAXPARREPS    : 128
==========================================
There are  4 available devices
Host device is 4
Initializing benchmark runtime environment...

========== Benchmark Execution ==========
Method/N                                                    16384
                                           BIC intercept | lowest
teams distribute parallel for         300.599±0.822      |    298.978±0.171     
==========================================
Finalizing benchmark.
Plotting M6_1to8096_20260428_155445 ...
Matplotlib created a temporary config/cache directory at /tmp/matplotlib-2f7j31y0 because the default path (/home/d35/d35/weiyu24/.config/matplotlib) is not a writable directory; it is highly recommended to set the MPLCONFIGDIR environment variable to a writable directory, in particular to speed up the import of Matplotlib and to better support multiprocessing.
[OK] saved: result/Archer2_Output/OpenMP/resultLowest_M6_1to8096_20260428_155445.png
[INFO] x-scale = lin
Plot generated: result/Archer2_Output/OpenMP/resultLowest_M6_1to8096_20260428_155445.png

===== [M6] Method=6 N=16384 Delay=512,262144 =====
Adjusted limits: MAX_ITER=16384 (default=6656, max threads*teams=6656, max N=16384), MAX_ARRAY_SIZE=65536 (default=65536)
========== Runtime Configuration ==========
Methods       : 6
Delay range   : [512, 262144]
Array size(s) : 16384
thread_count(s): 64
team_count(s) : 104
MAX_ITER      : 16384  (kernel workload)
MAX_ARRAY_SIZE: 65536  (mapping/memory space)
NUM_SAMPLES   : 20
OUTERREPS     : 1
WARMUP_ITERS  : 10
BENCHMARK_SETS: 2
BENCHMARK_RUNS: 5
MAXPARREPS    : 128
==========================================
There are  4 available devices
Host device is 4
Initializing benchmark runtime environment...

========== Benchmark Execution ==========
Method/N                                                    16384
                                           BIC intercept | lowest
teams distribute parallel for         324.871±32.303     |   1497.294±0.556     
==========================================
Finalizing benchmark.
Plotting M6_512to262144_20260428_155445 ...
Matplotlib created a temporary config/cache directory at /tmp/matplotlib-2hucmzil because the default path (/home/d35/d35/weiyu24/.config/matplotlib) is not a writable directory; it is highly recommended to set the MPLCONFIGDIR environment variable to a writable directory, in particular to speed up the import of Matplotlib and to better support multiprocessing.
[OK] saved: result/Archer2_Output/OpenMP/resultLowest_M6_512to262144_20260428_155445.png
[INFO] x-scale = lin
Plot generated: result/Archer2_Output/OpenMP/resultLowest_M6_512to262144_20260428_155445.png

===== [M7] Method=7 N=16384 Delay=1,8096 =====
Adjusted limits: MAX_ITER=16384 (default=6656, max threads*teams=6656, max N=16384), MAX_ARRAY_SIZE=65536 (default=65536)
========== Runtime Configuration ==========
Methods       : 7
Delay range   : [1, 8096]
Array size(s) : 16384
thread_count(s): 64
team_count(s) : 104
MAX_ITER      : 16384  (kernel workload)
MAX_ARRAY_SIZE: 65536  (mapping/memory space)
NUM_SAMPLES   : 20
OUTERREPS     : 1
WARMUP_ITERS  : 10
BENCHMARK_SETS: 2
BENCHMARK_RUNS: 5
MAXPARREPS    : 128
==========================================
There are  4 available devices
Host device is 4
Initializing benchmark runtime environment...

========== Benchmark Execution ==========
Method/N                                                    16384
                                           BIC intercept | lowest
nowait                                240.901±8.446      |    231.216±0.190     
==========================================
Finalizing benchmark.
Plotting M7_1to8096_20260428_155445 ...
Matplotlib created a temporary config/cache directory at /tmp/matplotlib-gceakfbw because the default path (/home/d35/d35/weiyu24/.config/matplotlib) is not a writable directory; it is highly recommended to set the MPLCONFIGDIR environment variable to a writable directory, in particular to speed up the import of Matplotlib and to better support multiprocessing.
[OK] saved: result/Archer2_Output/OpenMP/resultLowest_M7_1to8096_20260428_155445.png
[INFO] x-scale = lin
Plot generated: result/Archer2_Output/OpenMP/resultLowest_M7_1to8096_20260428_155445.png

===== [M7] Method=7 N=16384 Delay=512,262144 =====
Adjusted limits: MAX_ITER=16384 (default=6656, max threads*teams=6656, max N=16384), MAX_ARRAY_SIZE=65536 (default=65536)
========== Runtime Configuration ==========
Methods       : 7
Delay range   : [512, 262144]
Array size(s) : 16384
thread_count(s): 64
team_count(s) : 104
MAX_ITER      : 16384  (kernel workload)
MAX_ARRAY_SIZE: 65536  (mapping/memory space)
NUM_SAMPLES   : 20
OUTERREPS     : 1
WARMUP_ITERS  : 10
BENCHMARK_SETS: 2
BENCHMARK_RUNS: 5
MAXPARREPS    : 128
==========================================
There are  4 available devices
Host device is 4
Initializing benchmark runtime environment...

========== Benchmark Execution ==========
Method/N                                                    16384
                                           BIC intercept | lowest
nowait                                345.452±461.703    |    683.540±3.881     
==========================================
Finalizing benchmark.
Plotting M7_512to262144_20260428_155445 ...
Matplotlib created a temporary config/cache directory at /tmp/matplotlib-9uikhnbs because the default path (/home/d35/d35/weiyu24/.config/matplotlib) is not a writable directory; it is highly recommended to set the MPLCONFIGDIR environment variable to a writable directory, in particular to speed up the import of Matplotlib and to better support multiprocessing.
[OK] saved: result/Archer2_Output/OpenMP/resultLowest_M7_512to262144_20260428_155445.png
[INFO] x-scale = lin
Plot generated: result/Archer2_Output/OpenMP/resultLowest_M7_512to262144_20260428_155445.png

===== [M8to9] Method=8,9 N=1,2,4,8,16,32,64 Delay=1,8096 =====
Adjusted limits: MAX_ITER=6656 (default=6656, max threads*teams=6656, max N=64), MAX_ARRAY_SIZE=65536 (default=65536)
========== Runtime Configuration ==========
Methods       : 8, 9
Delay range   : [1, 8096]
Array size(s) : 1, 2, 4, 8, 16, 32, 64
thread_count(s): 64
team_count(s) : 104
MAX_ITER      : 6656  (kernel workload)
MAX_ARRAY_SIZE: 65536  (mapping/memory space)
NUM_SAMPLES   : 20
OUTERREPS     : 1
WARMUP_ITERS  : 10
BENCHMARK_SETS: 2
BENCHMARK_RUNS: 5
MAXPARREPS    : 128
==========================================
There are  4 available devices
Host device is 4
Initializing benchmark runtime environment...

========== Benchmark Execution ==========
Method/N                                                        1                             2                             4                             8                            16                            32                            64
                                           BIC intercept | lowest        BIC intercept | lowest        BIC intercept | lowest        BIC intercept | lowest        BIC intercept | lowest        BIC intercept | lowest        BIC intercept | lowest
teams atomic                        12545.325±20.230     |  12540.345±27.027      4614.536±4.784      |   4639.705±3.976       2139.571±5.076      |   2182.559±0.765       1111.936±2.986      |   1235.160±0.499        618.117±3.304      |    758.389±0.311        398.710±3.080      |    517.011±0.272        312.320±2.885      |    393.554±0.286     
teams reduction                    