Running Archer2 benchmark sweep...
THREADS=64, TEAMS=104
N_DATA=1,4,16,64,256,1024,4096,16384,65536,262144,1048576,4194304,16777216
N_ATORED=1,2,4,8,16,32,64
N_FIXED=16384
DELAY_SHORT=1,8096

===== [M1to4] Method=1,2,3,4 N=1,4,16,64,256,1024,4096,16384,65536,262144,1048576,4194304,16777216 Delay=1,8096 =====
Adjusted limits: MAX_ITER=16777216 (default=6656, max threads*teams=6656, max N=16777216), MAX_ARRAY_SIZE=16777216 (default=65536)
========== Runtime Configuration ==========
Methods       : 1, 2, 3, 4
Delay range   : [1, 8096]
Array size(s) : 1, 4, 16, 64, 256, 1024, 4096, 16384, 65536, 262144, 1048576, 4194304, 16777216
thread_count(s): 64
team_count(s) : 104
MAX_ITER      : 16777216  (kernel workload)
MAX_ARRAY_SIZE: 16777216  (mapping/memory space)
NUM_SAMPLES   : 20
OUTERREPS     : 1
WARMUP_ITERS  : 10
BENCHMARK_SETS: 2
BENCHMARK_RUNS: 5
==========================================
There are  4 available devices
Host device is 4
Initializing benchmark runtime environment...

========== Benchmark Execution ==========
Method/N                                                        1                             4                            16                            64                           256                          1024                          4096                         16384                         65536                        262144                       1048576                       4194304                      16777216
                                           BIC intercept | lowest        BIC intercept | lowest        BIC intercept | lowest        BIC intercept | lowest        BIC intercept | lowest        BIC intercept | lowest        BIC intercept | lowest        BIC intercept | lowest        BIC intercept | lowest        BIC intercept | lowest        BIC intercept | lowest        BIC intercept | lowest        BIC intercept | lowest
map(tofrom: a)                        471.008±9.146      |    469.979±0.405        466.181±9.171      |    468.545±0.363        467.719±11.349     |    468.823±0.365        468.927±9.635      |    468.626±0.387        471.046±9.278      |    469.878±0.181        471.082±8.609      |    471.270±0.390     