Running Archer2 benchmark sweep...
THREADS=64, TEAMS=104
N_DATA=1,4,16,64,256,1024,4096,16384,65536,262144,1048576,4194304,16777216
N_ATORED=1,4,16,64
N_FIXED=16384
DELAY_SHORT=1,8096

===== [M0_M10] Method=0,10 N=16384 Delay=1,8096 =====
Adjusted limits: MAX_ITER=16384 (default=6656, max threads*teams=6656, max N=16384), MAX_ARRAY_SIZE=65536 (default=65536)
========== Runtime Configuration ==========
Methods       : 0, 10
Delay range   : [1, 8096]
Array size(s) : 16384
thread_count(s): 64
team_count(s) : 104
MAX_ITER      : 16384  (kernel workload)
MAX_ARRAY_SIZE: 65536  (mapping/memory space)
NUM_SAMPLES   : 20
OUTERREPS     : 1
WARMUP_ITERS  : 10
BENCHMARK_SETS: 2
BENCHMARK_RUNS: 5
==========================================
There are  4 available devices
Host device is 4
Initializing benchmark runtime environment...

========== Benchmark Execution ==========
Method/N                                                    16384
                                           BIC intercept | lowest
pure delay kernel                     204.754±8.716      |    198.187±0.539     
teams parallel                        397.786±0.750      |    401.381±0.752     
==========================================
Finalizing benchmark.
Plotting M0_M10_1to8096_20260521_192806 ...
Matplotlib created a temporary config/cache directory at /tmp/matplotlib-w_grf2k3 because the default path (/home/d35/d35/weiyu24/.config/matplotlib) is not a writable directory; it is highly recommended to set the MPLCONFIGDIR environment variable to a writable directory, in particular to speed up the import of Matplotlib and to better support multiprocessing.
Fontconfig error: No writable cache directories
Fontconfig error: No writable cache directories
Fontconfig error: No writable cache directories
Fontconfig error: No writable cache directories
Fontconfig error: No writable cache directories
Fontconfig error: No writable cache directories
Fontconfig error: No writable cache directories
[OK] saved: result/Archer2_Output/OpenMP/resultLowest_M0_M10_1to8096_20260521_192806.png
[INFO] x-scale = lin
Plot generated: result/Archer2_Output/OpenMP/resultLowest_M0_M10_1to8096_20260521_192806.png

===== [M1to4] Method=1,2,3,4 N=1,4,16,64,256,1024,4096,16384,65536,262144,1048576,4194304,16777216 Delay=1,8096 =====
Adjusted limits: MAX_ITER=16777216 (default=6656, max threads*teams=6656, max N=16777216), MAX_ARRAY_SIZE=16777216 (default=65536)
========== Runtime Configuration ==========
Methods       : 1, 2, 3, 4
Delay range   : [1, 8096]
Array size(s) : 1, 4, 16, 64, 256, 1024, 4096, 16384, 65536, 262144, 1048576, 4194304, 16777216
thread_count(s): 64
team_count(s) : 104
MAX_ITER      : 16777216  (kernel workload)
MAX_ARRAY_SIZE: 16777216  (mapping/memory space)
NUM_SAMPLES   : 20
OUTERREPS     : 1
WARMUP_ITERS  : 10
BENCHMARK_SETS: 2
BENCHMARK_RUNS: 5
==========================================
There are  4 available devices
Host device is 4
Initializing benchmark runtime environment...

========== Benchmark Execution ==========
Method/N                                                        1                             4                            16                            64                           256                          1024                          4096                         16384                         65536                        262144                       1048576                       4194304                      16777216
                                           BIC intercept | lowest        BIC intercept | lowest        BIC intercept | lowest        BIC intercept | lowest        BIC intercept | lowest        BIC intercept | lowest        BIC intercept | lowest        BIC intercept | lowest        BIC intercept | lowest        BIC intercept | lowest        BIC intercept | lowest        BIC intercept | lowest        BIC intercept | lowest
map(tofrom: a)                        211.402±10.796     |    210.428±0.155        210.075±11.978     |    210.520±0.209        209.727±11.433     |    210.586±0.290        210.240±12.204     |    210.466±0.187        210.563±9.637      |    210.979±0.370        216.757±9.878      |    215.820±0.339        231.770±7.684      |    232.738±1.242        306.836±8.530      |    299.031±1.378        361.227±8.358      |    359.294±0.385        647.575±8.863      |    643.015±2.851       1201.023±8.886      |   1198.916±2.459       3067.747±9.094      |   3168.502±0.856      10550.680±9.854      |  10519.210±4.660     
map(to: a)                            201.753±10.423     |    200.708±0.324        199.854±12.380     |    200.680±0.291        199.565±11.595     |    200.592±0.288        201.684±12.426     |    201.405±0.527        203.116±9.560      |    201.808±1.011        205.359±10.195     |    201.937±0.146        203.683±7.758      |    202.645±0.254        212.010±8.781      |    209.255±0.552        237.229±8.305      |    237.244±0.180        532.055±8.799      |    527.567±0.879        765.895±9.711      |    762.244±4.361       1701.821±8.593      |   1696.835±0.558       5460.501±10.682     |   5476.156±8.576     
map(from: a)                          211.412±10.694     |    210.855±0.815        209.110±11.490     |    210.102±1.108        208.847±11.490     |    210.627±0.654        209.037±12.283     |    210.235±0.786        209.504±9.856      |    210.994±0.803        213.734±9.791      |    213.505±0.785        221.360±7.467      |    223.012±0.352        267.655±8.783      |    259.881±4.473        263.037±7.760      |    261.159±1.029        528.669±9.588      |    523.449±1.648        750.091±9.999      |    748.825±1.080       1827.236±27.115     |   1898.775±20.172      7792.978±448.395    |   5522.199±84.881    
map(alloc: a)                         200.532±10.513     |    199.270±0.083        199.072±12.165     |    199.848±0.646        198.962±11.572     |    199.361±0.262        200.113±12.051     |    199.385±0.313        202.631±9.717      |    200.208±0.212        204.039±10.299     |    200.267±0.187        202.546±7.357      |    201.932±0.295        206.803±8.868      |    201.842±0.126        201.448±8.394      |    200.775±0.115        462.802±9.270      |    458.791±0.505        494.387±9.806      |    493.028±0.617        475.449±9.738      |    449.716±8.302       3019.933±490.532    |    544.425±89.292    
==========================================
Finalizing benchmark.
Plotting M1to4_1to8096_20260521_192806 ...
Matplotlib created a temporary config/cache directory at /tmp/matplotlib-iw1avde7 because the default path (/home/d35/d35/weiyu24/.config/matplotlib) is not a writable directory; it is highly recommended to set the MPLCONFIGDIR environment variable to a writable directory, in particular to speed up the import of Matplotlib and to better support multiprocessing.
Fontconfig error: No writable cache directories
Fontconfig error: No writable cache directories
Fontconfig error: No writable cache directories
Fontconfig error: No writable cache directories
Fontconfig error: No writable cache directories
Fontconfig error: No writable cache directories
Fontconfig error: No writable cache directories
[OK] saved: result/Archer2_Output/OpenMP/resultLowest_M1to4_1to8096_20260521_192806.png
[INFO] x-scale = lin
Plot generated: result/Archer2_Output/OpenMP/resultLowest_M1to4_1to8096_20260521_192806.png

===== [M5] Method=5 N=16384 Delay=1,8096 =====
Adjusted limits: MAX_ITER=16384 (default=6656, max threads*teams=6656, max N=16384), MAX_ARRAY_SIZE=65536 (default=65536)
========== Runtime Configuration ==========
Methods       : 5
Delay range   : [1, 8096]
Array size(s) : 16384
thread_count(s): 64
team_count(s) : 104
MAX_ITER      : 16384  (kernel workload)
MAX_ARRAY_SIZE: 65536  (mapping/memory space)
NUM_SAMPLES   : 20
OUTERREPS     : 1
WARMUP_ITERS  : 10
BENCHMARK_SETS: 2
BENCHMARK_RUNS: 5
==========================================
There are  4 available devices
Host device is 4
Initializing benchmark runtime environment...

========== Benchmark Execution ==========
Method/N                                                    16384
                                           BIC intercept | lowest
teams (scalar)                        272.557±2.533      |    276.119±2.101     
==========================================
Finalizing benchmark.
Plotting M5_1to8096_20260521_192806 ...
Matplotlib created a temporary config/cache directory at /tmp/matplotlib-vcdo0get because the default path (/home/d35/d35/weiyu24/.config/matplotlib) is not a writable directory; it is highly recommended to set the MPLCONFIGDIR environment variable to a writable directory, in particular to speed up the import of Matplotlib and to better support multiprocessing.
Fontconfig error: No writable cache directories
Fontconfig error: No writable cache directories
Fontconfig error: No writable cache directories
Fontconfig error: No writable cache directories
Fontconfig error: No writable cache directories
Fontconfig error: No writable cache directories
Fontconfig error: No writable cache directories
[OK] saved: result/Archer2_Output/OpenMP/resultLowest_M5_1to8096_20260521_192806.png
[INFO] x-scale = lin
Plot generated: result/Archer2_Output/OpenMP/resultLowest_M5_1to8096_20260521_192806.png

===== [M6] Method=6 N=16384 Delay=1,8096 =====
Adjusted limits: MAX_ITER=16384 (default=6656, max threads*teams=6656, max N=16384), MAX_ARRAY_SIZE=65536 (default=65536)
========== Runtime Configuration ==========
Methods       : 6
Delay range   : [1, 8096]
Array size(s) : 16384
thread_count(s): 64
team_count(s) : 104
MAX_ITER      : 16384  (kernel workload)
MAX_ARRAY_SIZE: 65536  (mapping/memory space)
NUM_SAMPLES   : 20
OUTERREPS     : 1
WARMUP_ITERS  : 10
BENCHMARK_SETS: 2
BENCHMARK_RUNS: 5
==========================================
There are  4 available devices
Host device is 4
Initializing benchmark runtime environment...

========== Benchmark Execution ==========
Method/N                                                    16384
                                           BIC intercept | lowest
teams distribute parallel for         281.051±0.340      |    276.251±0.319     
==========================================
Finalizing benchmark.
Plotting M6_1to8096_20260521_192806 ...
Matplotlib created a temporary config/cache directory at /tmp/matplotlib-2xsgwpwf because the default path (/home/d35/d35/weiyu24/.config/matplotlib) is not a writable directory; it is highly recommended to set the MPLCONFIGDIR environment variable to a writable directory, in particular to speed up the import of Matplotlib and to better support multiprocessing.
Fontconfig error: No writable cache directories
Fontconfig error: No writable cache directories
Fontconfig error: No writable cache directories
Fontconfig error: No writable cache directories
Fontconfig error: No writable cache directories
Fontconfig error: No writable cache directories
Fontconfig error: No writable cache directories
[OK] saved: result/Archer2_Output/OpenMP/resultLowest_M6_1to8096_20260521_192806.png
[INFO] x-scale = lin
Plot generated: result/Archer2_Output/OpenMP/resultLowest_M6_1to8096_20260521_192806.png

===== [M7] Method=7 N=16384 Delay=1,8096 =====
Adjusted limits: MAX_ITER=16384 (default=6656, max threads*teams=6656, max N=16384), MAX_ARRAY_SIZE=65536 (default=65536)
========== Runtime Configuration ==========
Methods       : 7
Delay range   : [1, 8096]
Array size(s) : 16384
thread_count(s): 64
team_count(s) : 104
MAX_ITER      : 16384  (kernel workload)
MAX_ARRAY_SIZE: 65536  (mapping/memory space)
NUM_SAMPLES   : 20
OUTERREPS     : 1
WARMUP_ITERS  : 10
BENCHMARK_SETS: 2
BENCHMARK_RUNS: 5
==========================================
There are  4 available devices
Host device is 4
Initializing benchmark runtime environment...

========== Benchmark Execution ==========
Method/N                                                    16384
                                           BIC intercept | lowest
nowait                                201.043±7.098      |    198.284±0.160     
==========================================
Finalizing benchmark.
Plotting M7_1to8096_20260521_192806 ...
Matplotlib created a temporary config/cache directory at /tmp/matplotlib-p1huedcq because the default path (/home/d35/d35/weiyu24/.config/matplotlib) is not a writable directory; it is highly recommended to set the MPLCONFIGDIR environment variable to a writable directory, in particular to speed up the import of Matplotlib and to better support multiprocessing.
Fontconfig error: No writable cache directories
Fontconfig error: No writable cache directories
Fontconfig error: No writable cache directories
Fontconfig error: No writable cache directories
Fontconfig error: No writable cache directories
Fontconfig error: No writable cache directories
Fontconfig error: No writable cache directories
[OK] saved: result/Archer2_Output/OpenMP/resultLowest_M7_1to8096_20260521_192806.png
[INFO] x-scale = lin
Plot generated: result/Archer2_Output/OpenMP/resultLowest_M7_1to8096_20260521_192806.png

===== [M8to9] Method=8,9 N=1,4,16,64 Delay=1,8096 =====
Adjusted limits: MAX_ITER=6656 (default=6656, max threads*teams=6656, max N=64), MAX_ARRAY_SIZE=65536 (default=65536)
========== Runtime Configuration ==========
Methods       : 8, 9
Delay range   : [1, 8096]
Array size(s) : 1, 4, 16, 64
thread_count(s): 64
team_count(s) : 104
MAX_ITER      : 6656  (kernel workload)
MAX_ARRAY_SIZE: 65536  (mapping/memory space)
NUM_SAMPLES   : 20
OUTERREPS     : 1
WARMUP_ITERS  : 10
BENCHMARK_SETS: 2
BENCHMARK_RUNS: 5
==========================================
There are  4 available devices
Host device is 4
Initializing benchmark runtime environment...

========== Benchmark Execution ==========
Method/N                                                        1                             4                            16                            64
                                           BIC intercept | lowest        BIC intercept | lowest        BIC intercept | lowest        BIC intercept | lowest
teams atomic                         9530.327±17.925     |   9617.633±21.205      1192.686±11.161     |   1382.967±1.158        381.912±11.795     |    533.364±0.179        253.509±12.457     |    307.665±0.085     
teams reduction                    