Running EIDF A100 OpenMP benchmark groups...
========== EIDF A100 configuration ==========
THREADS=32
TEAMS=108
Fri May 29 06:12:13 2026       
+-----------------------------------------------------------------------------------------+
| NVIDIA-SMI 570.124.06             Driver Version: 570.124.06     CUDA Version: 12.9     |
|-----------------------------------------+------------------------+----------------------+
| GPU  Name                 Persistence-M | Bus-Id          Disp.A | Volatile Uncorr. ECC |
| Fan  Temp   Perf          Pwr:Usage/Cap |           Memory-Usage | GPU-Util  Compute M. |
|                                         |                        |               MIG M. |
|=========================================+========================+======================|
|   0  NVIDIA A100-SXM4-40GB          Off |   00000000:09:00.0 Off |                    0 |
| N/A   27C    P0             54W /  400W |       1MiB /  40960MiB |      0%      Default |
|                                         |                        |             Disabled |
+-----------------------------------------+------------------------+----------------------+
                                                                                         
+-----------------------------------------------------------------------------------------+
| Processes:                                                                              |
|  GPU   GI   CI              PID   Type   Process name                        GPU Memory |
|        ID   ID                                                               Usage      |
|=========================================================================================|
|  No running processes found                                                             |
+-----------------------------------------------------------------------------------------+
=============================================
Compiling...

===== [M8] Method=8 N=1,2,4,8,16,32,64 Delay=1,8096 =====
Adjusted limits: MAX_ITER=6656 (default=6656, max threads*teams=3456, max N=64), MAX_ARRAY_SIZE=65536 (default=65536)
========== Runtime Configuration ==========
Methods       : 8
Delay range   : [1, 8096]
Array size(s) : 1, 2, 4, 8, 16, 32, 64
thread_count(s): 32
team_count(s) : 108
MAX_ITER      : 6656  (kernel workload)
MAX_ARRAY_SIZE: 65536  (mapping/memory space)
NUM_SAMPLES   : 20
OUTERREPS     : 1
WARMUP_ITERS  : 10
BENCHMARK_SETS: 2
BENCHMARK_RUNS: 5
==========================================
There are  1 available devices
Host device is 1
Initializing benchmark runtime environment...

========== Benchmark Execution ==========
Method/N                                                        1                             2                             4                             8                            16                            32                            64
                                           BIC intercept | lowest        BIC intercept | lowest        BIC intercept | lowest        BIC intercept | lowest        BIC intercept | lowest        BIC intercept | lowest        BIC intercept | lowest
teams atomic                         8446.849±76.214     |   7648.068±281.675     8451.784±122.944    |   7519.661±170.612     8348.763±345.921    |   7153.534±1425.685    8450.350±142.602    |   7576.217±248.761     8414.025±163.706    |   7437.752±315.160     8407.967±111.278    |   7603.191±416.636     8441.901±167.617    |   7383.699±341.787   
==========================================
Finalizing benchmark.

===== [M9] Method=9 N=1,2,4,8,16,32,64 Delay=1,8096 =====
Adjusted limits: MAX_ITER=6656 (default=6656, max threads*teams=3456, max N=64), MAX_ARRAY_SIZE=65536 (default=65536)
========== Runtime Configuration ==========
Methods       : 9
Delay range   : [1, 8096]
Array size(s) : 1, 2, 4, 8, 16, 32, 64
thread_count(s): 32
team_count(s) : 108
MAX_ITER      : 6656  (kernel workload)
MAX_ARRAY_SIZE: 65536  (mapping/memory space)
NUM_SAMPLES   : 20
OUTERREPS     : 1
WARMUP_ITERS  : 10
BENCHMARK_SETS: 2
BENCHMARK_RUNS: 5
==========================================
There are  1 available devices
Host device is 1
Initializing benchmark runtime environment...

========== Benchmark Execution ==========
Method/N                                                        1                             2                             4                             8                            16                            32                            64
                                           BIC intercept | lowest        BIC intercept | lowest        BIC intercept | lowest        BIC intercept | lowest        BIC intercept | lowest        BIC intercept | lowest        BIC intercept | lowest
teams reduction                     10168.682±59.191     |   9696.421±106.439    10117.418±76.246     |   9686.887±124.769    10106.232±65.669     |   9760.260±107.711    10133.224±53.141     |   9740.145±150.773    10139.143±44.105     |   9802.003±110.592    10163.741±38.683     |   9677.151±171.138    10132.772±37.797     |   9712.529±113.722   
==========================================
Finalizing benchmark.

All EIDF A100 benchmark groups completed.
Results saved under result/EIDF_A100_Output/OpenMP
