rm -f microbenchmark microbenchmark_distribution *.o *.out overhead_distribution.txt
/opt/rocm/bin/amdclang -O0 -fopenmp -fopenmp-targets=amdgcn-amd-amdhsa -Xopenmp-target=amdgcn-amd-amdhsa -march=gfx942 -lm -DPRINT_DISTRIBUTION -o microbenchmark_distribution src/microbenchmark.c src/common.c  
Running COSMA5 MI300X OpenMP benchmark groups...

===== [M0_M10] Method=0,10 N=16384 Delay=1,8096 =====
THREADS=64 TEAMS=304
Adjusted limits: MAX_ITER=19456 (default=6656, max threads*teams=19456, max N=16384), MAX_ARRAY_SIZE=65536 (default=65536)
========== Runtime Configuration ==========
Methods       : 0, 10
Delay range   : [1, 8096]
Array size(s) : 16384
thread_count(s): 64
team_count(s) : 304
MAX_ITER      : 19456  (kernel workload)
MAX_ARRAY_SIZE: 65536  (mapping/memory space)
NUM_SAMPLES   : 20
OUTERREPS     : 1
WARMUP_ITERS  : 10
BENCHMARK_SETS: 2
BENCHMARK_RUNS: 5
==========================================
There are  1 available devices
Host device is 1
Initializing benchmark runtime environment...

========== Benchmark Execution ==========
Method/N                                                    16384
                                           BIC intercept | lowest
pure delay kernel                      -0.013±0.014      |      0.000±0.000     
teams parallel                        386.704±6.270      |    387.028±2.373     
==========================================
Finalizing benchmark.
Plotting M0_M10_1to8096_20260513_095443 ...
/var/slurm/slurmd/job11056378/slurm_script: line 87: /cosma/home/do018/dc-tu2/microbenchmark/.venv/bin/python: No such file or directory

===== [M1to4] Method=1,2,3,4 N=1,4,16,64,256,1024,4096,16384,65536,262144,1048576,4194304,16777216 Delay=1,8096 =====
THREADS=64 TEAMS=304
Adjusted limits: MAX_ITER=16777216 (default=6656, max threads*teams=19456, max N=16777216), MAX_ARRAY_SIZE=16777216 (default=65536)
========== Runtime Configuration ==========
Methods       : 1, 2, 3, 4
Delay range   : [1, 8096]
Array size(s) : 1, 4, 16, 64, 256, 1024, 4096, 16384, 65536, 262144, 1048576, 4194304, 16777216
thread_count(s): 64
team_count(s) : 304
MAX_ITER      : 16777216  (kernel workload)
MAX_ARRAY_SIZE: 16777216  (mapping/memory space)
NUM_SAMPLES   : 20
OUTERREPS     : 1
WARMUP_ITERS  : 10
BENCHMARK_SETS: 2
BENCHMARK_RUNS: 5
==========================================
There are  1 available devices
Host device is 1
Initializing benchmark runtime environment...

========== Benchmark Execution ==========
Method/N                                                        1                             4                            16                            64                           256                          1024                          4096                         16384                         65536                        262144                       1048576                       4194304                      16777216
                                           BIC intercept | lowest        BIC intercept | lowest        BIC intercept | lowest        BIC intercept | lowest        BIC intercept | lowest        BIC intercept | lowest        BIC intercept | lowest        BIC intercept | lowest        BIC intercept | lowest        BIC intercept | lowest        BIC intercept | lowest        BIC intercept | lowest        BIC intercept | lowest
map(tofrom: a)                        220.149±10.014     |    215.676±0.128        217.478±2.881      |    215.654±0.125        217.208±2.905      |    215.858±0.200        237.683±64.405     |    216.154±0.298        218.957±2.913      |    218.883±0.262        220.720±2.058      |    220.805±0.373        228.926±7.885      |    231.586±0.528        224.975±3.151      |    225.296±0.116        240.301±4.075      |    240.887±0.132        294.132±5.727      |    297.029±2.025        516.494±4.708      |    515.386±0.117       1492.136±5.396      |   1489.185±0.395       5400.470±5.478      |   5389.259±0.869     
map(to: a)                            212.736±2.580      |    208.601±0.145        212.807±2.161      |    208.479±0.065        212.536±2.035      |    208.546±0.217        213.091±1.787      |    208.706±0.166        212.319±2.612      |    208.783±0.125        213.094±2.254      |    209.172±0.156        215.182±2.548      |    210.630±0.181        217.275±1.843      |    216.449±0.146        224.102±2.718      |    223.870±0.153        252.672±2.921      |    252.266±0.131        338.578±6.923      |    334.572±0.197        790.355±3.020      |    789.000±0.347       2617.194±6.628      |   2609.019±0.927     
map(from: a)                          213.121±2.250      |    210.972±0.141        213.064±2.261      |    210.849±0.145        214.002±2.434      |    210.944±0.152        214.788±5.776      |    211.159±0.114        215.234±4.725      |    213.255±0.283        214.279±2.054      |    213.639±0.208        216.142±2.092      |    215.375±0.100        216.600±7.068      |    214.020±0.085        222.239±2.180      |    221.649±0.164        251.609±2.360      |    251.791±0.099        342.304±3.162      |    341.763±0.122        823.754±2.782      |    823.330±0.144       2763.046±4.362      |   2756.290±0.405     
map(alloc: a)                         207.015±2.599      |    202.765±0.071        206.805±2.034      |    202.790±0.206        206.365±2.494      |    202.836±0.126        206.572±2.044      |    202.869±0.125        207.026±2.041      |    202.788±0.117        207.113±3.215      |    202.445±0.123        206.607±1.093      |    202.655±0.105        206.541±1.393      |    202.667±0.102        206.492±1.691      |    202.625±0.090        206.720±1.664      |    202.574±0.123        207.338±1.584      |    202.674±0.078        206.725±1.706      |    202.597±0.166        206.593±1.372      |    202.546±0.108     
==========================================
Finalizing benchmark.
Plotting M1to4_1to8096_20260513_095443 ...
/var/slurm/slurmd/job11056378/slurm_script: line 87: /cosma/home/do018/dc-tu2/microbenchmark/.venv/bin/python: No such file or directory

===== [M5] Method=5 N=16384 Delay=1,8096 =====
THREADS=64 TEAMS=304
Adjusted limits: MAX_ITER=19456 (default=6656, max threads*teams=19456, max N=16384), MAX_ARRAY_SIZE=65536 (default=65536)
========== Runtime Configuration ==========
Methods       : 5
Delay range   : [1, 8096]
Array size(s) : 16384
thread_count(s): 64
team_count(s) : 304
MAX_ITER      : 19456  (kernel workload)
MAX_ARRAY_SIZE: 65536  (mapping/memory space)
NUM_SAMPLES   : 20
OUTERREPS     : 1
WARMUP_ITERS  : 10
BENCHMARK_SETS: 2
BENCHMARK_RUNS: 5
==========================================
There are  1 available devices
Host device is 1
Initializing benchmark runtime environment...

========== Benchmark Execution ==========
Method/N                                                    16384
                                           BIC intercept | lowest
teams (scalar)                        269.059±3.868      |    271.014±1.402     
==========================================
Finalizing benchmark.
Plotting M5_1to8096_20260513_095443 ...
/var/slurm/slurmd/job11056378/slurm_script: line 87: /cosma/home/do018/dc-tu2/microbenchmark/.venv/bin/python: No such file or directory

===== [M6] Method=6 N=16384 Delay=1,8096 =====
THREADS=64 TEAMS=304
Adjusted limits: MAX_ITER=19456 (default=6656, max threads*teams=19456, max N=16384), MAX_ARRAY_SIZE=65536 (default=65536)
========== Runtime Configuration ==========
Methods       : 6
Delay range   : [1, 8096]
Array size(s) : 16384
thread_count(s): 64
team_count(s) : 304
MAX_ITER      : 19456  (kernel workload)
MAX_ARRAY_SIZE: 65536  (mapping/memory space)
NUM_SAMPLES   : 20
OUTERREPS     : 1
WARMUP_ITERS  : 10
BENCHMARK_SETS: 2
BENCHMARK_RUNS: 5
==========================================
There are  1 available devices
Host device is 1
Initializing benchmark runtime environment...

========== Benchmark Execution ==========
Method/N                                                    16384
                                           BIC intercept | lowest
teams distribute parallel for         304.878±13.483     |    299.089±2.542     
==========================================
Finalizing benchmark.
Plotting M6_1to8096_20260513_095443 ...
/var/slurm/slurmd/job11056378/slurm_script: line 87: /cosma/home/do018/dc-tu2/microbenchmark/.venv/bin/python: No such file or directory

===== [M7] Method=7 N=16384 Delay=1,8096 =====
THREADS=64 TEAMS=304
Adjusted limits: MAX_ITER=19456 (default=6656, max threads*teams=19456, max N=16384), MAX_ARRAY_SIZE=65536 (default=65536)
========== Runtime Configuration ==========
Methods       : 7
Delay range   : [1, 8096]
Array size(s) : 16384
thread_count(s): 64
team_count(s) : 304
MAX_ITER      : 19456  (kernel workload)
MAX_ARRAY_SIZE: 65536  (mapping/memory space)
NUM_SAMPLES   : 20
OUTERREPS     : 1
WARMUP_ITERS  : 10
BENCHMARK_SETS: 2
BENCHMARK_RUNS: 5
==========================================
There are  1 available devices
Host device is 1
Initializing benchmark runtime environment...

========== Benchmark Execution ==========
Method/N                                                    16384
                                           BIC intercept | lowest
nowait                                205.646±8.732      |    201.428±0.148     
==========================================
Finalizing benchmark.
Plotting M7_1to8096_20260513_095443 ...
/var/slurm/slurmd/job11056378/slurm_script: line 87: /cosma/home/do018/dc-tu2/microbenchmark/.venv/bin/python: No such file or directory

===== [M8to9] Method=8,9 N=1,2,4,8,16,32,64 Delay=1,8096 =====
THREADS=64 TEAMS=304
Adjusted limits: MAX_ITER=19456 (default=6656, max threads*teams=19456, max N=64), MAX_ARRAY_SIZE=65536 (default=65536)
========== Runtime Configuration ==========
Methods       : 8, 9
Delay range   : [1, 8096]
Array size(s) : 1, 2, 4, 8, 16, 32, 64
thread_count(s): 64
team_count(s) : 304
MAX_ITER      : 19456  (kernel workload)
MAX_ARRAY_SIZE: 65536  (mapping/memory space)
NUM_SAMPLES   : 20
OUTERREPS     : 1
WARMUP_ITERS  : 10
BENCHMARK_SETS: 2
BENCHMARK_RUNS: 5
==========================================
There are  1 available devices
Host device is 1
Initializing benchmark runtime environment...

========== Benchmark Execution ==========
Method/N                                                        1                             2                             4                             8                            16                            32                            64
                                           BIC intercept | lowest        BIC intercept | lowest        BIC intercept | lowest        BIC intercept | lowest        BIC intercept | lowest        BIC intercept | lowest        BIC intercept | lowest
teams atomic                          351.782±8.224      |    455.538±0.641        291.306±1.886      |    358.534±0.498        275.401±9.790      |    310.394±0.796        271.528±2.952      |    301.442±0.703        269.770±2.657      |    284.772±0.863        270.434±2.770      |    279.859±1.338        270.058±3.619      |    275.156±1.551     
srun: Job step aborted: Waiting up to 242 seconds for job step to finish.
[2026-05-13T13:55:03.034] error: *** JOB 11056378 ON ga007 CANCELLED AT 2026-05-13T13:55:03 DUE TO TIME LIMIT ***
[2026-05-13T13:55:03.035] error: *** STEP 11056378.5 ON ga007 CANCELLED AT 2026-05-13T13:55:03 DUE TO TIME LIMIT ***
