====
Starting job 10932621 at Wed 29 Apr 14:17:50 BST 2026 for user dc-tu2.
Running on nodes: ga007
====
rm -f microbenchmark microbenchmark_distribution *.o *.out overhead_distribution.txt
/opt/rocm/bin/amdclang -O0 -fopenmp -fopenmp-targets=amdgcn-amd-amdhsa -Xopenmp-target=amdgcn-amd-amdhsa -march=gfx90a -DPRINT_DISTRIBUTION -o microbenchmark_distribution src/microbenchmark.c src/common.c -fopenmp -lm
Running COSMA5 MI300X OpenMP benchmark groups...

===== [M1to4] Method=1,2,3,4 N=1,4,16,64,256,1024,4096,8192,16382,32768,65536 Delay=1,8096 =====
THREADS=64 TEAMS=304
omptarget error: Consult https://openmp.llvm.org/design/Runtimes.html for debugging options.
omptarget error: Source location information not present. Compile with -g or -gline-tables-only.
omptarget fatal error 1: failure of target construct while offloading is mandatory
srun: error: ga007: task 0: Aborted (core dumped)
Plot skipped for M1to4_1to8096_20260429_141751 because csv/txt missing.

===== [M5] Method=5 N=16382 Delay=1,8096 =====
THREADS=64 TEAMS=304
omptarget error: Consult https://openmp.llvm.org/design/Runtimes.html for debugging options.
omptarget error: Source location information not present. Compile with -g or -gline-tables-only.
omptarget fatal error 1: failure of target construct while offloading is mandatory
srun: error: ga007: task 0: Aborted (core dumped)
Plot skipped for M5_1to8096_20260429_141751 because csv/txt missing.

===== [M5] Method=5 N=16382 Delay=512,262144 =====
THREADS=64 TEAMS=304
omptarget error: Consult https://openmp.llvm.org/design/Runtimes.html for debugging options.
omptarget error: Source location information not present. Compile with -g or -gline-tables-only.
omptarget fatal error 1: failure of target construct while offloading is mandatory
srun: error: ga007: task 0: Aborted (core dumped)
Plot skipped for M5_512to262144_20260429_141751 because csv/txt missing.

===== [M6] Method=6 N=16382 Delay=1,8096 =====
THREADS=64 TEAMS=304
omptarget error: Consult https://openmp.llvm.org/design/Runtimes.html for debugging options.
omptarget error: Source location information not present. Compile with -g or -gline-tables-only.
omptarget fatal error 1: failure of target construct while offloading is mandatory
srun: error: ga007: task 0: Aborted (core dumped)
Plot skipped for M6_1to8096_20260429_141751 because csv/txt missing.

===== [M6] Method=6 N=16382 Delay=512,262144 =====
THREADS=64 TEAMS=304
omptarget error: Consult https://openmp.llvm.org/design/Runtimes.html for debugging options.
omptarget error: Source location information not present. Compile with -g or -gline-tables-only.
omptarget fatal error 1: failure of target construct while offloading is mandatory
srun: error: ga007: task 0: Aborted (core dumped)
Plot skipped for M6_512to262144_20260429_141751 because csv/txt missing.

===== [M7] Method=7 N=16382 Delay=1,8096 =====
THREADS=64 TEAMS=304
omptarget error: Consult https://openmp.llvm.org/design/Runtimes.html for debugging options.
omptarget error: Source location information not present. Compile with -g or -gline-tables-only.
omptarget fatal error 1: failure of target construct while offloading is mandatory
srun: error: ga007: task 0: Aborted (core dumped)
Plot skipped for M7_1to8096_20260429_141751 because csv/txt missing.

===== [M7] Method=7 N=16382 Delay=512,262144 =====
THREADS=64 TEAMS=304
omptarget error: Consult https://openmp.llvm.org/design/Runtimes.html for debugging options.
omptarget error: Source location information not present. Compile with -g or -gline-tables-only.
omptarget fatal error 1: failure of target construct while offloading is mandatory
srun: error: ga007: task 0: Aborted (core dumped)
Plot skipped for M7_512to262144_20260429_141751 because csv/txt missing.

===== [M8to9] Method=8,9 N=16,64,256,1024,4096,8192,16382 Delay=1,8096 =====
THREADS=64 TEAMS=304
omptarget error: Consult https://openmp.llvm.org/design/Runtimes.html for debugging options.
omptarget error: Source location information not present. Compile with -g or -gline-tables-only.
omptarget fatal error 1: failure of target construct while offloading is mandatory
srun: error: ga007: task 0: Aborted (core dumped)
Plot skipped for M8to9_1to8096_20260429_141751 because csv/txt missing.

===== [M8to9] Method=8,9 N=16,64,256,1024,4096,8192,16382 Delay=512,262144 =====
THREADS=64 TEAMS=304
omptarget error: Consult https://openmp.llvm.org/design/Runtimes.html for debugging options.
omptarget error: Source location information not present. Compile with -g or -gline-tables-only.
omptarget fatal error 1: failure of target construct while offloading is mandatory
srun: error: ga007: task 0: Aborted (core dumped)
Plot skipped for M8to9_512to262144_20260429_141751 because csv/txt missing.

===== [M10to11] Method=10,11 N=16382 Delay=1,8096 =====
THREADS=64 TEAMS=304
omptarget error: Consult https://openmp.llvm.org/design/Runtimes.html for debugging options.
omptarget error: Source location information not present. Compile with -g or -gline-tables-only.
omptarget fatal error 1: failure of target construct while offloading is mandatory
srun: error: ga007: task 0: Aborted (core dumped)
Plot skipped for M10to11_1to8096_20260429_141751 because csv/txt missing.

===== [M10to11] Method=10,11 N=16382 Delay=512,262144 =====
THREADS=64 TEAMS=304
omptarget error: Consult https://openmp.llvm.org/design/Runtimes.html for debugging options.
omptarget error: Source location information not present. Compile with -g or -gline-tables-only.
omptarget fatal error 1: failure of target construct while offloading is mandatory
srun: error: ga007: task 0: Aborted (core dumped)
Plot skipped for M10to11_512to262144_20260429_141751 because csv/txt missing.

All COSMA5 MI300X benchmark groups completed.
Results saved under result/COSMA5_Output/OpenMP
