rm -f microbenchmark microbenchmark_distribution *.o *.out overhead_distribution.txt
/opt/rocm/bin/amdclang -O0 -fopenmp -fopenmp-targets=amdgcn-amd-amdhsa -Xopenmp-target=amdgcn-amd-amdhsa -march=gfx942 -lm -DPRINT_DISTRIBUTION -o microbenchmark_distribution src/microbenchmark.c src/common.c  
Running COSMA5 MI300X OpenMP benchmark groups...

===== [M0_M10] Method=0,10 N=16384 Delay=1,8096 =====
THREADS=64 TEAMS=304
Adjusted limits: MAX_ITER=19456 (default=6656, max threads*teams=19456, max N=16384), MAX_ARRAY_SIZE=65536 (default=65536)
========== Runtime Configuration ==========
Methods       : 0, 10
Delay range   : [1, 8096]
Array size(s) : 16384
thread_count(s): 64
team_count(s) : 304
MAX_ITER      : 19456  (kernel workload)
MAX_ARRAY_SIZE: 65536  (mapping/memory space)
NUM_SAMPLES   : 20
OUTERREPS     : 1
WARMUP_ITERS  : 10
BENCHMARK_SETS: 2
BENCHMARK_RUNS: 5
==========================================
There are  1 available devices
Host device is 1
Initializing benchmark runtime environment...

========== Benchmark Execution ==========
Method/N                                                    16384
                                           BIC intercept | lowest
pure delay kernel                     207.995±7.962      |    201.461±0.116     
teams parallel                        377.432±1.446      |    380.172±1.860     
==========================================
Finalizing benchmark.
Plotting M0_M10_1to8096_20260521_164044 ...
/var/slurm/slurmd/job11160105/slurm_script: line 87: /cosma/home/do018/dc-tu2/microbenchmark/.venv/bin/python: No such file or directory

===== [M1to4] Method=1,2,3,4 N=1,4,16,64,256,1024,4096,16384,65536,262144,1048576,4194304,16777216 Delay=1,8096 =====
THREADS=64 TEAMS=304
Adjusted limits: MAX_ITER=16777216 (default=6656, max threads*teams=19456, max N=16777216), MAX_ARRAY_SIZE=16777216 (default=65536)
========== Runtime Configuration ==========
Methods       : 1, 2, 3, 4
Delay range   : [1, 8096]
Array size(s) : 1, 4, 16, 64, 256, 1024, 4096, 16384, 65536, 262144, 1048576, 4194304, 16777216
thread_count(s): 64
team_count(s) : 304
MAX_ITER      : 16777216  (kernel workload)
MAX_ARRAY_SIZE: 16777216  (mapping/memory space)
NUM_SAMPLES   : 20
OUTERREPS     : 1
WARMUP_ITERS  : 10
BENCHMARK_SETS: 2
BENCHMARK_RUNS: 5
==========================================
There are  1 available devices
Host device is 1
Initializing benchmark runtime environment...

========== Benchmark Execution ==========
Method/N                                                        1                             4                            16                            64                           256                          1024                          4096                         16384                         65536                        262144                       1048576                       4194304                      16777216
                                           BIC intercept | lowest        BIC intercept | lowest        BIC intercept | lowest        BIC intercept | lowest        BIC intercept | lowest        BIC intercept | lowest        BIC intercept | lowest        BIC intercept | lowest        BIC intercept | lowest        BIC intercept | lowest        BIC intercept | lowest        BIC intercept | lowest        BIC intercept | lowest
map(tofrom: a)                        220.370±10.543     |    215.985±0.135        215.544±5.061      |    216.432±0.221        216.390±5.814      |    216.559±0.204        237.746±67.359     |    216.260±0.214        220.454±5.043      |    219.399±0.190        220.737±6.261      |    221.666±0.335        234.848±11.282     |    232.379±0.632        227.767±7.121      |    225.445±0.163        243.311±6.328      |    241.145±0.079        293.350±9.093      |    289.800±2.128        515.580±5.652      |    515.803±0.205       1493.568±8.686      |   1492.316±0.612       5401.527±11.981     |   5390.550±0.710     
map(to: a)                            211.968±5.673      |    208.688±0.169        211.215±6.272      |    208.868±0.209        212.221±5.838      |    208.914±0.175        214.307±6.397      |    209.280±0.263        214.676±5.968      |    209.440±0.141        213.030±5.806      |    209.757±0.192        213.961±5.726      |    211.108±0.180        217.809±5.576      |    216.800±0.085        225.599±5.945      |    224.204±0.133        255.149±6.297      |    252.690±0.105        336.950±9.411      |    335.029±0.140        792.696±9.549      |    790.210±0.439       2616.946±10.110     |   2609.212±0.602     
map(from: a)                          213.453±5.851      |    210.816±0.177        213.142±7.868      |    210.999±0.222        209.530±4.669      |    210.844±0.159        212.444±5.933      |    210.845±0.150        214.793±5.102      |    213.261±0.302        216.597±7.162      |    213.656±0.116        214.361±6.087      |    214.950±0.286        214.423±6.003      |    213.957±0.093        222.665±6.165      |    221.554±0.157        253.771±6.336      |    252.063±0.199        342.374±6.012      |    341.727±0.111        825.398±4.343      |    825.135±0.238       2761.328±8.056      |   2758.211±0.624     
map(alloc: a)                         206.834±5.589      |    202.924±0.166        206.061±6.658      |    203.010±0.133        205.000±7.450      |    202.962±0.108        207.028±8.618      |    202.881±0.084        207.950±7.244      |    202.963±0.113        207.904±6.381      |    203.135±0.542        204.537±8.741      |    202.924±0.124        205.762±5.982      |    202.841±0.064        208.021±8.126      |    202.833±0.189        206.777±5.765      |    202.818±0.166        205.934±6.430      |    202.693±0.120        204.544±7.316      |    202.818±0.156        205.800±6.858      |    202.742±0.150     
==========================================
Finalizing benchmark.
Plotting M1to4_1to8096_20260521_164044 ...
/var/slurm/slurmd/job11160105/slurm_script: line 87: /cosma/home/do018/dc-tu2/microbenchmark/.venv/bin/python: No such file or directory

===== [M5] Method=5 N=16384 Delay=1,8096 =====
THREADS=64 TEAMS=304
Adjusted limits: MAX_ITER=19456 (default=6656, max threads*teams=19456, max N=16384), MAX_ARRAY_SIZE=65536 (default=65536)
========== Runtime Configuration ==========
Methods       : 5
Delay range   : [1, 8096]
Array size(s) : 16384
thread_count(s): 64
team_count(s) : 304
MAX_ITER      : 19456  (kernel workload)
MAX_ARRAY_SIZE: 65536  (mapping/memory space)
NUM_SAMPLES   : 20
OUTERREPS     : 1
WARMUP_ITERS  : 10
BENCHMARK_SETS: 2
BENCHMARK_RUNS: 5
==========================================
There are  1 available devices
Host device is 1
Initializing benchmark runtime environment...

========== Benchmark Execution ==========
Method/N                                                    16384
                                           BIC intercept | lowest
teams (scalar)                        269.000±1.123      |    273.371±1.321     
==========================================
Finalizing benchmark.
Plotting M5_1to8096_20260521_164044 ...
/var/slurm/slurmd/job11160105/slurm_script: line 87: /cosma/home/do018/dc-tu2/microbenchmark/.venv/bin/python: No such file or directory

===== [M6] Method=6 N=16384 Delay=1,8096 =====
THREADS=64 TEAMS=304
Adjusted limits: MAX_ITER=19456 (default=6656, max threads*teams=19456, max N=16384), MAX_ARRAY_SIZE=65536 (default=65536)
========== Runtime Configuration ==========
Methods       : 6
Delay range   : [1, 8096]
Array size(s) : 16384
thread_count(s): 64
team_count(s) : 304
MAX_ITER      : 19456  (kernel workload)
MAX_ARRAY_SIZE: 65536  (mapping/memory space)
NUM_SAMPLES   : 20
OUTERREPS     : 1
WARMUP_ITERS  : 10
BENCHMARK_SETS: 2
BENCHMARK_RUNS: 5
==========================================
There are  1 available devices
Host device is 1
Initializing benchmark runtime environment...

========== Benchmark Execution ==========
Method/N                                                    16384
                                           BIC intercept | lowest
teams distribute parallel for         307.935±11.597     |    299.106±3.729     
==========================================
Finalizing benchmark.
Plotting M6_1to8096_20260521_164044 ...
/var/slurm/slurmd/job11160105/slurm_script: line 87: /cosma/home/do018/dc-tu2/microbenchmark/.venv/bin/python: No such file or directory

===== [M7] Method=7 N=16384 Delay=1,8096 =====
THREADS=64 TEAMS=304
Adjusted limits: MAX_ITER=19456 (default=6656, max threads*teams=19456, max N=16384), MAX_ARRAY_SIZE=65536 (default=65536)
========== Runtime Configuration ==========
Methods       : 7
Delay range   : [1, 8096]
Array size(s) : 16384
thread_count(s): 64
team_count(s) : 304
MAX_ITER      : 19456  (kernel workload)
MAX_ARRAY_SIZE: 65536  (mapping/memory space)
NUM_SAMPLES   : 20
OUTERREPS     : 1
WARMUP_ITERS  : 10
BENCHMARK_SETS: 2
BENCHMARK_RUNS: 5
==========================================
There are  1 available devices
Host device is 1
Initializing benchmark runtime environment...

========== Benchmark Execution ==========
Method/N                                                    16384
                                           BIC intercept | lowest
nowait                                207.767±8.250      |    200.562±0.074     
==========================================
Finalizing benchmark.
Plotting M7_1to8096_20260521_164044 ...
/var/slurm/slurmd/job11160105/slurm_script: line 87: /cosma/home/do018/dc-tu2/microbenchmark/.venv/bin/python: No such file or directory

===== [M8to9] Method=8,9 N=1,2,4,8,16,32,64 Delay=1,8096 =====
THREADS=64 TEAMS=304
Adjusted limits: MAX_ITER=19456 (default=6656, max threads*teams=19456, max N=64), MAX_ARRAY_SIZE=65536 (default=65536)
========== Runtime Configuration ==========
Methods       : 8, 9
Delay range   : [1, 8096]
Array size(s) : 1, 2, 4, 8, 16, 32, 64
thread_count(s): 64
team_count(s) : 304
MAX_ITER      : 19456  (kernel workload)
MAX_ARRAY_SIZE: 65536  (mapping/memory space)
NUM_SAMPLES   : 20
OUTERREPS     : 1
WARMUP_ITERS  : 10
BENCHMARK_SETS: 2
BENCHMARK_RUNS: 5
==========================================
There are  1 available devices
Host device is 1
Initializing benchmark runtime environment...

========== Benchmark Execution ==========
Method/N                                                        1                             2                             4                             8                            16                            32                            64
                                           BIC intercept | lowest        BIC intercept | lowest        BIC intercept | lowest        BIC intercept | lowest        BIC intercept | lowest        BIC intercept | lowest        BIC intercept | lowest
teams atomic                          353.703±9.924      |    456.024±0.652        290.826±3.145      |    358.835±0.800        274.480±2.167      |    310.901±1.150        277.172±9.501      |    302.347±1.030        269.379±3.237      |    284.805±1.156        272.013±2.225      |    281.516±1.450        270.931±4.182      |    275.048±1.710     
[2026-05-21T20:40:50.034] error: *** JOB 11160105 ON ga007 CANCELLED AT 2026-05-21T20:40:50 DUE TO TIME LIMIT ***
[2026-05-21T20:40:50.035] error: *** STEP 11160105.5 ON ga007 CANCELLED AT 2026-05-21T20:40:50 DUE TO TIME LIMIT ***
